Archive member included because of file (symbol)

c:/program files/gnu tools arm embedded/4.8 2014q1/bin/../lib/gcc/arm-none-eabi/4.8.3/../../../../arm-none-eabi/lib/armv7-m\libg_s.a(lib_a-atoi.o)
                              ./src/Internet/FTPServer/ftpd.o (atoi)
c:/program files/gnu tools arm embedded/4.8 2014q1/bin/../lib/gcc/arm-none-eabi/4.8.3/../../../../arm-none-eabi/lib/armv7-m\libg_s.a(lib_a-ctype_.o)
                              ./src/Internet/FTPServer/ftpd.o (__ctype_ptr__)
c:/program files/gnu tools arm embedded/4.8 2014q1/bin/../lib/gcc/arm-none-eabi/4.8.3/../../../../arm-none-eabi/lib/armv7-m\libg_s.a(lib_a-errno.o)
                              ./system/src/newlib/_sbrk.o (__errno)
c:/program files/gnu tools arm embedded/4.8 2014q1/bin/../lib/gcc/arm-none-eabi/4.8.3/../../../../arm-none-eabi/lib/armv7-m\libg_s.a(lib_a-impure.o)
                              c:/program files/gnu tools arm embedded/4.8 2014q1/bin/../lib/gcc/arm-none-eabi/4.8.3/../../../../arm-none-eabi/lib/armv7-m\libg_s.a(lib_a-errno.o) (_impure_ptr)
c:/program files/gnu tools arm embedded/4.8 2014q1/bin/../lib/gcc/arm-none-eabi/4.8.3/../../../../arm-none-eabi/lib/armv7-m\libg_s.a(lib_a-isalpha.o)
                              ./src/ATcmd/atcmd.o (isalpha)
c:/program files/gnu tools arm embedded/4.8 2014q1/bin/../lib/gcc/arm-none-eabi/4.8.3/../../../../arm-none-eabi/lib/armv7-m\libg_s.a(lib_a-isdigit.o)
                              ./src/ATcmd/library/sockutil.o (isdigit)
c:/program files/gnu tools arm embedded/4.8 2014q1/bin/../lib/gcc/arm-none-eabi/4.8.3/../../../../arm-none-eabi/lib/armv7-m\libg_s.a(lib_a-isxdigit.o)
                              ./src/ATcmd/library/sockutil.o (isxdigit)
c:/program files/gnu tools arm embedded/4.8 2014q1/bin/../lib/gcc/arm-none-eabi/4.8.3/../../../../arm-none-eabi/lib/armv7-m\libg_s.a(lib_a-malloc.o)
                              ./src/ATcmd/atcmd.o (malloc)
c:/program files/gnu tools arm embedded/4.8 2014q1/bin/../lib/gcc/arm-none-eabi/4.8.3/../../../../arm-none-eabi/lib/armv7-m\libg_s.a(lib_a-memcmp.o)
                              ./src/Configuration/ConfigMessage.o (memcmp)
c:/program files/gnu tools arm embedded/4.8 2014q1/bin/../lib/gcc/arm-none-eabi/4.8.3/../../../../arm-none-eabi/lib/armv7-m\libg_s.a(lib_a-memcpy-stub.o)
                              ./src/PlatformHandler/ring_buffer.o (memcpy)
c:/program files/gnu tools arm embedded/4.8 2014q1/bin/../lib/gcc/arm-none-eabi/4.8.3/../../../../arm-none-eabi/lib/armv7-m\libg_s.a(lib_a-memset.o)
                              ./src/PlatformHandler/uartHandler.o (memset)
c:/program files/gnu tools arm embedded/4.8 2014q1/bin/../lib/gcc/arm-none-eabi/4.8.3/../../../../arm-none-eabi/lib/armv7-m\libg_s.a(lib_a-nano-freer.o)
                              c:/program files/gnu tools arm embedded/4.8 2014q1/bin/../lib/gcc/arm-none-eabi/4.8.3/../../../../arm-none-eabi/lib/armv7-m\libg_s.a(lib_a-malloc.o) (_free_r)
c:/program files/gnu tools arm embedded/4.8 2014q1/bin/../lib/gcc/arm-none-eabi/4.8.3/../../../../arm-none-eabi/lib/armv7-m\libg_s.a(lib_a-nano-mallocr.o)
                              c:/program files/gnu tools arm embedded/4.8 2014q1/bin/../lib/gcc/arm-none-eabi/4.8.3/../../../../arm-none-eabi/lib/armv7-m\libg_s.a(lib_a-malloc.o) (_malloc_r)
c:/program files/gnu tools arm embedded/4.8 2014q1/bin/../lib/gcc/arm-none-eabi/4.8.3/../../../../arm-none-eabi/lib/armv7-m\libg_s.a(lib_a-printf.o)
                              ./src/PlatformHandler/ring_buffer.o (printf)
c:/program files/gnu tools arm embedded/4.8 2014q1/bin/../lib/gcc/arm-none-eabi/4.8.3/../../../../arm-none-eabi/lib/armv7-m\libg_s.a(lib_a-puts.o)
                              ./src/util/boardutil.o (puts)
c:/program files/gnu tools arm embedded/4.8 2014q1/bin/../lib/gcc/arm-none-eabi/4.8.3/../../../../arm-none-eabi/lib/armv7-m\libg_s.a(lib_a-sbrkr.o)
                              c:/program files/gnu tools arm embedded/4.8 2014q1/bin/../lib/gcc/arm-none-eabi/4.8.3/../../../../arm-none-eabi/lib/armv7-m\libg_s.a(lib_a-nano-mallocr.o) (_sbrk_r)
c:/program files/gnu tools arm embedded/4.8 2014q1/bin/../lib/gcc/arm-none-eabi/4.8.3/../../../../arm-none-eabi/lib/armv7-m\libg_s.a(lib_a-sprintf.o)
                              ./src/netutil/netutil.o (sprintf)
c:/program files/gnu tools arm embedded/4.8 2014q1/bin/../lib/gcc/arm-none-eabi/4.8.3/../../../../arm-none-eabi/lib/armv7-m\libg_s.a(lib_a-strcat.o)
                              ./src/Internet/httpServer/httpParser.o (strcat)
c:/program files/gnu tools arm embedded/4.8 2014q1/bin/../lib/gcc/arm-none-eabi/4.8.3/../../../../arm-none-eabi/lib/armv7-m\libg_s.a(lib_a-strchr.o)
                              ./src/PlatformHandler/userHandler.o (strchr)
c:/program files/gnu tools arm embedded/4.8 2014q1/bin/../lib/gcc/arm-none-eabi/4.8.3/../../../../arm-none-eabi/lib/armv7-m\libg_s.a(lib_a-strcmp.o)
                              ./src/PlatformHandler/FatFs/ff.o (strcmp)
[...]
Memory Configuration

Name             Origin             Length             Attributes
RAM              0x20000000         0x00005000         xrw
CCMRAM           0x00000000         0x00000000         xrw
FLASH            0x08006000         0x0001a000         xr
FLASHB1          0x00000000         0x00000000         xr
EXTMEMB0         0x00000000         0x00000000         xr
EXTMEMB1         0x00000000         0x00000000         xr
EXTMEMB2         0x00000000         0x00000000         xr
EXTMEMB3         0x00000000         0x00000000         xr
MEMORY_ARRAY     0x00000000         0x00000000         xrw
*default*        0x00000000         0xffffffff

Linker script and memory map

LOAD ./system/src/stm32f1-stdperiph/misc.o
LOAD ./system/src/stm32f1-stdperiph/stm32f10x_adc.o
LOAD ./system/src/stm32f1-stdperiph/stm32f10x_dma.o
LOAD ./system/src/stm32f1-stdperiph/stm32f10x_exti.o
LOAD ./system/src/stm32f1-stdperiph/stm32f10x_flash.o
LOAD ./system/src/stm32f1-stdperiph/stm32f10x_gpio.o
LOAD ./system/src/stm32f1-stdperiph/stm32f10x_iwdg.o
LOAD ./system/src/stm32f1-stdperiph/stm32f10x_rcc.o
LOAD ./system/src/stm32f1-stdperiph/stm32f10x_spi.o
LOAD ./system/src/stm32f1-stdperiph/stm32f10x_tim.o
LOAD ./system/src/stm32f1-stdperiph/stm32f10x_usart.o
LOAD ./system/src/newlib/_cxx.o
LOAD ./system/src/newlib/_exit.o
LOAD ./system/src/newlib/_sbrk.o
LOAD ./system/src/newlib/_startup.o
LOAD ./system/src/newlib/_syscalls.o
LOAD ./system/src/newlib/_write.o
LOAD ./system/src/newlib/assert.o
LOAD ./system/src/diag/Trace.o
LOAD ./system/src/diag/trace_impl.o
LOAD ./system/src/cortexm/_initialize_hardware.o
LOAD ./system/src/cortexm/_reset_hardware.o
LOAD ./system/src/cortexm/exception_handlers.o
LOAD ./system/src/cmsis/system_stm32f10x.o
LOAD ./system/src/cmsis/vectors_stm32f10x.o
LOAD ./src/util/boardutil.o
LOAD ./src/util/diskio.o
LOAD ./src/util/mmc_sd.o
LOAD ./src/util/spi.o
LOAD ./src/netutil/netutil.o
LOAD ./src/callback/dhcp_cb.o
LOAD ./src/PlatformHandler/FatFs/ff.o
LOAD ./src/PlatformHandler/FatFs/ff_lfn_required.o
LOAD ./src/PlatformHandler/adcHandler.o
LOAD ./src/PlatformHandler/extiHandler.o
LOAD ./src/PlatformHandler/flashHandler.o
LOAD ./src/PlatformHandler/gpioHandler.o
LOAD ./src/PlatformHandler/mmcHandler.o
LOAD ./src/PlatformHandler/rccHandler.o
LOAD ./src/PlatformHandler/ring_buffer.o
LOAD ./src/PlatformHandler/spiHandler.o
LOAD ./src/PlatformHandler/storageHandler.o
LOAD ./src/PlatformHandler/timerHandler.o
LOAD ./src/PlatformHandler/uartHandler.o
LOAD ./src/PlatformHandler/userHandler.o
LOAD ./src/Internet/httpServer/dataflash.o
LOAD ./src/Internet/httpServer/httpParser.o
LOAD ./src/Internet/httpServer/httpServer.o
LOAD ./src/Internet/httpServer/httpUtil.o
LOAD ./src/Internet/FTPServer/ftpd.o
LOAD ./src/Internet/DHCP/dhcp.o
LOAD ./src/Ethernet/W5500/w5500.o
LOAD ./src/Ethernet/socket.o
LOAD ./src/Ethernet/wizchip_conf.o
LOAD ./src/Configuration/ConfigData.o
LOAD ./src/Configuration/ConfigMessage.o
LOAD ./src/ATcmd/library/sockutil.o
LOAD ./src/ATcmd/library/util.o
LOAD ./src/ATcmd/atcmd.o
LOAD ./src/ATcmd/cmdrun.o
LOAD ./src/main.o
LOAD ./src/stm32f10x_it.o
LOAD c:/program files/gnu tools arm embedded/4.8 2014q1/bin/../lib/gcc/arm-none-eabi/4.8.3/../../../../arm-none-eabi/lib/armv7-m\libstdc++_s.a
LOAD c:/program files/gnu tools arm embedded/4.8 2014q1/bin/../lib/gcc/arm-none-eabi/4.8.3/../../../../arm-none-eabi/lib/armv7-m\libm.a
START GROUP
LOAD c:/program files/gnu tools arm embedded/4.8 2014q1/bin/../lib/gcc/arm-none-eabi/4.8.3/armv7-m\libgcc.a
LOAD c:/program files/gnu tools arm embedded/4.8 2014q1/bin/../lib/gcc/arm-none-eabi/4.8.3/../../../../arm-none-eabi/lib/armv7-m\libg_s.a
LOAD c:/program files/gnu tools arm embedded/4.8 2014q1/bin/../lib/gcc/arm-none-eabi/4.8.3/../../../../arm-none-eabi/lib/armv7-m\libc_s.a
END GROUP
START GROUP
LOAD c:/program files/gnu tools arm embedded/4.8 2014q1/bin/../lib/gcc/arm-none-eabi/4.8.3/armv7-m\libgcc.a
LOAD c:/program files/gnu tools arm embedded/4.8 2014q1/bin/../lib/gcc/arm-none-eabi/4.8.3/../../../../arm-none-eabi/lib/armv7-m\libc_s.a
END GROUP
                0x20005000                __stack = (ORIGIN (RAM) + 0x5000)
                0x20005000                _estack = __stack
                0x00000800                __Main_Stack_Size = 0x800
                0x00000800                PROVIDE (_Main_Stack_Size, __Main_Stack_Size)
                0x20004800                __Main_Stack_Limit = (__stack - __Main_Stack_Size)
                0x20004800                PROVIDE (_Main_Stack_Limit, __Main_Stack_Limit)
                0x00000100                _Minimum_Stack_Size = 0x100
                0x20003ad0                PROVIDE (_Heap_Begin, _end_noinit)
                0x20004800                PROVIDE (_Heap_Limit, (__stack - __Main_Stack_Size))

.isr_vector     0x08006000      0x248
                0x08006000                . = ALIGN (0x4)
 *(.isr_vector)
 .isr_vector    0x08006000      0x10c ./system/src/cmsis/vectors_stm32f10x.o
                0x08006000                __isr_vectors
 *(.cfmconfig)
 *(.after_vectors .after_vectors.*)
 .after_vectors
                0x0800610c      0x10c ./system/src/newlib/_startup.o
                0x0800610c                _start
 .after_vectors
                0x08006218       0x2c ./system/src/cortexm/exception_handlers.o
                0x08006218                Reset_Handler
 .after_vectors
                0x08006244        0x4 ./system/src/cmsis/vectors_stm32f10x.o
                0x08006244                EXTI2_IRQHandler
                0x08006244                TIM8_TRG_COM_IRQHandler
                0x08006244                TIM8_CC_IRQHandler
                0x08006244                TIM1_CC_IRQHandler
                0x08006244                TIM6_IRQHandler
                0x08006244                PVD_IRQHandler
                0x08006244                SDIO_IRQHandler
                0x08006244                CAN2_RX1_IRQHandler
                0x08006244                EXTI3_IRQHandler
                0x08006244                TIM8_TRG_COM_TIM14_IRQHandler
                0x08006244                TIM1_UP_TIM10_IRQHandler
                0x08006244                TIM8_UP_TIM13_IRQHandler
                0x08006244                EXTI0_IRQHandler
                0x08006244                I2C2_EV_IRQHandler
                0x08006244                CAN1_RX0_IRQHandler
                0x08006244                TIM1_UP_TIM16_IRQHandler
                0x08006244                CAN2_SCE_IRQHandler
                0x08006244                ADC1_2_IRQHandler
                0x08006244                SPI1_IRQHandler
                0x08006244                TAMPER_IRQHandler
                0x08006244                TIM6_DAC_IRQHandler
                0x08006244                TIM1_BRK_TIM9_IRQHandler
                0x08006244                CAN2_RX0_IRQHandler
                0x08006244                TIM8_UP_IRQHandler
                0x08006244                DMA2_Channel2_IRQHandler
                0x08006244                DMA1_Channel4_IRQHandler
                0x08006244                USART3_IRQHandler
                0x08006244                RTC_IRQHandler
                0x08006244                DMA1_Channel7_IRQHandler
                0x08006244                CAN1_RX1_IRQHandler
                0x08006244                UART5_IRQHandler
                0x08006244                ADC3_IRQHandler
                0x08006244                TIM4_IRQHandler
                0x08006244                DMA2_Channel1_IRQHandler
                0x08006244                I2C1_EV_IRQHandler
                0x08006244                DMA1_Channel6_IRQHandler
                0x08006244                UART4_IRQHandler
                0x08006244                DMA2_Channel4_IRQHandler
                0x08006244                TIM3_IRQHandler
                0x08006244                RCC_IRQHandler
                0x08006244                TIM8_BRK_TIM12_IRQHandler
                0x08006244                TIM1_TRG_COM_IRQHandler
                0x08006244                DMA1_Channel1_IRQHandler
                0x08006244                Default_Handler
                0x08006244                CEC_IRQHandler
                0x08006244                EXTI15_10_IRQHandler
                0x08006244                TIM14_IRQHandler
                0x08006244                TIM13_IRQHandler
                0x08006244                TIM12_IRQHandler
                0x08006244                TIM7_IRQHandler
                0x08006244                CAN2_TX_IRQHandler
                0x08006244                TIM5_IRQHandler
                0x08006244                EXTI9_5_IRQHandler
                0x08006244                ETH_WKUP_IRQHandler
                0x08006244                SPI2_IRQHandler
                0x08006244                CAN1_TX_IRQHandler
                0x08006244                DMA2_Channel5_IRQHandler
                0x08006244                DMA1_Channel5_IRQHandler
                0x08006244                EXTI4_IRQHandler
                0x08006244                USB_LP_CAN1_RX0_IRQHandler
                0x08006244                TIM1_TRG_COM_TIM17_IRQHandler
                0x08006244                USB_HP_CAN1_TX_IRQHandler
                0x08006244                DMA1_Channel3_IRQHandler
                0x08006244                FSMC_IRQHandler
                0x08006244                ETH_IRQHandler
                0x08006244                TIM1_UP_IRQHandler
                0x08006244                WWDG_IRQHandler
                0x08006244                OTG_FS_WKUP_IRQHandler
                0x08006244                TIM1_TRG_COM_TIM11_IRQHandler
                0x08006244                TIM1_BRK_IRQHandler
                0x08006244                EXTI1_IRQHandler
                0x08006244                RTCAlarm_IRQHandler
                0x08006244                DMA2_Channel4_5_IRQHandler
                0x08006244                I2C2_ER_IRQHandler
                0x08006244                DMA1_Channel2_IRQHandler
                0x08006244                TIM8_BRK_IRQHandler
                0x08006244                CAN1_SCE_IRQHandler
                0x08006244                FLASH_IRQHandler
                0x08006244                OTG_FS_IRQHandler
                0x08006244                SPI3_IRQHandler
                0x08006244                I2C1_ER_IRQHandler
                0x08006244                USBWakeUp_IRQHandler
                0x08006244                DMA2_Channel3_IRQHandler
                0x08006244                TIM1_BRK_TIM15_IRQHandler
                0x08006248                . = ALIGN (0x4)

.inits          0x08006248        0x0
                0x08006248                . = ALIGN (0x4)
 *(.init)
 *(.fini)
                0x08006248                . = ALIGN (0x4)
                0x08006248                PROVIDE (__preinit_array_start, .)
 *(.preinit_array_sysinit .preinit_array_sysinit.*)
 *(.preinit_array_platform .preinit_array_platform.*)
 *(.preinit_array .preinit_array.*)
                0x08006248                PROVIDE (__preinit_array_end, .)
                0x08006248                . = ALIGN (0x4)
                0x08006248                PROVIDE (__init_array_start, .)
 *(SORT(.init_array.*))
 *(.init_array)
                0x08006248                PROVIDE (__init_array_end, .)
                0x08006248                . = ALIGN (0x4)
                0x08006248                PROVIDE (__fini_array_start, .)
 *(SORT(.fini_array.*))
 *(.fini_array)
                0x08006248                PROVIDE (__fini_array_end, .)
                0x08006248                . = ALIGN (0x4)

.flashtext      0x08006248        0x0
                0x08006248                . = ALIGN (0x4)
 *(.flashtext .flashtext.*)
                0x08006248                . = ALIGN (0x4)

.text           0x08006248    0x12c28
                0x08006248                . = ALIGN (0x4)
 *(.text .text.*)
 .text.NVIC_PriorityGroupConfig
                0x08006248       0x40 ./system/src/stm32f1-stdperiph/misc.o
                0x08006248                NVIC_PriorityGroupConfig
 .text.NVIC_Init
                0x08006288       0x98 ./system/src/stm32f1-stdperiph/misc.o
                0x08006288                NVIC_Init
 .text.NVIC_SetVectorTable
                0x08006320       0x44 ./system/src/stm32f1-stdperiph/misc.o
                0x08006320                NVIC_SetVectorTable
 .text.SysTick_CLKSourceConfig
                0x08006364       0x34 ./system/src/stm32f1-stdperiph/misc.o
                0x08006364                SysTick_CLKSourceConfig
 .text.ADC_Init
                0x08006398      0x148 ./system/src/stm32f1-stdperiph/stm32f10x_adc.o
                0x08006398                ADC_Init
 .text.ADC_Cmd  0x080064e0       0x54 ./system/src/stm32f1-stdperiph/stm32f10x_adc.o
                0x080064e0                ADC_Cmd
 .text.ADC_DMACmd
                0x08006534       0x4c ./system/src/stm32f1-stdperiph/stm32f10x_adc.o
                0x08006534                ADC_DMACmd
 .text.ADC_ResetCalibration
                0x08006580       0x38 ./system/src/stm32f1-stdperiph/stm32f10x_adc.o
                0x08006580                ADC_ResetCalibration
 .text.ADC_GetResetCalibrationStatus
                0x080065b8       0x3c ./system/src/stm32f1-stdperiph/stm32f10x_adc.o
                0x080065b8                ADC_GetResetCalibrationStatus
 .text.ADC_StartCalibration
                0x080065f4       0x38 ./system/src/stm32f1-stdperiph/stm32f10x_adc.o
                0x080065f4                ADC_StartCalibration
 .text.ADC_GetCalibrationStatus
                0x0800662c       0x3c ./system/src/stm32f1-stdperiph/stm32f10x_adc.o
                0x0800662c                ADC_GetCalibrationStatus
 .text.ADC_SoftwareStartConvCmd
                0x08006668       0x54 ./system/src/stm32f1-stdperiph/stm32f10x_adc.o
                0x08006668                ADC_SoftwareStartConvCmd
 .text.ADC_RegularChannelConfig
                0x080066bc       0xf0 ./system/src/stm32f1-stdperiph/stm32f10x_adc.o
                0x080066bc                ADC_RegularChannelConfig
 .text.DMA_DeInit
                0x080067ac      0x178 ./system/src/stm32f1-stdperiph/stm32f10x_dma.o
                0x080067ac                DMA_DeInit
 .text.DMA_Init
                0x08006924      0x150 ./system/src/stm32f1-stdperiph/stm32f10x_dma.o
                0x08006924                DMA_Init
 .text.DMA_Cmd  0x08006a74       0x8c ./system/src/stm32f1-stdperiph/stm32f10x_dma.o
                0x08006a74                DMA_Cmd
 .text.DMA_GetFlagStatus
                0x08006b00      0x16c ./system/src/stm32f1-stdperiph/stm32f10x_dma.o
                0x08006b00                DMA_GetFlagStatus
 .text.FLASH_SetLatency
                0x08006c6c       0x28 ./system/src/stm32f1-stdperiph/stm32f10x_flash.o
                0x08006c6c                FLASH_SetLatency
 .text.FLASH_PrefetchBufferCmd
                0x08006c94       0x30 ./system/src/stm32f1-stdperiph/stm32f10x_flash.o
                0x08006c94                FLASH_PrefetchBufferCmd
 .text.FLASH_Unlock
                0x08006cc4       0x18 ./system/src/stm32f1-stdperiph/stm32f10x_flash.o
                0x08006cc4                FLASH_Unlock
 .text.FLASH_Lock
                0x08006cdc       0x10 ./system/src/stm32f1-stdperiph/stm32f10x_flash.o
                0x08006cdc                FLASH_Lock
 .text.FLASH_ClearFlag
                0x08006cec       0x24 ./system/src/stm32f1-stdperiph/stm32f10x_flash.o
                0x08006cec                FLASH_ClearFlag
 .text.FLASH_GetBank1Status
                0x08006d10       0x34 ./system/src/stm32f1-stdperiph/stm32f10x_flash.o
                0x08006d10                FLASH_GetBank1Status
 .text.FLASH_WaitForLastOperation
                0x08006d44       0x20 ./system/src/stm32f1-stdperiph/stm32f10x_flash.o
                0x08006d44                FLASH_WaitForLastOperation
 .text.FLASH_ErasePage
                0x08006d64       0x5c ./system/src/stm32f1-stdperiph/stm32f10x_flash.o
                0x08006d64                FLASH_ErasePage
 .text.FLASH_ProgramWord
                0x08006dc0       0x88 ./system/src/stm32f1-stdperiph/stm32f10x_flash.o
                0x08006dc0                FLASH_ProgramWord
 .text.GPIO_Init
                0x08006e48      0x138 ./system/src/stm32f1-stdperiph/stm32f10x_gpio.o
                0x08006e48                GPIO_Init
 .text.GPIO_ReadInputDataBit
                0x08006f80       0xb8 ./system/src/stm32f1-stdperiph/stm32f10x_gpio.o
                0x08006f80                GPIO_ReadInputDataBit
 .text.GPIO_ReadOutputDataBit
                0x08007038       0xb8 ./system/src/stm32f1-stdperiph/stm32f10x_gpio.o
                0x08007038                GPIO_ReadOutputDataBit
 .text.GPIO_SetBits
                0x080070f0       0x60 ./system/src/stm32f1-stdperiph/stm32f10x_gpio.o
                0x080070f0                GPIO_SetBits
 .text.GPIO_ResetBits
                0x08007150       0x60 ./system/src/stm32f1-stdperiph/stm32f10x_gpio.o
                0x08007150                GPIO_ResetBits
 .text.GPIO_PinRemapConfig
                0x080071b0      0x1cc ./system/src/stm32f1-stdperiph/stm32f10x_gpio.o
                0x080071b0                GPIO_PinRemapConfig
 .text.IWDG_WriteAccessCmd
                0x0800737c       0x24 ./system/src/stm32f1-stdperiph/stm32f10x_iwdg.o
                0x0800737c                IWDG_WriteAccessCmd
 .text.IWDG_SetPrescaler
                0x080073a0       0x20 ./system/src/stm32f1-stdperiph/stm32f10x_iwdg.o
                0x080073a0                IWDG_SetPrescaler
 .text.IWDG_SetReload
                0x080073c0       0x20 ./system/src/stm32f1-stdperiph/stm32f10x_iwdg.o
                0x080073c0                IWDG_SetReload
 .text.IWDG_ReloadCounter
                0x080073e0       0x10 ./system/src/stm32f1-stdperiph/stm32f10x_iwdg.o
                0x080073e0                IWDG_ReloadCounter
 .text.IWDG_Enable
                0x080073f0       0x10 ./system/src/stm32f1-stdperiph/stm32f10x_iwdg.o
                0x080073f0                IWDG_Enable
 .text.RCC_DeInit
                0x08007400       0x40 ./system/src/stm32f1-stdperiph/stm32f10x_rcc.o
                0x08007400                RCC_DeInit
 .text.RCC_HSEConfig
                0x08007440       0x5c ./system/src/stm32f1-stdperiph/stm32f10x_rcc.o
                0x08007440                RCC_HSEConfig
 .text.RCC_PLLConfig
                0x0800749c       0x98 ./system/src/stm32f1-stdperiph/stm32f10x_rcc.o
                0x0800749c                RCC_PLLConfig
 .text.RCC_PLLCmd
                0x08007534       0x20 ./system/src/stm32f1-stdperiph/stm32f10x_rcc.o
                0x08007534                RCC_PLLCmd
 .text.RCC_SYSCLKConfig
                0x08007554       0x28 ./system/src/stm32f1-stdperiph/stm32f10x_rcc.o
                0x08007554                RCC_SYSCLKConfig
 .text.RCC_GetSYSCLKSource
                0x0800757c       0x10 ./system/src/stm32f1-stdperiph/stm32f10x_rcc.o
                0x0800757c                RCC_GetSYSCLKSource
 .text.RCC_HCLKConfig
                0x0800758c       0x48 ./system/src/stm32f1-stdperiph/stm32f10x_rcc.o
                0x0800758c                RCC_HCLKConfig
 .text.RCC_PCLK1Config
                0x080075d4       0x40 ./system/src/stm32f1-stdperiph/stm32f10x_rcc.o
                0x080075d4                RCC_PCLK1Config
 .text.RCC_PCLK2Config
                0x08007614       0x40 ./system/src/stm32f1-stdperiph/stm32f10x_rcc.o
                0x08007614                RCC_PCLK2Config
 .text.RCC_GetClocksFreq
                0x08007654       0xc0 ./system/src/stm32f1-stdperiph/stm32f10x_rcc.o
                0x08007654                RCC_GetClocksFreq
 .text.RCC_AHBPeriphClockCmd
                0x08007714       0x4c ./system/src/stm32f1-stdperiph/stm32f10x_rcc.o
                0x08007714                RCC_AHBPeriphClockCmd
 .text.RCC_APB2PeriphClockCmd
                0x08007760       0x4c ./system/src/stm32f1-stdperiph/stm32f10x_rcc.o
                0x08007760                RCC_APB2PeriphClockCmd
 .text.RCC_APB1PeriphClockCmd
                0x080077ac       0x4c ./system/src/stm32f1-stdperiph/stm32f10x_rcc.o
                0x080077ac                RCC_APB1PeriphClockCmd
 .text.RCC_GetFlagStatus
                0x080077f8       0x64 ./system/src/stm32f1-stdperiph/stm32f10x_rcc.o
                0x080077f8                RCC_GetFlagStatus
 .text.RCC_WaitForHSEStartUp
                0x0800785c       0x34 ./system/src/stm32f1-stdperiph/stm32f10x_rcc.o
                0x0800785c                RCC_WaitForHSEStartUp
 .text.RCC_ClearFlag
                0x08007890       0x10 ./system/src/stm32f1-stdperiph/stm32f10x_rcc.o
                0x08007890                RCC_ClearFlag
 .text.SPI_Init
                0x080078a0      0x12c ./system/src/stm32f1-stdperiph/stm32f10x_spi.o
                0x080078a0                SPI_Init
 .text.SPI_Cmd  0x080079cc       0x58 ./system/src/stm32f1-stdperiph/stm32f10x_spi.o
                0x080079cc                SPI_Cmd
 .text.SPI_I2S_DMACmd
                0x08007a24       0x6c ./system/src/stm32f1-stdperiph/stm32f10x_spi.o
                0x08007a24                SPI_I2S_DMACmd
 .text.SPI_I2S_SendData
                0x08007a90       0x34 ./system/src/stm32f1-stdperiph/stm32f10x_spi.o
                0x08007a90                SPI_I2S_SendData
 .text.SPI_I2S_ReceiveData
                0x08007ac4       0x34 ./system/src/stm32f1-stdperiph/stm32f10x_spi.o
                0x08007ac4                SPI_I2S_ReceiveData
 .text.SPI_I2S_GetFlagStatus
                0x08007af8       0x68 ./system/src/stm32f1-stdperiph/stm32f10x_spi.o
                0x08007af8                SPI_I2S_GetFlagStatus
 .text.TIM_TimeBaseInit
                0x08007b60      0x15c ./system/src/stm32f1-stdperiph/stm32f10x_tim.o
                0x08007b60                TIM_TimeBaseInit
 .text.TIM_Cmd  0x08007cbc       0xc8 ./system/src/stm32f1-stdperiph/stm32f10x_tim.o
                0x08007cbc                TIM_Cmd
 .text.TIM_ITConfig
                0x08007d84       0xd8 ./system/src/stm32f1-stdperiph/stm32f10x_tim.o
                0x08007d84                TIM_ITConfig
 .text.TIM_PrescalerConfig
                0x08007e5c       0xb4 ./system/src/stm32f1-stdperiph/stm32f10x_tim.o
                0x08007e5c                TIM_PrescalerConfig
 .text.TIM_ClearFlag
                0x08007f10       0xb8 ./system/src/stm32f1-stdperiph/stm32f10x_tim.o
                0x08007f10                TIM_ClearFlag
 .text.TIM_GetITStatus
                0x08007fc8       0xdc ./system/src/stm32f1-stdperiph/stm32f10x_tim.o
                0x08007fc8                TIM_GetITStatus
 .text.TIM_ClearITPendingBit
                0x080080a4       0xb8 ./system/src/stm32f1-stdperiph/stm32f10x_tim.o
                0x080080a4                TIM_ClearITPendingBit
 .text.USART_Init
                0x0800815c      0x1ac ./system/src/stm32f1-stdperiph/stm32f10x_usart.o
                0x0800815c                USART_Init
 .text.USART_ClockInit
                0x08008308       0x9c ./system/src/stm32f1-stdperiph/stm32f10x_usart.o
                0x08008308                USART_ClockInit
 .text.USART_Cmd
                0x080083a4       0x68 ./system/src/stm32f1-stdperiph/stm32f10x_usart.o
                0x080083a4                USART_Cmd
 .text.USART_ITConfig
                0x0800840c       0xec ./system/src/stm32f1-stdperiph/stm32f10x_usart.o
                0x0800840c                USART_ITConfig
 .text.USART_SendData
                0x080084f8       0x58 ./system/src/stm32f1-stdperiph/stm32f10x_usart.o
                0x080084f8                USART_SendData
 .text.USART_ReceiveData
                0x08008550       0x44 ./system/src/stm32f1-stdperiph/stm32f10x_usart.o
                0x08008550                USART_ReceiveData
 .text.USART_GetFlagStatus
                0x08008594       0xa8 ./system/src/stm32f1-stdperiph/stm32f10x_usart.o
                0x08008594                USART_GetFlagStatus
 .text.USART_GetITStatus
                0x0800863c       0xf8 ./system/src/stm32f1-stdperiph/stm32f10x_usart.o
                0x0800863c                USART_GetITStatus
 .text.USART_ClearITPendingBit
                0x08008734       0xa0 ./system/src/stm32f1-stdperiph/stm32f10x_usart.o
                0x08008734                USART_ClearITPendingBit
 .text._exit    0x080087d4        0x4 ./system/src/newlib/_exit.o
                0x080087d4                _exit
 .text.abort    0x080087d8       0x14 ./system/src/newlib/_exit.o
                0x080087d8                abort
 .text._sbrk    0x080087ec       0x44 ./system/src/newlib/_sbrk.o
                0x080087ec                _sbrk
 .text.__initialize_args
                0x08008830       0x10 ./system/src/newlib/_syscalls.o
                0x08008830                __initialize_args
 .text._close   0x08008840       0x10 ./system/src/newlib/_syscalls.o
                0x08008840                _close
 .text._fstat   0x08008850       0x10 ./system/src/newlib/_syscalls.o
                0x08008850                _fstat
 .text._isatty  0x08008860       0x10 ./system/src/newlib/_syscalls.o
                0x08008860                _isatty
 .text._lseek   0x08008870       0x10 ./system/src/newlib/_syscalls.o
                0x08008870                _lseek
 .text.assert_failed
                0x08008880       0x18 ./system/src/newlib/assert.o
                0x08008880                assert_failed
 .text.trace_printf
                0x08008898       0x34 ./system/src/diag/Trace.o
                0x08008898                trace_printf
 .text.trace_puts
                0x080088cc       0x20 ./system/src/diag/Trace.o
                0x080088cc                trace_puts
 .text._trace_write_itm
                0x080088ec       0x3c ./system/src/diag/trace_impl.o
 .text.trace_write
                0x08008928        0x8 ./system/src/diag/trace_impl.o
                0x08008928                trace_write
 .text.__initialize_hardware
                0x08008930        0x8 ./system/src/cortexm/_initialize_hardware.o
                0x08008930                __initialize_hardware
 .text.SetSysClockTo72
                0x08008938       0xc4 ./system/src/cmsis/system_stm32f10x.o
 .text.SetSysClock
                0x080089fc        0x8 ./system/src/cmsis/system_stm32f10x.o
 .text.SystemInit
                0x08008a04       0x50 ./system/src/cmsis/system_stm32f10x.o
                0x08008a04                SystemInit
 .text.NVIC_Configuration
                0x08008a54       0x1c ./src/util/boardutil.o
                0x08008a54                NVIC_Configuration
 .text.IWDG_Configureation
                0x08008a70       0x2c ./src/util/boardutil.o
                0x08008a70                IWDG_Configureation
 .text.LED_Init
                0x08008a9c       0x44 ./src/util/boardutil.o
                0x08008a9c                LED_Init
 .text.LED_On   0x08008ae0       0x20 ./src/util/boardutil.o
                0x08008ae0                LED_On
 .text.LED_Off  0x08008b00       0x20 ./src/util/boardutil.o
                0x08008b00                LED_Off
 .text.get_LED_Status
                0x08008b20       0x20 ./src/util/boardutil.o
                0x08008b20                get_LED_Status
 .text.Delay    0x08008b40       0x18 ./src/util/boardutil.o
                0x08008b40                Delay
 .text.delay_us
                0x08008b58       0x60 ./src/util/boardutil.o
                0x08008b58                delay_us
 .text.delay_ms
                0x08008bb8       0x10 ./src/util/boardutil.o
                0x08008bb8                delay_ms
 .text.check_spiflash_flag
                0x08008bc8       0x2c ./src/util/boardutil.o
                0x08008bc8                check_spiflash_flag
 .text.save_spiflash_flag
                0x08008bf4       0x1c ./src/util/boardutil.o
                0x08008bf4                save_spiflash_flag
 .text.release_spiflash_flag
                0x08008c10       0x1c ./src/util/boardutil.o
                0x08008c10                release_spiflash_flag
 .text.sflash_run
                0x08008c2c       0x4c ./src/util/boardutil.o
                0x08008c2c                sflash_run
 .text.disk_initialize
                0x08008c78        0x4 ./src/util/diskio.o
                0x08008c78                disk_initialize
 .text.disk_status
                0x08008c7c        0x4 ./src/util/diskio.o
                0x08008c7c                disk_status
 .text.disk_read
                0x08008c80       0x38 ./src/util/diskio.o
                0x08008c80                disk_read
 .text.disk_write
                0x08008cb8       0x4c ./src/util/diskio.o
                0x08008cb8                disk_write
 .text.disk_ioctl
                0x08008d04       0x88 ./src/util/diskio.o
                0x08008d04                disk_ioctl
 .text.get_fattime
                0x08008d8c       0x4c ./src/util/diskio.o
                0x08008d8c                get_fattime
 .text.bsp_sd_gpio_init
                0x08008dd8       0x2c ./src/util/mmc_sd.o
                0x08008dd8                bsp_sd_gpio_init
 .text.SD_GetResponse
                0x08008e04       0x28 ./src/util/mmc_sd.o
                0x08008e04                SD_GetResponse
 .text.SD_WaitDataReady
                0x08008e2c       0x5c ./src/util/mmc_sd.o
                0x08008e2c                SD_WaitDataReady
 .text.SD_SendCommand
                0x08008e88       0x8c ./src/util/mmc_sd.o
                0x08008e88                SD_SendCommand
 .text.SD_SendCommand_NoDeassert
                0x08008f14       0x68 ./src/util/mmc_sd.o
                0x08008f14                SD_SendCommand_NoDeassert
 .text.SD_Idle_Sta
                0x08008f7c       0x4c ./src/util/mmc_sd.o
                0x08008f7c                SD_Idle_Sta
 .text.SD_Init  0x08008fc8      0x1e8 ./src/util/mmc_sd.o
                0x08008fc8                SD_Init
 .text.SD_ReceiveData
                0x080091b0       0x74 ./src/util/mmc_sd.o
                0x080091b0                SD_ReceiveData
 .text.SD_GetCSD
                0x08009224       0x20 ./src/util/mmc_sd.o
                0x08009224                SD_GetCSD
 .text.SD_GetCapacity
                0x08009244       0x94 ./src/util/mmc_sd.o
                0x08009244                SD_GetCapacity
 .text.SD_ReadSingleBlock
                0x080092d8       0x30 ./src/util/mmc_sd.o
                0x080092d8                SD_ReadSingleBlock
 .text.SD_WriteSingleBlock
                0x08009308       0xc8 ./src/util/mmc_sd.o
                0x08009308                SD_WriteSingleBlock
 .text.SD_ReadMultiBlock
                0x080093d0       0x64 ./src/util/mmc_sd.o
                0x080093d0                SD_ReadMultiBlock
 .text.SD_WriteMultiBlock
                0x08009434       0xfc ./src/util/mmc_sd.o
                0x08009434                SD_WriteMultiBlock
 .text.SD_WaitReady
                0x08009530       0x14 ./src/util/mmc_sd.o
                0x08009530                SD_WaitReady
 .text.bsp_set_spi2_speed
                0x08009544       0x70 ./src/util/spi.o
                0x08009544                bsp_set_spi2_speed
 .text.bsp_readwritebyte_spi2
                0x080095b4       0x60 ./src/util/spi.o
                0x080095b4                bsp_readwritebyte_spi2
 .text.w5500_dhcp_assign
                0x08009614       0x90 ./src/callback/dhcp_cb.o
                0x08009614                w5500_dhcp_assign
 .text.w5500_dhcp_conflict
                0x080096a4        0x4 ./src/callback/dhcp_cb.o
                0x080096a4                w5500_dhcp_conflict
 .text.mem_cpy  0x080096a8       0x14 ./src/PlatformHandler/FatFs/ff.o
 .text.mem_set  0x080096bc       0x14 ./src/PlatformHandler/FatFs/ff.o
 .text.mem_cmp  0x080096d0       0x24 ./src/PlatformHandler/FatFs/ff.o
 .text.chk_chr  0x080096f4       0x14 ./src/PlatformHandler/FatFs/ff.o
 .text.ld_clust
                0x08009708       0x20 ./src/PlatformHandler/FatFs/ff.o
 .text.st_clust
                0x08009728       0x14 ./src/PlatformHandler/FatFs/ff.o
 .text.fit_lfn  0x0800973c       0x6c ./src/PlatformHandler/FatFs/ff.o
 .text.gen_numname
                0x080097a8       0xb8 ./src/PlatformHandler/FatFs/ff.o
 .text.sum_sfn  0x08009860       0x1c ./src/PlatformHandler/FatFs/ff.o
 .text.get_ldnumber
                0x0800987c       0x5c ./src/PlatformHandler/FatFs/ff.o
 .text.sync_window
                0x080098d8       0x64 ./src/PlatformHandler/FatFs/ff.o
 .text.move_window
                0x0800993c       0x38 ./src/PlatformHandler/FatFs/ff.o
 .text.check_fs
                0x08009974       0x80 ./src/PlatformHandler/FatFs/ff.o
 .text.validate
                0x080099f4       0x38 ./src/PlatformHandler/FatFs/ff.o
 .text.find_volume
                0x08009a2c      0x3a4 ./src/PlatformHandler/FatFs/ff.o
 .text.create_name
                0x08009dd0      0x280 ./src/PlatformHandler/FatFs/ff.o
 .text.cmp_lfn  0x0800a050       0x98 ./src/PlatformHandler/FatFs/ff.o
 .text.sync_fs  0x0800a0e8       0xc0 ./src/PlatformHandler/FatFs/ff.o
 .text.clust2sect
                0x0800a1a8       0x18 ./src/PlatformHandler/FatFs/ff.o
                0x0800a1a8                clust2sect
 .text.get_fat  0x0800a1c0       0xe4 ./src/PlatformHandler/FatFs/ff.o
                0x0800a1c0                get_fat
 .text.dir_sdi  0x0800a2a4       0x94 ./src/PlatformHandler/FatFs/ff.o
 .text.put_fat  0x0800a338      0x118 ./src/PlatformHandler/FatFs/ff.o
                0x0800a338                put_fat
 .text.create_chain
                0x0800a450       0xc4 ./src/PlatformHandler/FatFs/ff.o
 .text.dir_next
                0x0800a514      0x124 ./src/PlatformHandler/FatFs/ff.o
 .text.dir_find
                0x0800a638       0xd8 ./src/PlatformHandler/FatFs/ff.o
 .text.follow_path
                0x0800a710       0x84 ./src/PlatformHandler/FatFs/ff.o
 .text.dir_alloc
                0x0800a794       0x54 ./src/PlatformHandler/FatFs/ff.o
 .text.dir_register
                0x0800a7e8      0x124 ./src/PlatformHandler/FatFs/ff.o
 .text.remove_chain
                0x0800a90c       0x70 ./src/PlatformHandler/FatFs/ff.o
 .text.f_mount  0x0800a97c       0x58 ./src/PlatformHandler/FatFs/ff.o
                0x0800a97c                f_mount
 .text.f_open   0x0800a9d4      0x168 ./src/PlatformHandler/FatFs/ff.o
                0x0800a9d4                f_open
 .text.f_read   0x0800ab3c      0x174 ./src/PlatformHandler/FatFs/ff.o
                0x0800ab3c                f_read
 .text.f_sync   0x0800acb0       0xa4 ./src/PlatformHandler/FatFs/ff.o
                0x0800acb0                f_sync
 .text.f_close  0x0800ad54       0x20 ./src/PlatformHandler/FatFs/ff.o
                0x0800ad54                f_close
 .text.f_lseek  0x0800ad74      0x160 ./src/PlatformHandler/FatFs/ff.o
                0x0800ad74                f_lseek
 .text.f_getfree
                0x0800aed4       0xec ./src/PlatformHandler/FatFs/ff.o
                0x0800aed4                f_getfree
 .text.f_mkfs   0x0800afc0      0x6ec ./src/PlatformHandler/FatFs/ff.o
                0x0800afc0                f_mkfs
 .text.ff_convert
                0x0800b6ac       0x38 ./src/PlatformHandler/FatFs/ff_lfn_required.o
                0x0800b6ac                ff_convert
 .text.ff_wtoupper
                0x0800b6e4       0x10 ./src/PlatformHandler/FatFs/ff_lfn_required.o
                0x0800b6e4                ff_wtoupper
 .text.adc_dmamulti_init
                0x0800b6f4      0x114 ./src/PlatformHandler/adcHandler.o
                0x0800b6f4                adc_dmamulti_init
 .text.erase_flash_page
                0x0800b808       0x2c ./src/PlatformHandler/flashHandler.o
                0x0800b808                erase_flash_page
 .text.write_flash
                0x0800b834       0x50 ./src/PlatformHandler/flashHandler.o
                0x0800b834                write_flash
 .text.read_flash
                0x0800b884       0x18 ./src/PlatformHandler/flashHandler.o
                0x0800b884                read_flash
 .text.probe_flash
                0x0800b89c       0x78 ./src/PlatformHandler/flashHandler.o
                0x0800b89c                probe_flash
 .text.IO_Init  0x0800b914       0x54 ./src/PlatformHandler/gpioHandler.o
                0x0800b914                IO_Init
 .text.IO_On    0x0800b968       0x2c ./src/PlatformHandler/gpioHandler.o
                0x0800b968                IO_On
 .text.IO_Off   0x0800b994       0x2c ./src/PlatformHandler/gpioHandler.o
                0x0800b994                IO_Off
 .text.get_IO_Status
                0x0800b9c0       0x48 ./src/PlatformHandler/gpioHandler.o
                0x0800b9c0                get_IO_Status
 .text.getMountedMemorySize
                0x0800ba08       0x58 ./src/PlatformHandler/mmcHandler.o
                0x0800ba08                getMountedMemorySize
 .text.mmc_mount
                0x0800ba60       0x40 ./src/PlatformHandler/mmcHandler.o
                0x0800ba60                mmc_mount
 .text.flash_mount
                0x0800baa0       0x50 ./src/PlatformHandler/mmcHandler.o
                0x0800baa0                flash_mount
 .text.RCC_Configuration
                0x0800baf0       0x7c ./src/PlatformHandler/rccHandler.o
                0x0800baf0                RCC_Configuration
 .text.RingBuffer_Init
                0x0800bb6c       0x10 ./src/PlatformHandler/ring_buffer.o
                0x0800bb6c                RingBuffer_Init
 .text.RingBuffer_Insert
                0x0800bb7c       0x34 ./src/PlatformHandler/ring_buffer.o
                0x0800bb7c                RingBuffer_Insert
 .text.RingBuffer_InsertMult
                0x0800bbb0       0x98 ./src/PlatformHandler/ring_buffer.o
                0x0800bbb0                RingBuffer_InsertMult
 .text.RingBuffer_Pop
                0x0800bc48       0x30 ./src/PlatformHandler/ring_buffer.o
                0x0800bc48                RingBuffer_Pop
 .text.RingBuffer_PopMult
                0x0800bc78       0x78 ./src/PlatformHandler/ring_buffer.o
                0x0800bc78                RingBuffer_PopMult
 .text.wizchip_select
                0x0800bcf0       0x14 ./src/PlatformHandler/spiHandler.o
 .text.wizchip_deselect
                0x0800bd04       0x14 ./src/PlatformHandler/spiHandler.o
 .text.wizchip_rw
                0x0800bd18       0x3c ./src/PlatformHandler/spiHandler.o
 .text.wizchip_write
                0x0800bd54        0x8 ./src/PlatformHandler/spiHandler.o
                0x0800bd54                wizchip_write
 .text.wizchip_read
                0x0800bd5c        0xc ./src/PlatformHandler/spiHandler.o
                0x0800bd5c                wizchip_read
 .text.stm32_wizchip_dma_transfer
                0x0800bd68       0xd8 ./src/PlatformHandler/spiHandler.o
 .text.wizchip_readburst
                0x0800be40       0x10 ./src/PlatformHandler/spiHandler.o
                0x0800be40                wizchip_readburst
 .text.wizchip_writeburst
                0x0800be50       0x10 ./src/PlatformHandler/spiHandler.o
                0x0800be50                wizchip_writeburst
 .text.W5500_SPI_LowLevel_Init
                0x0800be60       0xd0 ./src/PlatformHandler/spiHandler.o
                0x0800be60                W5500_SPI_LowLevel_Init
 .text.W5500_Init
                0x0800bf30       0x7c ./src/PlatformHandler/spiHandler.o
                0x0800bf30                W5500_Init
 .text.read_storage
                0x0800bfac       0x1c ./src/PlatformHandler/storageHandler.o
                0x0800bfac                read_storage
 .text.write_storage
                0x0800bfc8       0x2c ./src/PlatformHandler/storageHandler.o
                0x0800bfc8                write_storage
 .text.TIM2_IRQHandler
                0x0800bff4       0x6c ./src/PlatformHandler/timerHandler.o
                0x0800bff4                TIM2_IRQHandler
 .text.Timer_Configuration
                0x0800c060       0x6c ./src/PlatformHandler/timerHandler.o
                0x0800c060                Timer_Configuration
 .text.Chip_UART_SendRB
                0x0800c0cc       0x30 ./src/PlatformHandler/uartHandler.o
 .text.getUSART1buf
                0x0800c0fc       0x18 ./src/PlatformHandler/uartHandler.o
                0x0800c0fc                getUSART1buf
 .text.USART1_flush
                0x0800c114       0x24 ./src/PlatformHandler/uartHandler.o
                0x0800c114                USART1_flush
 .text.USART1_IRQHandler
                0x0800c138       0x74 ./src/PlatformHandler/uartHandler.o
                0x0800c138                USART1_IRQHandler
 .text.Usart_putc
                0x0800c1ac       0x24 ./src/PlatformHandler/uartHandler.o
                0x0800c1ac                Usart_putc
 .text.Usart_getc
                0x0800c1d0       0x3c ./src/PlatformHandler/uartHandler.o
                0x0800c1d0                Usart_getc
 .text._read    0x0800c20c       0x34 ./src/PlatformHandler/uartHandler.o
                0x0800c20c                _read
 .text._write   0x0800c240       0x4c ./src/PlatformHandler/uartHandler.o
                0x0800c240                _write
 .text.serial_info_init
                0x0800c28c       0xe4 ./src/PlatformHandler/uartHandler.o
                0x0800c28c                serial_info_init
 .text.USART1_Configuration
                0x0800c370       0x7c ./src/PlatformHandler/uartHandler.o
                0x0800c370                USART1_Configuration
 .text.Chip_UART_ReadRB
                0x0800c3ec       0x30 ./src/PlatformHandler/uartHandler.o
                0x0800c3ec                Chip_UART_ReadRB
 .text.Chip_UART_IRQRBHandler
                0x0800c41c       0x68 ./src/PlatformHandler/uartHandler.o
                0x0800c41c                Chip_UART_IRQRBHandler
 .text.USART2_IRQHandler
                0x0800c484       0x1c ./src/PlatformHandler/uartHandler.o
                0x0800c484                USART2_IRQHandler
 .text.USART2_Configuration
                0x0800c4a0       0xcc ./src/PlatformHandler/uartHandler.o
                0x0800c4a0                USART2_Configuration
 .text.UART_read
                0x0800c56c       0x18 ./src/PlatformHandler/uartHandler.o
                0x0800c56c                UART_read
 .text.UART_write
                0x0800c584       0x18 ./src/PlatformHandler/uartHandler.o
                0x0800c584                UART_write
 .text.UART_TxRB_GetCount
                0x0800c59c       0x10 ./src/PlatformHandler/uartHandler.o
                0x0800c59c                UART_TxRB_GetCount
 .text.UART2_flush
                0x0800c5ac       0x1c ./src/PlatformHandler/uartHandler.o
                0x0800c5ac                UART2_flush
 .text.read_IOstorage
                0x0800c5c8       0x18 ./src/PlatformHandler/userHandler.o
                0x0800c5c8                read_IOstorage
 .text.write_IOstorage
                0x0800c5e0       0x20 ./src/PlatformHandler/userHandler.o
                0x0800c5e0                write_IOstorage
 .text.IO_status_init
                0x0800c600       0xfc ./src/PlatformHandler/userHandler.o
                0x0800c600                IO_status_init
 .text.get_ADC_val
                0x0800c6fc       0x10 ./src/PlatformHandler/userHandler.o
                0x0800c6fc                get_ADC_val
 .text.make_basic_config_setting_json_callback
                0x0800c70c      0x2b8 ./src/PlatformHandler/userHandler.o
                0x0800c70c                make_basic_config_setting_json_callback
 .text.make_json_io_status
                0x0800c9c4      0x168 ./src/PlatformHandler/userHandler.o
                0x0800c9c4                make_json_io_status
 .text.make_json_ioalias_status
                0x0800cb2c      0x188 ./src/PlatformHandler/userHandler.o
                0x0800cb2c                make_json_ioalias_status
 .text.make_json_adc_status
                0x0800ccb4       0x50 ./src/PlatformHandler/userHandler.o
                0x0800ccb4                make_json_adc_status
 .text.make_json_serial_data
                0x0800cd04       0x20 ./src/PlatformHandler/userHandler.o
                0x0800cd04                make_json_serial_data
 .text.set_basic_config_setting
                0x0800cd24      0x190 ./src/PlatformHandler/userHandler.o
                0x0800cd24                set_basic_config_setting
 .text.set_digital_io_output
                0x0800ceb4       0x90 ./src/PlatformHandler/userHandler.o
                0x0800ceb4                set_digital_io_output
 .text.set_digital_io_alias
                0x0800cf44       0x70 ./src/PlatformHandler/userHandler.o
                0x0800cf44                set_digital_io_alias
 .text.set_digital_io_direction
                0x0800cfb4       0x80 ./src/PlatformHandler/userHandler.o
                0x0800cfb4                set_digital_io_direction
 .text.get_serial_data_from_web
                0x0800d034       0x2c ./src/PlatformHandler/userHandler.o
                0x0800d034                get_serial_data_from_web
 .text.set_factory_default_io_status
                0x0800d060       0x30 ./src/PlatformHandler/userHandler.o
                0x0800d060                set_factory_default_io_status
 .text.make_cgi_basic_config_response_page
                0x0800d090       0x50 ./src/PlatformHandler/userHandler.o
                0x0800d090                make_cgi_basic_config_response_page
 .text.make_json_dio
                0x0800d0e0       0x40 ./src/PlatformHandler/userHandler.o
                0x0800d0e0                make_json_dio
 .text.make_json_ain
                0x0800d120       0x24 ./src/PlatformHandler/userHandler.o
                0x0800d120                make_json_ain
 .text.make_json_devinfo
                0x0800d144       0x80 ./src/PlatformHandler/userHandler.o
                0x0800d144                make_json_devinfo
 .text.make_json_netinfo
                0x0800d1c4       0xac ./src/PlatformHandler/userHandler.o
                0x0800d1c4                make_json_netinfo
 .text.make_json_uartinfo
                0x0800d270      0x154 ./src/PlatformHandler/userHandler.o
                0x0800d270                make_json_uartinfo
 .text.predefined_get_cgi_processor
                0x0800d3c4      0x128 ./src/PlatformHandler/userHandler.o
                0x0800d3c4                predefined_get_cgi_processor
 .text.set_devinfo
                0x0800d4ec       0x4c ./src/PlatformHandler/userHandler.o
                0x0800d4ec                set_devinfo
 .text.set_netinfo
                0x0800d538       0xa4 ./src/PlatformHandler/userHandler.o
                0x0800d538                set_netinfo
 .text.set_uartinfo
                0x0800d5dc       0xf0 ./src/PlatformHandler/userHandler.o
                0x0800d5dc                set_uartinfo
 .text.set_diodir
                0x0800d6cc       0x64 ./src/PlatformHandler/userHandler.o
                0x0800d6cc                set_diodir
 .text.set_diostate
                0x0800d730       0x74 ./src/PlatformHandler/userHandler.o
                0x0800d730                set_diostate
 .text.set_dioalias
                0x0800d7a4       0x78 ./src/PlatformHandler/userHandler.o
                0x0800d7a4                set_dioalias
 .text.predefined_set_cgi_processor
                0x0800d81c      0x110 ./src/PlatformHandler/userHandler.o
                0x0800d81c                predefined_set_cgi_processor
 .text.custom_command_handler
                0x0800d92c       0x90 ./src/PlatformHandler/userHandler.o
                0x0800d92c                custom_command_handler
 .text.DF_SPI_RW
                0x0800d9bc       0x3c ./src/Internet/httpServer/dataflash.o
 .text.DF_SPI_INIT
                0x0800d9f8       0x2c ./src/Internet/httpServer/dataflash.o
 .text.DF_Init  0x0800da24       0x18 ./src/Internet/httpServer/dataflash.o
                0x0800da24                DF_Init
 .text.DataFlash_Init
                0x0800da3c       0x1c ./src/Internet/httpServer/dataflash.o
                0x0800da3c                DataFlash_Init
 .text.df_read_status
                0x0800da58       0x7c ./src/Internet/httpServer/dataflash.o
                0x0800da58                df_read_status
 .text.Flash_WaitReady
                0x0800dad4       0x2c ./src/Internet/httpServer/dataflash.o
                0x0800dad4                Flash_WaitReady
 .text.DF_PageToBuffer
                0x0800db00       0x78 ./src/Internet/httpServer/dataflash.o
                0x0800db00                DF_PageToBuffer
 .text.DF_BufferToPage
                0x0800db78       0x78 ./src/Internet/httpServer/dataflash.o
                0x0800db78                DF_BufferToPage
 .text.DF_BufferReadStr
                0x0800dbf0       0x64 ./src/Internet/httpServer/dataflash.o
                0x0800dbf0                DF_BufferReadStr
 .text.read_from_flashbuf
                0x0800dc54       0x94 ./src/Internet/httpServer/dataflash.o
                0x0800dc54                read_from_flashbuf
 .text.DF_BufferWriteStr
                0x0800dce8       0x58 ./src/Internet/httpServer/dataflash.o
                0x0800dce8                DF_BufferWriteStr
 .text.write_to_flashbuf
                0x0800dd40       0x94 ./src/Internet/httpServer/dataflash.o
                0x0800dd40                write_to_flashbuf
 .text.replacetochar
                0x0800ddd4       0x1c ./src/Internet/httpServer/httpParser.o
 .text.C2D      0x0800ddf0       0x34 ./src/Internet/httpServer/httpParser.o
 .text.unescape_http_url
                0x0800de24       0x40 ./src/Internet/httpServer/httpParser.o
                0x0800de24                unescape_http_url
 .text.make_http_response_head
                0x0800de64       0xd0 ./src/Internet/httpServer/httpParser.o
                0x0800de64                make_http_response_head
 .text.find_http_uri_type
                0x0800df34      0x198 ./src/Internet/httpServer/httpParser.o
                0x0800df34                find_http_uri_type
 .text.parse_http_request
                0x0800e0cc       0xb8 ./src/Internet/httpServer/httpParser.o
                0x0800e0cc                parse_http_request
 .text.get_http_uri_name
                0x0800e184       0x38 ./src/Internet/httpServer/httpParser.o
                0x0800e184                get_http_uri_name
 .text.ATOI     0x0800e1bc       0x24 ./src/Internet/httpServer/httpParser.o
                0x0800e1bc                ATOI
 .text.inet_addr_
                0x0800e1e0       0x5c ./src/Internet/httpServer/httpParser.o
                0x0800e1e0                inet_addr_
 .text.mid      0x0800e23c       0x34 ./src/Internet/httpServer/httpParser.o
                0x0800e23c                mid
 .text.get_http_param_value
                0x0800e270       0xb4 ./src/Internet/httpServer/httpParser.o
                0x0800e270                get_http_param_value
 .text.default_mcu_reset
                0x0800e324        0x4 ./src/Internet/httpServer/httpServer.o
                0x0800e324                default_mcu_reset
 .text.default_wdt_reset
                0x0800e328        0x4 ./src/Internet/httpServer/httpServer.o
                0x0800e328                default_wdt_reset
 .text.getHTTPSocketNum
                0x0800e32c        0xc ./src/Internet/httpServer/httpServer.o
 .text.getHTTPSequenceNum
                0x0800e338       0x24 ./src/Internet/httpServer/httpServer.o
 .text.http_disconnect
                0x0800e35c       0x20 ./src/Internet/httpServer/httpServer.o
 .text.send_http_response_cgi
                0x0800e37c       0x2c ./src/Internet/httpServer/httpServer.o
 .text.send_http_response_header
                0x0800e3a8       0x70 ./src/Internet/httpServer/httpServer.o
 .text.send_http_response_body
                0x0800e418      0x128 ./src/Internet/httpServer/httpServer.o
 .text.http_process_handler
                0x0800e540      0x1f8 ./src/Internet/httpServer/httpServer.o
 .text.httpServer_Sockinit
                0x0800e738       0x20 ./src/Internet/httpServer/httpServer.o
                0x0800e738                httpServer_Sockinit
 .text.httpServer_init
                0x0800e758       0x1c ./src/Internet/httpServer/httpServer.o
                0x0800e758                httpServer_init
 .text.reg_httpServer_cbfunc
                0x0800e774       0x18 ./src/Internet/httpServer/httpServer.o
                0x0800e774                reg_httpServer_cbfunc
 .text.httpServer_time_handler
                0x0800e78c       0x10 ./src/Internet/httpServer/httpServer.o
                0x0800e78c                httpServer_time_handler
 .text.get_httpServer_timecount
                0x0800e79c        0xc ./src/Internet/httpServer/httpServer.o
                0x0800e79c                get_httpServer_timecount
 .text.httpServer_run
                0x0800e7a8      0x1f4 ./src/Internet/httpServer/httpServer.o
                0x0800e7a8                httpServer_run
 .text.http_get_cgi_handler
                0x0800e99c       0xb8 ./src/Internet/httpServer/httpUtil.o
                0x0800e99c                http_get_cgi_handler
 .text.http_post_cgi_handler
                0x0800ea54      0x104 ./src/Internet/httpServer/httpUtil.o
                0x0800ea54                http_post_cgi_handler
 .text.default_ip_assign
                0x0800eb58       0x34 ./src/Internet/DHCP/dhcp.o
                0x0800eb58                default_ip_assign
 .text.default_ip_update
                0x0800eb8c       0x28 ./src/Internet/DHCP/dhcp.o
                0x0800eb8c                default_ip_update
 .text.default_ip_conflict
                0x0800ebb4       0x24 ./src/Internet/DHCP/dhcp.o
                0x0800ebb4                default_ip_conflict
 .text.reg_dhcp_cbfunc
                0x0800ebd8       0x48 ./src/Internet/DHCP/dhcp.o
                0x0800ebd8                reg_dhcp_cbfunc
 .text.makeDHCPMSG
                0x0800ec20       0xe8 ./src/Internet/DHCP/dhcp.o
                0x0800ec20                makeDHCPMSG
 .text.send_DHCP_DISCOVER
                0x0800ed08      0x15c ./src/Internet/DHCP/dhcp.o
                0x0800ed08                send_DHCP_DISCOVER
 .text.send_DHCP_REQUEST
                0x0800ee64      0x220 ./src/Internet/DHCP/dhcp.o
                0x0800ee64                send_DHCP_REQUEST
 .text.send_DHCP_DECLINE
                0x0800f084       0xfc ./src/Internet/DHCP/dhcp.o
                0x0800f084                send_DHCP_DECLINE
 .text.parseDHCPMSG
                0x0800f180      0x1c8 ./src/Internet/DHCP/dhcp.o
                0x0800f180                parseDHCPMSG
 .text.check_DHCP_leasedIP
                0x0800f348       0x6c ./src/Internet/DHCP/dhcp.o
                0x0800f348                check_DHCP_leasedIP
 .text.reset_DHCP_timeout
                0x0800f3b4       0x20 ./src/Internet/DHCP/dhcp.o
                0x0800f3b4                reset_DHCP_timeout
 .text.check_DHCP_timeout
                0x0800f3d4       0x98 ./src/Internet/DHCP/dhcp.o
                0x0800f3d4                check_DHCP_timeout
 .text.DHCP_run
                0x0800f46c      0x1c8 ./src/Internet/DHCP/dhcp.o
                0x0800f46c                DHCP_run
 .text.DHCP_init
                0x0800f634       0xbc ./src/Internet/DHCP/dhcp.o
                0x0800f634                DHCP_init
 .text.DHCP_time_handler
                0x0800f6f0       0x10 ./src/Internet/DHCP/dhcp.o
                0x0800f6f0                DHCP_time_handler
 .text.getIPfromDHCP
                0x0800f700       0x18 ./src/Internet/DHCP/dhcp.o
                0x0800f700                getIPfromDHCP
 .text.getGWfromDHCP
                0x0800f718       0x18 ./src/Internet/DHCP/dhcp.o
                0x0800f718                getGWfromDHCP
 .text.getSNfromDHCP
                0x0800f730       0x18 ./src/Internet/DHCP/dhcp.o
                0x0800f730                getSNfromDHCP
 .text.getDNSfromDHCP
                0x0800f748       0x18 ./src/Internet/DHCP/dhcp.o
                0x0800f748                getDNSfromDHCP
 .text.getDHCPLeasetime
                0x0800f760        0xc ./src/Internet/DHCP/dhcp.o
                0x0800f760                getDHCPLeasetime
 .text.WIZCHIP_READ
                0x0800f76c       0x3c ./src/Ethernet/W5500/w5500.o
                0x0800f76c                WIZCHIP_READ
 .text.WIZCHIP_WRITE
                0x0800f7a8       0x40 ./src/Ethernet/W5500/w5500.o
                0x0800f7a8                WIZCHIP_WRITE
 .text.WIZCHIP_READ_BUF
                0x0800f7e8       0x64 ./src/Ethernet/W5500/w5500.o
                0x0800f7e8                WIZCHIP_READ_BUF
 .text.WIZCHIP_WRITE_BUF
                0x0800f84c       0x64 ./src/Ethernet/W5500/w5500.o
                0x0800f84c                WIZCHIP_WRITE_BUF
 .text.getSn_TX_FSR
                0x0800f8b0       0x44 ./src/Ethernet/W5500/w5500.o
                0x0800f8b0                getSn_TX_FSR
 .text.getSn_RX_RSR
                0x0800f8f4       0x44 ./src/Ethernet/W5500/w5500.o
                0x0800f8f4                getSn_RX_RSR
 .text.wiz_send_data
                0x0800f938       0x5c ./src/Ethernet/W5500/w5500.o
                0x0800f938                wiz_send_data
 .text.wiz_recv_data
                0x0800f994       0x5c ./src/Ethernet/W5500/w5500.o
                0x0800f994                wiz_recv_data
 .text.wiz_recv_ignore
                0x0800f9f0       0x3c ./src/Ethernet/W5500/w5500.o
                0x0800f9f0                wiz_recv_ignore
 .text.close    0x0800fa2c       0x6c ./src/Ethernet/socket.o
                0x0800fa2c                close
 .text.socket   0x0800fa98      0x118 ./src/Ethernet/socket.o
                0x0800fa98                socket
 .text.listen   0x0800fbb0       0x70 ./src/Ethernet/socket.o
                0x0800fbb0                listen
 .text.disconnect
                0x0800fc20       0x90 ./src/Ethernet/socket.o
                0x0800fc20                disconnect
 .text.send     0x0800fcb0      0x140 ./src/Ethernet/socket.o
                0x0800fcb0                send
 .text.recv     0x0800fdf0       0xf0 ./src/Ethernet/socket.o
                0x0800fdf0                recv
 .text.sendto   0x0800fee0      0x148 ./src/Ethernet/socket.o
                0x0800fee0                sendto
 .text.recvfrom
                0x08010028      0x1f0 ./src/Ethernet/socket.o
                0x08010028                recvfrom
 .text.getsockopt
                0x08010218      0x140 ./src/Ethernet/socket.o
                0x08010218                getsockopt
 .text.wizchip_cris_enter
                0x08010358        0x4 ./src/Ethernet/wizchip_conf.o
                0x08010358                wizchip_cris_enter
 .text.wizchip_cris_exit
                0x0801035c        0x4 ./src/Ethernet/wizchip_conf.o
                0x0801035c                wizchip_cris_exit
 .text.wizchip_cs_select
                0x08010360        0x4 ./src/Ethernet/wizchip_conf.o
                0x08010360                wizchip_cs_select
 .text.wizchip_cs_deselect
                0x08010364        0x4 ./src/Ethernet/wizchip_conf.o
                0x08010364                wizchip_cs_deselect
 .text.wizchip_bus_readbyte
                0x08010368        0x4 ./src/Ethernet/wizchip_conf.o
                0x08010368                wizchip_bus_readbyte
 .text.wizchip_bus_writebyte
                0x0801036c        0x4 ./src/Ethernet/wizchip_conf.o
                0x0801036c                wizchip_bus_writebyte
 .text.wizchip_spi_readbyte
                0x08010370        0x4 ./src/Ethernet/wizchip_conf.o
                0x08010370                wizchip_spi_readbyte
 .text.wizchip_spi_writebyte
                0x08010374        0x4 ./src/Ethernet/wizchip_conf.o
                0x08010374                wizchip_spi_writebyte
 .text.wizchip_spi_readburst
                0x08010378        0x4 ./src/Ethernet/wizchip_conf.o
                0x08010378                wizchip_spi_readburst
 .text.wizchip_spi_writeburst
                0x0801037c        0x4 ./src/Ethernet/wizchip_conf.o
                0x0801037c                wizchip_spi_writeburst
 .text.reg_wizchip_cs_cbfunc
                0x08010380       0x24 ./src/Ethernet/wizchip_conf.o
                0x08010380                reg_wizchip_cs_cbfunc
 .text.reg_wizchip_spi_cbfunc
                0x080103a4       0x34 ./src/Ethernet/wizchip_conf.o
                0x080103a4                reg_wizchip_spi_cbfunc
 .text.reg_wizchip_spiburst_cbfunc
                0x080103d8       0x34 ./src/Ethernet/wizchip_conf.o
                0x080103d8                reg_wizchip_spiburst_cbfunc
 .text.wizchip_sw_reset
                0x0801040c       0x78 ./src/Ethernet/wizchip_conf.o
                0x0801040c                wizchip_sw_reset
 .text.wizchip_init
                0x08010484       0x9c ./src/Ethernet/wizchip_conf.o
                0x08010484                wizchip_init
 .text.wizchip_clrinterrupt
                0x08010520       0x20 ./src/Ethernet/wizchip_conf.o
                0x08010520                wizchip_clrinterrupt
 .text.wizchip_getinterrupt
                0x08010540       0x20 ./src/Ethernet/wizchip_conf.o
                0x08010540                wizchip_getinterrupt
 .text.wizchip_setinterruptmask
                0x08010560       0x1c ./src/Ethernet/wizchip_conf.o
                0x08010560                wizchip_setinterruptmask
 .text.wizchip_getinterruptmask
                0x0801057c       0x1c ./src/Ethernet/wizchip_conf.o
                0x0801057c                wizchip_getinterruptmask
 .text.wizphy_getphylink
                0x08010598       0x10 ./src/Ethernet/wizchip_conf.o
                0x08010598                wizphy_getphylink
 .text.wizphy_getphypmode
                0x080105a8       0x18 ./src/Ethernet/wizchip_conf.o
                0x080105a8                wizphy_getphypmode
 .text.wizphy_reset
                0x080105c0       0x30 ./src/Ethernet/wizchip_conf.o
                0x080105c0                wizphy_reset
 .text.wizphy_setphyconf
                0x080105f0       0x48 ./src/Ethernet/wizchip_conf.o
                0x080105f0                wizphy_setphyconf
 .text.wizphy_getphyconf
                0x08010638       0x58 ./src/Ethernet/wizchip_conf.o
                0x08010638                wizphy_getphyconf
 .text.wizphy_setphypmode
                0x08010690       0x54 ./src/Ethernet/wizchip_conf.o
                0x08010690                wizphy_setphypmode
 .text.ctlwizchip
                0x080106e4      0x118 ./src/Ethernet/wizchip_conf.o
                0x080106e4                ctlwizchip
 .text.wizchip_setnetinfo
                0x080107fc       0x5c ./src/Ethernet/wizchip_conf.o
                0x080107fc                wizchip_setnetinfo
 .text.wizchip_getnetinfo
                0x08010858       0x5c ./src/Ethernet/wizchip_conf.o
                0x08010858                wizchip_getnetinfo
 .text.wizchip_setnetmode
                0x080108b4       0x28 ./src/Ethernet/wizchip_conf.o
                0x080108b4                wizchip_setnetmode
 .text.wizchip_getnetmode
                0x080108dc        0xc ./src/Ethernet/wizchip_conf.o
                0x080108dc                wizchip_getnetmode
 .text.wizchip_settimeout
                0x080108e8       0x28 ./src/Ethernet/wizchip_conf.o
                0x080108e8                wizchip_settimeout
 .text.wizchip_gettimeout
                0x08010910       0x28 ./src/Ethernet/wizchip_conf.o
                0x08010910                wizchip_gettimeout
 .text.ctlnetwork
                0x08010938       0x54 ./src/Ethernet/wizchip_conf.o
                0x08010938                ctlnetwork
 .text.get_S2E_Packet_pointer
                0x0801098c        0x8 ./src/Configuration/ConfigData.o
                0x0801098c                get_S2E_Packet_pointer
 .text.set_S2E_Packet_to_factory_value
                0x08010994      0x100 ./src/Configuration/ConfigData.o
                0x08010994                set_S2E_Packet_to_factory_value
 .text.load_S2E_Packet_from_storage
                0x08010a94       0x40 ./src/Configuration/ConfigData.o
                0x08010a94                load_S2E_Packet_from_storage
 .text.save_S2E_Packet_to_storage
                0x08010ad4       0x14 ./src/Configuration/ConfigData.o
                0x08010ad4                save_S2E_Packet_to_storage
 .text.get_S2E_Packet_value
                0x08010ae8        0x8 ./src/Configuration/ConfigData.o
                0x08010ae8                get_S2E_Packet_value
 .text.set_S2E_Packet_value
                0x08010af0        0x8 ./src/Configuration/ConfigData.o
                0x08010af0                set_S2E_Packet_value
 .text.set_S2E_Packet
                0x08010af8       0x60 ./src/Configuration/ConfigData.o
                0x08010af8                set_S2E_Packet
 .text.get_S2E_Packet
                0x08010b58       0x5c ./src/Configuration/ConfigData.o
                0x08010b58                get_S2E_Packet
 .text.display_Net_Info
                0x08010bb4       0xa8 ./src/Configuration/ConfigData.o
                0x08010bb4                display_Net_Info
 .text.Net_Conf
                0x08010c5c       0x70 ./src/Configuration/ConfigData.o
                0x08010c5c                Net_Conf
 .text.set_mac  0x08010ccc       0x18 ./src/Configuration/ConfigData.o
                0x08010ccc                set_mac
 .text.NVIC_SystemReset
                0x08010ce4       0x20 ./src/Configuration/ConfigMessage.o
 .text.encrypt  0x08010d04       0x1c ./src/Configuration/ConfigMessage.o
 .text.decrypt  0x08010d20       0x1c ./src/Configuration/ConfigMessage.o
 .text.process_get_info
                0x08010d3c       0xe0 ./src/Configuration/ConfigMessage.o
 .text.process_discovery
                0x08010e1c      0x22c ./src/Configuration/ConfigMessage.o
 .text.process_remote_reset
                0x08011048       0xe8 ./src/Configuration/ConfigMessage.o
 .text.process_set_info
                0x08011130      0x110 ./src/Configuration/ConfigMessage.o
 .text.process_firmware_upload_init
                0x08011240      0x1a0 ./src/Configuration/ConfigMessage.o
 .text.process_factory_reset
                0x080113e0       0xf0 ./src/Configuration/ConfigMessage.o
 .text.do_udp_config
                0x080114d0       0xd0 ./src/Configuration/ConfigMessage.o
                0x080114d0                do_udp_config
 .text.ip_check
                0x080115a0       0x8c ./src/ATcmd/library/sockutil.o
                0x080115a0                ip_check
 .text.mac_check
                0x0801162c       0x80 ./src/ATcmd/library/sockutil.o
                0x0801162c                mac_check
 .text.digit_length
                0x080116ac       0x34 ./src/ATcmd/library/util.o
                0x080116ac                digit_length
 .text.str_check
                0x080116e0       0x38 ./src/ATcmd/library/util.o
                0x080116e0                str_check
 .text.strsep_ex
                0x08011718       0x3c ./src/ATcmd/library/util.o
                0x08011718                strsep_ex
 .text.cmd_set_prev
                0x08011754      0x180 ./src/ATcmd/atcmd.o
 .text.cmd_divide
                0x080118d4      0x388 ./src/ATcmd/atcmd.o
 .text.atc_init
                0x08011c5c       0x58 ./src/ATcmd/atcmd.o
                0x08011c5c                atc_init
 .text.cmd_resp
                0x08011cb4      0x488 ./src/ATcmd/atcmd.o
                0x08011cb4                cmd_resp
 .text.hdl_fioval
                0x0801213c      0x230 ./src/ATcmd/atcmd.o
 .text.hdl_fiodir
                0x0801236c      0x230 ./src/ATcmd/atcmd.o
 .text.hdl_mrst
                0x0801259c       0x64 ./src/ATcmd/atcmd.o
 .text.hdl_msave
                0x08012600       0x60 ./src/ATcmd/atcmd.o
 .text.hdl_musart2
                0x08012660      0xa38 ./src/ATcmd/atcmd.o
 .text.hdl_musart1
                0x08013098      0xa38 ./src/ATcmd/atcmd.o
 .text.hdl_mstat
                0x08013ad0      0x168 ./src/ATcmd/atcmd.o
 .text.hdl_nmac
                0x08013c38      0x1ac ./src/ATcmd/atcmd.o
 .text.hdl_nstat
                0x08013de4      0x16c ./src/ATcmd/atcmd.o
 .text.hdl_nset
                0x08013f50      0x63c ./src/ATcmd/atcmd.o
 .text.cmd_assign
                0x0801458c       0x64 ./src/ATcmd/atcmd.o
 .text.atc_run  0x080145f0      0x124 ./src/ATcmd/atcmd.o
                0x080145f0                atc_run
 .text.act_nset_q
                0x08014714      0x1c4 ./src/ATcmd/cmdrun.o
                0x08014714                act_nset_q
 .text.act_nset_a
                0x080148d8       0xb0 ./src/ATcmd/cmdrun.o
                0x080148d8                act_nset_a
 .text.act_nstat
                0x08014988      0x1c4 ./src/ATcmd/cmdrun.o
                0x08014988                act_nstat
 .text.act_nmac_q
                0x08014b4c       0x60 ./src/ATcmd/cmdrun.o
                0x08014b4c                act_nmac_q
 .text.act_nmac_a
                0x08014bac       0x4c ./src/ATcmd/cmdrun.o
                0x08014bac                act_nmac_a
 .text.act_mstat
                0x08014bf8       0x34 ./src/ATcmd/cmdrun.o
                0x08014bf8                act_mstat
 .text.act_uart_q
                0x08014c2c      0x110 ./src/ATcmd/cmdrun.o
                0x08014c2c                act_uart_q
 .text.act_uart_a
                0x08014d3c       0x2c ./src/ATcmd/cmdrun.o
                0x08014d3c                act_uart_a
 .text.act_msave
                0x08014d68       0x20 ./src/ATcmd/cmdrun.o
                0x08014d68                act_msave
 .text.act_fiodir
                0x08014d88       0x48 ./src/ATcmd/cmdrun.o
                0x08014d88                act_fiodir
 .text.act_fioval
                0x08014dd0       0x64 ./src/ATcmd/cmdrun.o
                0x08014dd0                act_fioval
 .text.NVIC_SystemReset
                0x08014e34       0x20 ./src/main.o
 .text.display_SDcard_Info
                0x08014e54       0xa0 ./src/main.o
 .text.main     0x08014ef4      0x1c4 ./src/main.o
                0x08014ef4                main
 .text.NMI_Handler
                0x080150b8        0x4 ./src/stm32f10x_it.o
                0x080150b8                NMI_Handler
 .text.HardFault_Handler
                0x080150bc        0x4 ./src/stm32f10x_it.o
                0x080150bc                HardFault_Handler
 .text.MemManage_Handler
                0x080150c0        0x4 ./src/stm32f10x_it.o
                0x080150c0                MemManage_Handler
 .text.BusFault_Handler
                0x080150c4        0x4 ./src/stm32f10x_it.o
                0x080150c4                BusFault_Handler
 .text.UsageFault_Handler
                0x080150c8        0x4 ./src/stm32f10x_it.o
                0x080150c8                UsageFault_Handler
 .text.SVC_Handler
                0x080150cc        0x4 ./src/stm32f10x_it.o
                0x080150cc                SVC_Handler
 .text.DebugMon_Handler
                0x080150d0        0x4 ./src/stm32f10x_it.o
                0x080150d0                DebugMon_Handler
 .text.PendSV_Handler
                0x080150d4        0x4 ./src/stm32f10x_it.o
                0x080150d4                PendSV_Handler
 .text.SysTick_Handler
                0x080150d8        0x4 ./src/stm32f10x_it.o
                0x080150d8                SysTick_Handler
 .text.atoi     0x080150dc        0x8 c:/program files/gnu tools arm embedded/4.8 2014q1/bin/../lib/gcc/arm-none-eabi/4.8.3/../../../../arm-none-eabi/lib/armv7-m\libg_s.a(lib_a-atoi.o)
                0x080150dc                atoi
 .text.__errno  0x080150e4        0xc c:/program files/gnu tools arm embedded/4.8 2014q1/bin/../lib/gcc/arm-none-eabi/4.8.3/../../../../arm-none-eabi/lib/armv7-m\libg_s.a(lib_a-errno.o)
                0x080150e4                __errno
 .text.isalpha  0x080150f0       0x14 c:/program files/gnu tools arm embedded/4.8 2014q1/bin/../lib/gcc/arm-none-eabi/4.8.3/../../../../arm-none-eabi/lib/armv7-m\libg_s.a(lib_a-isalpha.o)
                0x080150f0                isalpha
 .text.isdigit  0x08015104       0x14 c:/program files/gnu tools arm embedded/4.8 2014q1/bin/../lib/gcc/arm-none-eabi/4.8.3/../../../../arm-none-eabi/lib/armv7-m\libg_s.a(lib_a-isdigit.o)
                0x08015104                isdigit
 .text.isxdigit
                0x08015118       0x14 c:/program files/gnu tools arm embedded/4.8 2014q1/bin/../lib/gcc/arm-none-eabi/4.8.3/../../../../arm-none-eabi/lib/armv7-m\libg_s.a(lib_a-isxdigit.o)
                0x08015118                isxdigit
 .text.malloc   0x0801512c       0x10 c:/program files/gnu tools arm embedded/4.8 2014q1/bin/../lib/gcc/arm-none-eabi/4.8.3/../../../../arm-none-eabi/lib/armv7-m\libg_s.a(lib_a-malloc.o)
                0x0801512c                malloc
 .text.free     0x0801513c       0x10 c:/program files/gnu tools arm embedded/4.8 2014q1/bin/../lib/gcc/arm-none-eabi/4.8.3/../../../../arm-none-eabi/lib/armv7-m\libg_s.a(lib_a-malloc.o)
                0x0801513c                free
 .text.memcmp   0x0801514c       0x1e c:/program files/gnu tools arm embedded/4.8 2014q1/bin/../lib/gcc/arm-none-eabi/4.8.3/../../../../arm-none-eabi/lib/armv7-m\libg_s.a(lib_a-memcmp.o)
                0x0801514c                memcmp
 .text.memcpy   0x0801516a       0x12 c:/program files/gnu tools arm embedded/4.8 2014q1/bin/../lib/gcc/arm-none-eabi/4.8.3/../../../../arm-none-eabi/lib/armv7-m\libg_s.a(lib_a-memcpy-stub.o)
                0x0801516a                memcpy
 .text.memset   0x0801517c       0x10 c:/program files/gnu tools arm embedded/4.8 2014q1/bin/../lib/gcc/arm-none-eabi/4.8.3/../../../../arm-none-eabi/lib/armv7-m\libg_s.a(lib_a-memset.o)
                0x0801517c                memset
 .text._free_r  0x0801518c       0x88 c:/program files/gnu tools arm embedded/4.8 2014q1/bin/../lib/gcc/arm-none-eabi/4.8.3/../../../../arm-none-eabi/lib/armv7-m\libg_s.a(lib_a-nano-freer.o)
                0x0801518c                _free_r
 .text._malloc_r
                0x08015214       0xa8 c:/program files/gnu tools arm embedded/4.8 2014q1/bin/../lib/gcc/arm-none-eabi/4.8.3/../../../../arm-none-eabi/lib/armv7-m\libg_s.a(lib_a-nano-mallocr.o)
                0x08015214                _malloc_r
 .text.printf   0x080152bc       0x30 c:/program files/gnu tools arm embedded/4.8 2014q1/bin/../lib/gcc/arm-none-eabi/4.8.3/../../../../arm-none-eabi/lib/armv7-m\libg_s.a(lib_a-printf.o)
                0x080152bc                iprintf
                0x080152bc                printf
 .text._puts_r  0x080152ec       0xc0 c:/program files/gnu tools arm embedded/4.8 2014q1/bin/../lib/gcc/arm-none-eabi/4.8.3/../../../../arm-none-eabi/lib/armv7-m\libg_s.a(lib_a-puts.o)
                0x080152ec                _puts_r
 .text.puts     0x080153ac       0x10 c:/program files/gnu tools arm embedded/4.8 2014q1/bin/../lib/gcc/arm-none-eabi/4.8.3/../../../../arm-none-eabi/lib/armv7-m\libg_s.a(lib_a-puts.o)
                0x080153ac                puts
 .text._sbrk_r  0x080153bc       0x20 c:/program files/gnu tools arm embedded/4.8 2014q1/bin/../lib/gcc/arm-none-eabi/4.8.3/../../../../arm-none-eabi/lib/armv7-m\libg_s.a(lib_a-sbrkr.o)
                0x080153bc                _sbrk_r
 .text.sprintf  0x080153dc       0x48 c:/program files/gnu tools arm embedded/4.8 2014q1/bin/../lib/gcc/arm-none-eabi/4.8.3/../../../../arm-none-eabi/lib/armv7-m\libg_s.a(lib_a-sprintf.o)
                0x080153dc                siprintf
                0x080153dc                sprintf
 .text.strcat   0x08015424       0x1a c:/program files/gnu tools arm embedded/4.8 2014q1/bin/../lib/gcc/arm-none-eabi/4.8.3/../../../../arm-none-eabi/lib/armv7-m\libg_s.a(lib_a-strcat.o)
                0x08015424                strcat
 .text.strchr   0x0801543e       0x1a c:/program files/gnu tools arm embedded/4.8 2014q1/bin/../lib/gcc/arm-none-eabi/4.8.3/../../../../arm-none-eabi/lib/armv7-m\libg_s.a(lib_a-strchr.o)
                0x0801543e                strchr
 .text          0x08015458       0x14 c:/program files/gnu tools arm embedded/4.8 2014q1/bin/../lib/gcc/arm-none-eabi/4.8.3/../../../../arm-none-eabi/lib/armv7-m\libg_s.a(lib_a-strcmp.o)
                0x08015458                strcmp
 .text.strcpy   0x0801546c       0x10 c:/program files/gnu tools arm embedded/4.8 2014q1/bin/../lib/gcc/arm-none-eabi/4.8.3/../../../../arm-none-eabi/lib/armv7-m\libg_s.a(lib_a-strcpy.o)
                0x0801546c                strcpy
 .text.strlen   0x0801547c       0x10 c:/program files/gnu tools arm embedded/4.8 2014q1/bin/../lib/gcc/arm-none-eabi/4.8.3/../../../../arm-none-eabi/lib/armv7-m\libg_s.a(lib_a-strlen.o)
                0x0801547c                strlen
 .text.strncpy  0x0801548c       0x24 c:/program files/gnu tools arm embedded/4.8 2014q1/bin/../lib/gcc/arm-none-eabi/4.8.3/../../../../arm-none-eabi/lib/armv7-m\libg_s.a(lib_a-strncpy.o)
                0x0801548c                strncpy
 .text.strstr   0x080154b0       0x32 c:/program files/gnu tools arm embedded/4.8 2014q1/bin/../lib/gcc/arm-none-eabi/4.8.3/../../../../arm-none-eabi/lib/armv7-m\libg_s.a(lib_a-strstr.o)
                0x080154b0                strstr
 *fill*         0x080154e2        0x2 
 .text.strtok   0x080154e4       0x64 c:/program files/gnu tools arm embedded/4.8 2014q1/bin/../lib/gcc/arm-none-eabi/4.8.3/../../../../arm-none-eabi/lib/armv7-m\libg_s.a(lib_a-strtok.o)
                0x080154e4                strtok
 .text.__strtok_r
                0x08015548       0x56 c:/program files/gnu tools arm embedded/4.8 2014q1/bin/../lib/gcc/arm-none-eabi/4.8.3/../../../../arm-none-eabi/lib/armv7-m\libg_s.a(lib_a-strtok_r.o)
                0x08015548                __strtok_r
 *fill*         0x0801559e        0x2 
 .text._strtol_r
                0x080155a0      0x104 c:/program files/gnu tools arm embedded/4.8 2014q1/bin/../lib/gcc/arm-none-eabi/4.8.3/../../../../arm-none-eabi/lib/armv7-m\libg_s.a(lib_a-strtol.o)
                0x080155a0                _strtol_r
 .text.strtol   0x080156a4       0x1c c:/program files/gnu tools arm embedded/4.8 2014q1/bin/../lib/gcc/arm-none-eabi/4.8.3/../../../../arm-none-eabi/lib/armv7-m\libg_s.a(lib_a-strtol.o)
                0x080156a4                strtol
 .text.__ssputs_r
                0x080156c0       0xb8 c:/program files/gnu tools arm embedded/4.8 2014q1/bin/../lib/gcc/arm-none-eabi/4.8.3/../../../../arm-none-eabi/lib/armv7-m\libg_s.a(lib_a-svfprintf.o)
                0x080156c0                __ssputs_r
 .text._svfprintf_r
                0x08015778      0x1d8 c:/program files/gnu tools arm embedded/4.8 2014q1/bin/../lib/gcc/arm-none-eabi/4.8.3/../../../../arm-none-eabi/lib/armv7-m\libg_s.a(lib_a-svfprintf.o)
                0x08015778                _svfiprintf_r
                0x08015778                _svfprintf_r
 .text.__sfputc_r
                0x08015950       0x2c c:/program files/gnu tools arm embedded/4.8 2014q1/bin/../lib/gcc/arm-none-eabi/4.8.3/../../../../arm-none-eabi/lib/armv7-m\libg_s.a(lib_a-vfprintf.o)
 .text.__sfputs_r
                0x0801597c       0x24 c:/program files/gnu tools arm embedded/4.8 2014q1/bin/../lib/gcc/arm-none-eabi/4.8.3/../../../../arm-none-eabi/lib/armv7-m\libg_s.a(lib_a-vfprintf.o)
                0x0801597c                __sfputs_r
 .text._vfprintf_r
                0x080159a0      0x208 c:/program files/gnu tools arm embedded/4.8 2014q1/bin/../lib/gcc/arm-none-eabi/4.8.3/../../../../arm-none-eabi/lib/armv7-m\libg_s.a(lib_a-vfprintf.o)
                0x080159a0                _vfprintf_r
                0x080159a0                _vfiprintf_r
 .text._printf_common
                0x08015ba8       0xe4 c:/program files/gnu tools arm embedded/4.8 2014q1/bin/../lib/gcc/arm-none-eabi/4.8.3/../../../../arm-none-eabi/lib/armv7-m\libg_s.a(lib_a-vfprintf_i.o)
                0x08015ba8                _printf_common
 .text._printf_i
                0x08015c8c      0x228 c:/program files/gnu tools arm embedded/4.8 2014q1/bin/../lib/gcc/arm-none-eabi/4.8.3/../../../../arm-none-eabi/lib/armv7-m\libg_s.a(lib_a-vfprintf_i.o)
                0x08015c8c                _printf_i
 .text._vsnprintf_r
                0x08015eb4       0x52 c:/program files/gnu tools arm embedded/4.8 2014q1/bin/../lib/gcc/arm-none-eabi/4.8.3/../../../../arm-none-eabi/lib/armv7-m\libg_s.a(lib_a-vsnprintf.o)
                0x08015eb4                _vsniprintf_r
                0x08015eb4                _vsnprintf_r
 *fill*         0x08015f06        0x2 
 .text.vsnprintf
                0x08015f08       0x20 c:/program files/gnu tools arm embedded/4.8 2014q1/bin/../lib/gcc/arm-none-eabi/4.8.3/../../../../arm-none-eabi/lib/armv7-m\libg_s.a(lib_a-vsnprintf.o)
                0x08015f08                vsniprintf
                0x08015f08                vsnprintf
 .text.__swbuf_r
                0x08015f28       0xa8 c:/program files/gnu tools arm embedded/4.8 2014q1/bin/../lib/gcc/arm-none-eabi/4.8.3/../../../../arm-none-eabi/lib/armv7-m\libg_s.a(lib_a-wbuf.o)
                0x08015f28                __swbuf_r
 .text.__swsetup_r
                0x08015fd0       0xdc c:/program files/gnu tools arm embedded/4.8 2014q1/bin/../lib/gcc/arm-none-eabi/4.8.3/../../../../arm-none-eabi/lib/armv7-m\libg_s.a(lib_a-wsetup.o)
                0x08015fd0                __swsetup_r
 .text.__sflush_r
                0x080160ac      0x106 c:/program files/gnu tools arm embedded/4.8 2014q1/bin/../lib/gcc/arm-none-eabi/4.8.3/../../../../arm-none-eabi/lib/armv7-m\libg_s.a(lib_a-fflush.o)
                0x080160ac                __sflush_r
 *fill*         0x080161b2        0x2 
 .text._fflush_r
                0x080161b4       0x54 c:/program files/gnu tools arm embedded/4.8 2014q1/bin/../lib/gcc/arm-none-eabi/4.8.3/../../../../arm-none-eabi/lib/armv7-m\libg_s.a(lib_a-fflush.o)
                0x080161b4                _fflush_r
 .text._cleanup_r
                0x08016208       0x32 c:/program files/gnu tools arm embedded/4.8 2014q1/bin/../lib/gcc/arm-none-eabi/4.8.3/../../../../arm-none-eabi/lib/armv7-m\libg_s.a(lib_a-findfp.o)
                0x08016208                _cleanup_r
 *fill*         0x0801623a        0x2 
 .text.std.isra.0
                0x0801623c       0x48 c:/program files/gnu tools arm embedded/4.8 2014q1/bin/../lib/gcc/arm-none-eabi/4.8.3/../../../../arm-none-eabi/lib/armv7-m\libg_s.a(lib_a-findfp.o)
 .text.__sfmoreglue
                0x08016284       0x2c c:/program files/gnu tools arm embedded/4.8 2014q1/bin/../lib/gcc/arm-none-eabi/4.8.3/../../../../arm-none-eabi/lib/armv7-m\libg_s.a(lib_a-findfp.o)
                0x08016284                __sfmoreglue
 .text.__sinit  0x080162b0       0x60 c:/program files/gnu tools arm embedded/4.8 2014q1/bin/../lib/gcc/arm-none-eabi/4.8.3/../../../../arm-none-eabi/lib/armv7-m\libg_s.a(lib_a-findfp.o)
                0x080162b0                __sinit
 .text.__sfp    0x08016310       0x74 c:/program files/gnu tools arm embedded/4.8 2014q1/bin/../lib/gcc/arm-none-eabi/4.8.3/../../../../arm-none-eabi/lib/armv7-m\libg_s.a(lib_a-findfp.o)
                0x08016310                __sfp
 .text.__smakebuf_r
                0x08016384       0x98 c:/program files/gnu tools arm embedded/4.8 2014q1/bin/../lib/gcc/arm-none-eabi/4.8.3/../../../../arm-none-eabi/lib/armv7-m\libg_s.a(lib_a-makebuf.o)
                0x08016384                __smakebuf_r
 .text.memchr   0x0801641c       0x1c c:/program files/gnu tools arm embedded/4.8 2014q1/bin/../lib/gcc/arm-none-eabi/4.8.3/../../../../arm-none-eabi/lib/armv7-m\libg_s.a(lib_a-memchr-stub.o)
                0x0801641c                memchr
 .text.memmove  0x08016438       0x36 c:/program files/gnu tools arm embedded/4.8 2014q1/bin/../lib/gcc/arm-none-eabi/4.8.3/../../../../arm-none-eabi/lib/armv7-m\libg_s.a(lib_a-memmove.o)
                0x08016438                memmove
 .text._realloc_r
                0x0801646e       0x4c c:/program files/gnu tools arm embedded/4.8 2014q1/bin/../lib/gcc/arm-none-eabi/4.8.3/../../../../arm-none-eabi/lib/armv7-m\libg_s.a(lib_a-nano-reallocr.o)
                0x0801646e                _realloc_r
 .text.__sread  0x080164ba       0x22 c:/program files/gnu tools arm embedded/4.8 2014q1/bin/../lib/gcc/arm-none-eabi/4.8.3/../../../../arm-none-eabi/lib/armv7-m\libg_s.a(lib_a-stdio.o)
                0x080164ba                __sread
 .text.__swrite
                0x080164dc       0x38 c:/program files/gnu tools arm embedded/4.8 2014q1/bin/../lib/gcc/arm-none-eabi/4.8.3/../../../../arm-none-eabi/lib/armv7-m\libg_s.a(lib_a-stdio.o)
                0x080164dc                __swrite
 .text.__sseek  0x08016514       0x24 c:/program files/gnu tools arm embedded/4.8 2014q1/bin/../lib/gcc/arm-none-eabi/4.8.3/../../../../arm-none-eabi/lib/armv7-m\libg_s.a(lib_a-stdio.o)
                0x08016514                __sseek
 .text.__sclose
                0x08016538        0x8 c:/program files/gnu tools arm embedded/4.8 2014q1/bin/../lib/gcc/arm-none-eabi/4.8.3/../../../../arm-none-eabi/lib/armv7-m\libg_s.a(lib_a-stdio.o)
                0x08016538                __sclose
 .text._write_r
                0x08016540       0x24 c:/program files/gnu tools arm embedded/4.8 2014q1/bin/../lib/gcc/arm-none-eabi/4.8.3/../../../../arm-none-eabi/lib/armv7-m\libg_s.a(lib_a-writer.o)
                0x08016540                _write_r
 .text._close_r
                0x08016564       0x20 c:/program files/gnu tools arm embedded/4.8 2014q1/bin/../lib/gcc/arm-none-eabi/4.8.3/../../../../arm-none-eabi/lib/armv7-m\libg_s.a(lib_a-closer.o)
                0x08016564                _close_r
 .text._fstat_r
                0x08016584       0x24 c:/program files/gnu tools arm embedded/4.8 2014q1/bin/../lib/gcc/arm-none-eabi/4.8.3/../../../../arm-none-eabi/lib/armv7-m\libg_s.a(lib_a-fstatr.o)
                0x08016584                _fstat_r
 .text._isatty_r
                0x080165a8       0x20 c:/program files/gnu tools arm embedded/4.8 2014q1/bin/../lib/gcc/arm-none-eabi/4.8.3/../../../../arm-none-eabi/lib/armv7-m\libg_s.a(lib_a-isattyr.o)
                0x080165a8                _isatty_r
 .text._lseek_r
                0x080165c8       0x24 c:/program files/gnu tools arm embedded/4.8 2014q1/bin/../lib/gcc/arm-none-eabi/4.8.3/../../../../arm-none-eabi/lib/armv7-m\libg_s.a(lib_a-lseekr.o)
                0x080165c8                _lseek_r
 .text._malloc_usable_size_r
                0x080165ec       0x12 c:/program files/gnu tools arm embedded/4.8 2014q1/bin/../lib/gcc/arm-none-eabi/4.8.3/../../../../arm-none-eabi/lib/armv7-m\libg_s.a(lib_a-nano-msizer.o)
                0x080165ec                _malloc_usable_size_r
 *fill*         0x080165fe        0x2 
 .text._read_r  0x08016600       0x24 c:/program files/gnu tools arm embedded/4.8 2014q1/bin/../lib/gcc/arm-none-eabi/4.8.3/../../../../arm-none-eabi/lib/armv7-m\libg_s.a(lib_a-readr.o)
                0x08016600                _read_r
 *(.rodata .rodata.*)
 .rodata.str1.4
                0x08016624       0x27 ./system/src/stm32f1-stdperiph/misc.o
                                 0x28 (size before relaxing)
 *fill*         0x0801664b        0x1 
 .rodata.str1.4
                0x0801664c       0x30 ./system/src/stm32f1-stdperiph/stm32f10x_adc.o
 .rodata.str1.4
                0x0801667c       0x30 ./system/src/stm32f1-stdperiph/stm32f10x_dma.o
 .rodata.str1.4
                0x080166ac       0x32 ./system/src/stm32f1-stdperiph/stm32f10x_flash.o
                                 0x34 (size before relaxing)
 *fill*         0x080166de        0x2 
 .rodata.str1.4
                0x080166e0       0x31 ./system/src/stm32f1-stdperiph/stm32f10x_gpio.o
                                 0x34 (size before relaxing)
 *fill*         0x08016711        0x3 
 .rodata.str1.4
                0x08016714       0x31 ./system/src/stm32f1-stdperiph/stm32f10x_iwdg.o
                                 0x34 (size before relaxing)
 *fill*         0x08016745        0x3 
 .rodata.str1.4
                0x08016748       0x30 ./system/src/stm32f1-stdperiph/stm32f10x_rcc.o
 .rodata.str1.4
                0x08016778       0x30 ./system/src/stm32f1-stdperiph/stm32f10x_spi.o
 .rodata.str1.4
                0x080167a8       0x30 ./system/src/stm32f1-stdperiph/stm32f10x_tim.o
 .rodata.str1.4
                0x080167d8       0x32 ./system/src/stm32f1-stdperiph/stm32f10x_usart.o
                                 0x34 (size before relaxing)
 *fill*         0x0801680a        0x2 
 .rodata.str1.4
                0x0801680c       0x14 ./system/src/newlib/_exit.o
 .rodata.str1.4
                0x08016820       0x6b ./system/src/newlib/assert.o
                                 0x70 (size before relaxing)
 *fill*         0x0801688b        0x1 
 .rodata.str1.4
                0x0801688c       0x29 ./system/src/diag/Trace.o
                                 0x30 (size before relaxing)
 *fill*         0x080168b5        0x3 
 .rodata.GPIO_CLK
                0x080168b8       0x10 ./src/util/boardutil.o
                0x080168b8                GPIO_CLK
 .rodata.GPIO_PIN
                0x080168c8        0x8 ./src/util/boardutil.o
                0x080168c8                GPIO_PIN
 .rodata.str1.4
                0x080168d0       0x77 ./src/util/boardutil.o
                                 0x78 (size before relaxing)
 *fill*         0x08016947        0x1 
 .rodata.vst.4880
                0x08016948       0x18 ./src/PlatformHandler/FatFs/ff.o
 .rodata.str1.4
                0x08016960       0xd8 ./src/PlatformHandler/FatFs/ff.o
                                 0xdc (size before relaxing)
 .rodata.LfnOfs
                0x08016a38       0x10 ./src/PlatformHandler/FatFs/ff.o
 .rodata.cst.4881
                0x08016a48       0x18 ./src/PlatformHandler/FatFs/ff.o
 .rodata.Tbl    0x08016a60      0x100 ./src/PlatformHandler/FatFs/ff_lfn_required.o
 .rodata.IO_CLK
                0x08016b60       0x40 ./src/PlatformHandler/gpioHandler.o
                0x08016b60                IO_CLK
 .rodata.IO_PIN
                0x08016ba0       0x20 ./src/PlatformHandler/gpioHandler.o
                0x08016ba0                IO_PIN
 .rodata.str1.4
                0x08016bc0        0x7 ./src/PlatformHandler/mmcHandler.o
                                  0x8 (size before relaxing)
 *fill*         0x08016bc7        0x1 
 .rodata.str1.4
                0x08016bc8       0x19 ./src/PlatformHandler/ring_buffer.o
                                 0x1c (size before relaxing)
 *fill*         0x08016be1        0x3 
 .rodata        0x08016be4       0x10 ./src/PlatformHandler/spiHandler.o
 .rodata.str1.4
                0x08016bf4       0x1b ./src/PlatformHandler/spiHandler.o
                                 0x1c (size before relaxing)
 *fill*         0x08016c0f        0x1 
 .rodata.str1.4
                0x08016c10     0x1415 ./src/PlatformHandler/userHandler.o
                               0x141c (size before relaxing)
 *fill*         0x08018025        0x3 
 .rodata        0x08018028       0x28 ./src/Internet/httpServer/dataflash.o
 .rodata        0x08018050        0x4 ./src/Internet/httpServer/httpParser.o
 .rodata.str1.4
                0x08018054      0x409 ./src/Internet/httpServer/httpParser.o
                                0x430 (size before relaxing)
 *fill*         0x0801845d        0x3 
 .rodata        0x08018460      0x114 ./src/Internet/httpServer/httpServer.o
 .rodata.str1.4
                0x08018574       0x60 ./src/Internet/httpServer/httpServer.o
                                 0xa0 (size before relaxing)
 .rodata.str1.4
                0x080185d4       0xa6 ./src/Internet/httpServer/httpUtil.o
                                 0xac (size before relaxing)
 *fill*         0x0801867a        0x2 
 .rodata.str1.4
                0x0801867c       0x12 ./src/Internet/DHCP/dhcp.o
                                 0x14 (size before relaxing)
 *fill*         0x0801868e        0x2 
 .rodata        0x08018690       0x28 ./src/Configuration/ConfigData.o
 .rodata.str1.4
                0x080186b8       0x86 ./src/Configuration/ConfigData.o
                                 0x88 (size before relaxing)
 *fill*         0x0801873e        0x2 
 .rodata.str1.4
                0x08018740        0x2 ./src/ATcmd/library/sockutil.o
                                  0x8 (size before relaxing)
 *fill*         0x08018742        0x2 
 .rodata.__FUNCTION__.8893
                0x08018744        0xc ./src/ATcmd/atcmd.o
 .rodata.__FUNCTION__.8855
                0x08018750        0xc ./src/ATcmd/atcmd.o
 .rodata.g_cmd_table
                0x0801875c       0xb0 ./src/ATcmd/atcmd.o
                0x0801875c                g_cmd_table
 .rodata.__FUNCTION__.8862
                0x0801880c        0xc ./src/ATcmd/atcmd.o
 .rodata.__FUNCTION__.8918
                0x08018818        0xc ./src/ATcmd/atcmd.o
 .rodata.str1.4
                0x08018824      0x1f3 ./src/ATcmd/atcmd.o
                                0x1fc (size before relaxing)
 *fill*         0x08018a17        0x1 
 .rodata.__FUNCTION__.8800
                0x08018a18        0xc ./src/ATcmd/atcmd.o
 .rodata.__FUNCTION__.8754
                0x08018a24       0x10 ./src/ATcmd/atcmd.o
 .rodata.__FUNCTION__.8931
                0x08018a34        0xc ./src/ATcmd/atcmd.o
 .rodata.__FUNCTION__.8938
                0x08018a40        0xc ./src/ATcmd/atcmd.o
 .rodata.__FUNCTION__.8868
                0x08018a4c        0xc ./src/ATcmd/atcmd.o
 .rodata.__FUNCTION__.8841
                0x08018a58        0xc ./src/ATcmd/atcmd.o
 .rodata.str1.4
                0x08018a64       0x39 ./src/ATcmd/cmdrun.o
                                 0x44 (size before relaxing)
 *fill*         0x08018a9d        0x3 
 .rodata.str1.4
                0x08018aa0      0x234 ./src/main.o
                                0x238 (size before relaxing)
 .rodata._ctype_
                0x08018cd4      0x101 c:/program files/gnu tools arm embedded/4.8 2014q1/bin/../lib/gcc/arm-none-eabi/4.8.3/../../../../arm-none-eabi/lib/armv7-m\libg_s.a(lib_a-ctype_.o)
                0x08018cd4                _ctype_
 .rodata.str1.1
                0x08018dd5        0x2 c:/program files/gnu tools arm embedded/4.8 2014q1/bin/../lib/gcc/arm-none-eabi/4.8.3/../../../../arm-none-eabi/lib/armv7-m\libg_s.a(lib_a-impure.o)
 *fill*         0x08018dd7        0x1 
 .rodata._global_impure_ptr
                0x08018dd8        0x4 c:/program files/gnu tools arm embedded/4.8 2014q1/bin/../lib/gcc/arm-none-eabi/4.8.3/../../../../arm-none-eabi/lib/armv7-m\libg_s.a(lib_a-impure.o)