Archive member included because of file (symbol)

c:/program files (x86)/gnu tools arm embedded/4.8 2014q1/bin/../lib/gcc/arm-none-eabi/4.8.3/../../../../arm-none-eabi/lib/armv7-m\libg_s.a(lib_a-atoi.o)
                              ./src/Internet/FTPServer/ftpd.o (atoi)
c:/program files (x86)/gnu tools arm embedded/4.8 2014q1/bin/../lib/gcc/arm-none-eabi/4.8.3/../../../../arm-none-eabi/lib/armv7-m\libg_s.a(lib_a-ctype_.o)
                              ./src/Internet/FTPServer/ftpd.o (__ctype_ptr__)
c:/program files (x86)/gnu tools arm embedded/4.8 2014q1/bin/../lib/gcc/arm-none-eabi/4.8.3/../../../../arm-none-eabi/lib/armv7-m\libg_s.a(lib_a-errno.o)
                              ./system/src/newlib/_sbrk.o (__errno)
c:/program files (x86)/gnu tools arm embedded/4.8 2014q1/bin/../lib/gcc/arm-none-eabi/4.8.3/../../../../arm-none-eabi/lib/armv7-m\libg_s.a(lib_a-impure.o)
                              c:/program files (x86)/gnu tools arm embedded/4.8 2014q1/bin/../lib/gcc/arm-none-eabi/4.8.3/../../../../arm-none-eabi/lib/armv7-m\libg_s.a(lib_a-errno.o) (_impure_ptr)
c:/program files (x86)/gnu tools arm embedded/4.8 2014q1/bin/../lib/gcc/arm-none-eabi/4.8.3/../../../../arm-none-eabi/lib/armv7-m\libg_s.a(lib_a-isalpha.o)
                              ./src/ATcmd/atcmd.o (isalpha)
c:/program files (x86)/gnu tools arm embedded/4.8 2014q1/bin/../lib/gcc/arm-none-eabi/4.8.3/../../../../arm-none-eabi/lib/armv7-m\libg_s.a(lib_a-isdigit.o)
                              ./src/ATcmd/library/sockutil.o (isdigit)
c:/program files (x86)/gnu tools arm embedded/4.8 2014q1/bin/../lib/gcc/arm-none-eabi/4.8.3/../../../../arm-none-eabi/lib/armv7-m\libg_s.a(lib_a-isxdigit.o)
                              ./src/ATcmd/library/sockutil.o (isxdigit)
c:/program files (x86)/gnu tools arm embedded/4.8 2014q1/bin/../lib/gcc/arm-none-eabi/4.8.3/../../../../arm-none-eabi/lib/armv7-m\libg_s.a(lib_a-malloc.o)
                              ./src/ATcmd/atcmd.o (malloc)
c:/program files (x86)/gnu tools arm embedded/4.8 2014q1/bin/../lib/gcc/arm-none-eabi/4.8.3/../../../../arm-none-eabi/lib/armv7-m\libg_s.a(lib_a-memcmp.o)
                              ./src/Configuration/ConfigMessage.o (memcmp)
c:/program files (x86)/gnu tools arm embedded/4.8 2014q1/bin/../lib/gcc/arm-none-eabi/4.8.3/../../../../arm-none-eabi/lib/armv7-m\libg_s.a(lib_a-memcpy-stub.o)
                              ./src/PlatformHandler/ring_buffer.o (memcpy)
c:/program files (x86)/gnu tools arm embedded/4.8 2014q1/bin/../lib/gcc/arm-none-eabi/4.8.3/../../../../arm-none-eabi/lib/armv7-m\libg_s.a(lib_a-memset.o)
                              ./src/PlatformHandler/storageHandler.o (memset)
c:/program files (x86)/gnu tools arm embedded/4.8 2014q1/bin/../lib/gcc/arm-none-eabi/4.8.3/../../../../arm-none-eabi/lib/armv7-m\libg_s.a(lib_a-nano-freer.o)
                              c:/program files (x86)/gnu tools arm embedded/4.8 2014q1/bin/../lib/gcc/arm-none-eabi/4.8.3/../../../../arm-none-eabi/lib/armv7-m\libg_s.a(lib_a-malloc.o) (_free_r)
c:/program files (x86)/gnu tools arm embedded/4.8 2014q1/bin/../lib/gcc/arm-none-eabi/4.8.3/../../../../arm-none-eabi/lib/armv7-m\libg_s.a(lib_a-nano-mallocr.o)
                              c:/program files (x86)/gnu tools arm embedded/4.8 2014q1/bin/../lib/gcc/arm-none-eabi/4.8.3/../../../../arm-none-eabi/lib/armv7-m\libg_s.a(lib_a-malloc.o) (_malloc_r)
c:/program files (x86)/gnu tools arm embedded/4.8 2014q1/bin/../lib/gcc/arm-none-eabi/4.8.3/../../../../arm-none-eabi/lib/armv7-m\libg_s.a(lib_a-printf.o)
                              ./src/PlatformHandler/ring_buffer.o (printf)
c:/program files (x86)/gnu tools arm embedded/4.8 2014q1/bin/../lib/gcc/arm-none-eabi/4.8.3/../../../../arm-none-eabi/lib/armv7-m\libg_s.a(lib_a-puts.o)
                              ./src/util/boardutil.o (puts)
c:/program files (x86)/gnu tools arm embedded/4.8 2014q1/bin/../lib/gcc/arm-none-eabi/4.8.3/../../../../arm-none-eabi/lib/armv7-m\libg_s.a(lib_a-sbrkr.o)
                              c:/program files (x86)/gnu tools arm embedded/4.8 2014q1/bin/../lib/gcc/arm-none-eabi/4.8.3/../../../../arm-none-eabi/lib/armv7-m\libg_s.a(lib_a-nano-mallocr.o) (_sbrk_r)
c:/program files (x86)/gnu tools arm embedded/4.8 2014q1/bin/../lib/gcc/arm-none-eabi/4.8.3/../../../../arm-none-eabi/lib/armv7-m\libg_s.a(lib_a-sprintf.o)
                              ./src/netutil/netutil.o (sprintf)
c:/program files (x86)/gnu tools arm embedded/4.8 2014q1/bin/../lib/gcc/arm-none-eabi/4.8.3/../../../../arm-none-eabi/lib/armv7-m\libg_s.a(lib_a-strcat.o)
                              ./src/Internet/httpServer/httpParser.o (strcat)
c:/program files (x86)/gnu tools arm embedded/4.8 2014q1/bin/../lib/gcc/arm-none-eabi/4.8.3/../../../../arm-none-eabi/lib/armv7-m\libg_s.a(lib_a-strchr.o)
                              ./src/PlatformHandler/userHandler.o (strchr)
[...]
Memory Configuration

Name             Origin             Length             Attributes
RAM              0x20000000         0x0000c000         xrw
CCMRAM           0x00000000         0x00000000         xrw
FLASH            0x08007000         0x00037800         xr
FLASHB1          0x00000000         0x00000000         xr
EXTMEMB0         0x00000000         0x00000000         xr
EXTMEMB1         0x00000000         0x00000000         xr
EXTMEMB2         0x00000000         0x00000000         xr
EXTMEMB3         0x00000000         0x00000000         xr
MEMORY_ARRAY     0x00000000         0x00000000         xrw
*default*        0x00000000         0xffffffff

Linker script and memory map

LOAD ./system/src/stm32f1-stdperiph/misc.o
LOAD ./system/src/stm32f1-stdperiph/stm32f10x_adc.o
LOAD ./system/src/stm32f1-stdperiph/stm32f10x_dma.o
LOAD ./system/src/stm32f1-stdperiph/stm32f10x_exti.o
LOAD ./system/src/stm32f1-stdperiph/stm32f10x_flash.o
LOAD ./system/src/stm32f1-stdperiph/stm32f10x_gpio.o
LOAD ./system/src/stm32f1-stdperiph/stm32f10x_i2c.o
LOAD ./system/src/stm32f1-stdperiph/stm32f10x_iwdg.o
LOAD ./system/src/stm32f1-stdperiph/stm32f10x_rcc.o
LOAD ./system/src/stm32f1-stdperiph/stm32f10x_spi.o
LOAD ./system/src/stm32f1-stdperiph/stm32f10x_tim.o
LOAD ./system/src/stm32f1-stdperiph/stm32f10x_usart.o
LOAD ./system/src/newlib/_cxx.o
LOAD ./system/src/newlib/_exit.o
LOAD ./system/src/newlib/_sbrk.o
LOAD ./system/src/newlib/_startup.o
LOAD ./system/src/newlib/_syscalls.o
LOAD ./system/src/newlib/_write.o
LOAD ./system/src/newlib/assert.o
LOAD ./system/src/diag/Trace.o
LOAD ./system/src/diag/trace_impl.o
LOAD ./system/src/cortexm/_initialize_hardware.o
LOAD ./system/src/cortexm/_reset_hardware.o
LOAD ./system/src/cortexm/exception_handlers.o
LOAD ./system/src/cmsis/system_stm32f10x.o
LOAD ./system/src/cmsis/vectors_stm32f10x.o
LOAD ./src/util/boardutil.o
LOAD ./src/util/diskio.o
LOAD ./src/util/mmc_sd.o
LOAD ./src/util/spi.o
LOAD ./src/netutil/netutil.o
LOAD ./src/callback/dhcp_cb.o
LOAD ./src/PlatformHandler/FatFs/ff.o
LOAD ./src/PlatformHandler/FatFs/ff_lfn_required.o
LOAD ./src/PlatformHandler/adcHandler.o
LOAD ./src/PlatformHandler/eepromHandler.o
LOAD ./src/PlatformHandler/extiHandler.o
LOAD ./src/PlatformHandler/flashHandler.o
LOAD ./src/PlatformHandler/gpioHandler.o
LOAD ./src/PlatformHandler/i2cHandler.o
LOAD ./src/PlatformHandler/mmcHandler.o
LOAD ./src/PlatformHandler/rccHandler.o
LOAD ./src/PlatformHandler/ring_buffer.o
LOAD ./src/PlatformHandler/spiHandler.o
LOAD ./src/PlatformHandler/storageHandler.o
LOAD ./src/PlatformHandler/timerHandler.o
LOAD ./src/PlatformHandler/uartHandler.o
LOAD ./src/PlatformHandler/userHandler.o
LOAD ./src/Internet/httpServer/dataflash.o
LOAD ./src/Internet/httpServer/httpParser.o
LOAD ./src/Internet/httpServer/httpServer.o
LOAD ./src/Internet/httpServer/httpUtil.o
LOAD ./src/Internet/FTPServer/ftpd.o
LOAD ./src/Internet/DHCP/dhcp.o
LOAD ./src/Ethernet/W5500/w5500.o
LOAD ./src/Ethernet/socket.o
LOAD ./src/Ethernet/wizchip_conf.o
LOAD ./src/Configuration/ConfigData.o
LOAD ./src/Configuration/ConfigMessage.o
LOAD ./src/ATcmd/library/sockutil.o
LOAD ./src/ATcmd/library/util.o
LOAD ./src/ATcmd/atcmd.o
LOAD ./src/ATcmd/cmdrun.o
LOAD ./src/main.o
LOAD ./src/stm32f10x_it.o
LOAD c:/program files (x86)/gnu tools arm embedded/4.8 2014q1/bin/../lib/gcc/arm-none-eabi/4.8.3/../../../../arm-none-eabi/lib/armv7-m\libstdc++_s.a
LOAD c:/program files (x86)/gnu tools arm embedded/4.8 2014q1/bin/../lib/gcc/arm-none-eabi/4.8.3/../../../../arm-none-eabi/lib/armv7-m\libm.a
START GROUP
LOAD c:/program files (x86)/gnu tools arm embedded/4.8 2014q1/bin/../lib/gcc/arm-none-eabi/4.8.3/armv7-m\libgcc.a
LOAD c:/program files (x86)/gnu tools arm embedded/4.8 2014q1/bin/../lib/gcc/arm-none-eabi/4.8.3/../../../../arm-none-eabi/lib/armv7-m\libg_s.a
LOAD c:/program files (x86)/gnu tools arm embedded/4.8 2014q1/bin/../lib/gcc/arm-none-eabi/4.8.3/../../../../arm-none-eabi/lib/armv7-m\libc_s.a
END GROUP
START GROUP
LOAD c:/program files (x86)/gnu tools arm embedded/4.8 2014q1/bin/../lib/gcc/arm-none-eabi/4.8.3/armv7-m\libgcc.a
LOAD c:/program files (x86)/gnu tools arm embedded/4.8 2014q1/bin/../lib/gcc/arm-none-eabi/4.8.3/../../../../arm-none-eabi/lib/armv7-m\libc_s.a
END GROUP
                0x2000c000                __stack = (ORIGIN (RAM) + 0xc000)
                0x2000c000                _estack = __stack
                0x00000800                __Main_Stack_Size = 0x800
                0x00000800                PROVIDE (_Main_Stack_Size, __Main_Stack_Size)
                0x2000b800                __Main_Stack_Limit = (__stack - __Main_Stack_Size)
                0x2000b800                PROVIDE (_Main_Stack_Limit, __Main_Stack_Limit)
                0x00000100                _Minimum_Stack_Size = 0x100
                0x20003ac8                PROVIDE (_Heap_Begin, _end_noinit)
                0x2000b800                PROVIDE (_Heap_Limit, (__stack - __Main_Stack_Size))

.isr_vector     0x08007000      0x248
                0x08007000                . = ALIGN (0x4)
 *(.isr_vector)
 .isr_vector    0x08007000      0x10c ./system/src/cmsis/vectors_stm32f10x.o
                0x08007000                __isr_vectors
 *(.cfmconfig)
 *(.after_vectors .after_vectors.*)
 .after_vectors
                0x0800710c      0x10c ./system/src/newlib/_startup.o
                0x0800710c                _start
 .after_vectors
                0x08007218       0x2c ./system/src/cortexm/exception_handlers.o
                0x08007218                Reset_Handler
 .after_vectors
                0x08007244        0x4 ./system/src/cmsis/vectors_stm32f10x.o
                0x08007244                EXTI2_IRQHandler
                0x08007244                TIM8_TRG_COM_IRQHandler
                0x08007244                TIM8_CC_IRQHandler
                0x08007244                TIM1_CC_IRQHandler
                0x08007244                TIM6_IRQHandler
                0x08007244                PVD_IRQHandler
                0x08007244                SDIO_IRQHandler
                0x08007244                CAN2_RX1_IRQHandler
                0x08007244                EXTI3_IRQHandler
                0x08007244                TIM8_TRG_COM_TIM14_IRQHandler
                0x08007244                TIM1_UP_TIM10_IRQHandler
                0x08007244                TIM8_UP_TIM13_IRQHandler
                0x08007244                EXTI0_IRQHandler
                0x08007244                I2C2_EV_IRQHandler
                0x08007244                CAN1_RX0_IRQHandler
                0x08007244                TIM1_UP_TIM16_IRQHandler
                0x08007244                CAN2_SCE_IRQHandler
                0x08007244                ADC1_2_IRQHandler
                0x08007244                SPI1_IRQHandler
                0x08007244                TAMPER_IRQHandler
                0x08007244                TIM6_DAC_IRQHandler
                0x08007244                TIM1_BRK_TIM9_IRQHandler
                0x08007244                CAN2_RX0_IRQHandler
                0x08007244                TIM8_UP_IRQHandler
                0x08007244                DMA2_Channel2_IRQHandler
                0x08007244                DMA1_Channel4_IRQHandler
                0x08007244                USART3_IRQHandler
                0x08007244                RTC_IRQHandler
                0x08007244                DMA1_Channel7_IRQHandler
                0x08007244                CAN1_RX1_IRQHandler
                0x08007244                UART5_IRQHandler
                0x08007244                ADC3_IRQHandler
                0x08007244                TIM4_IRQHandler
                0x08007244                DMA2_Channel1_IRQHandler
                0x08007244                I2C1_EV_IRQHandler
                0x08007244                DMA1_Channel6_IRQHandler
                0x08007244                UART4_IRQHandler
                0x08007244                DMA2_Channel4_IRQHandler
                0x08007244                TIM3_IRQHandler
                0x08007244                RCC_IRQHandler
                0x08007244                TIM8_BRK_TIM12_IRQHandler
                0x08007244                TIM1_TRG_COM_IRQHandler
                0x08007244                DMA1_Channel1_IRQHandler
                0x08007244                Default_Handler
                0x08007244                CEC_IRQHandler
                0x08007244                EXTI15_10_IRQHandler
                0x08007244                TIM14_IRQHandler
                0x08007244                TIM13_IRQHandler
                0x08007244                TIM12_IRQHandler
                0x08007244                TIM7_IRQHandler
                0x08007244                CAN2_TX_IRQHandler
                0x08007244                TIM5_IRQHandler
                0x08007244                EXTI9_5_IRQHandler
                0x08007244                ETH_WKUP_IRQHandler
                0x08007244                SPI2_IRQHandler
                0x08007244                CAN1_TX_IRQHandler
                0x08007244                DMA2_Channel5_IRQHandler
                0x08007244                DMA1_Channel5_IRQHandler
                0x08007244                EXTI4_IRQHandler
                0x08007244                USB_LP_CAN1_RX0_IRQHandler
                0x08007244                TIM1_TRG_COM_TIM17_IRQHandler
                0x08007244                USB_HP_CAN1_TX_IRQHandler
                0x08007244                DMA1_Channel3_IRQHandler
                0x08007244                FSMC_IRQHandler
                0x08007244                ETH_IRQHandler
                0x08007244                TIM1_UP_IRQHandler
                0x08007244                WWDG_IRQHandler
                0x08007244                OTG_FS_WKUP_IRQHandler
                0x08007244                TIM1_TRG_COM_TIM11_IRQHandler
                0x08007244                TIM1_BRK_IRQHandler
                0x08007244                EXTI1_IRQHandler
                0x08007244                RTCAlarm_IRQHandler
                0x08007244                DMA2_Channel4_5_IRQHandler
                0x08007244                I2C2_ER_IRQHandler
                0x08007244                DMA1_Channel2_IRQHandler
                0x08007244                TIM8_BRK_IRQHandler
                0x08007244                CAN1_SCE_IRQHandler
                0x08007244                FLASH_IRQHandler
                0x08007244                OTG_FS_IRQHandler
                0x08007244                SPI3_IRQHandler
                0x08007244                I2C1_ER_IRQHandler
                0x08007244                USBWakeUp_IRQHandler
                0x08007244                DMA2_Channel3_IRQHandler
                0x08007244                TIM1_BRK_TIM15_IRQHandler
                0x08007248                . = ALIGN (0x4)

.inits          0x08007248        0x0
                0x08007248                . = ALIGN (0x4)
 *(.init)
 *(.fini)
                0x08007248                . = ALIGN (0x4)
                0x08007248                PROVIDE (__preinit_array_start, .)
 *(.preinit_array_sysinit .preinit_array_sysinit.*)
 *(.preinit_array_platform .preinit_array_platform.*)
 *(.preinit_array .preinit_array.*)
                0x08007248                PROVIDE (__preinit_array_end, .)
                0x08007248                . = ALIGN (0x4)
                0x08007248                PROVIDE (__init_array_start, .)
 *(SORT(.init_array.*))
 *(.init_array)
                0x08007248                PROVIDE (__init_array_end, .)
                0x08007248                . = ALIGN (0x4)
                0x08007248                PROVIDE (__fini_array_start, .)
 *(SORT(.fini_array.*))
 *(.fini_array)
                0x08007248                PROVIDE (__fini_array_end, .)
                0x08007248                . = ALIGN (0x4)

.flashtext      0x08007248        0x0
                0x08007248                . = ALIGN (0x4)
 *(.flashtext .flashtext.*)
                0x08007248                . = ALIGN (0x4)

.text           0x08007248    0x13200
                0x08007248                . = ALIGN (0x4)
 *(.text .text.*)
 .text.NVIC_PriorityGroupConfig
                0x08007248       0x40 ./system/src/stm32f1-stdperiph/misc.o
                0x08007248                NVIC_PriorityGroupConfig
 .text.NVIC_Init
                0x08007288       0x98 ./system/src/stm32f1-stdperiph/misc.o
                0x08007288                NVIC_Init
 .text.NVIC_SetVectorTable
                0x08007320       0x44 ./system/src/stm32f1-stdperiph/misc.o
                0x08007320                NVIC_SetVectorTable
 .text.SysTick_CLKSourceConfig
                0x08007364       0x34 ./system/src/stm32f1-stdperiph/misc.o
                0x08007364                SysTick_CLKSourceConfig
 .text.ADC_Init
                0x08007398      0x148 ./system/src/stm32f1-stdperiph/stm32f10x_adc.o
                0x08007398                ADC_Init
 .text.ADC_Cmd  0x080074e0       0x54 ./system/src/stm32f1-stdperiph/stm32f10x_adc.o
                0x080074e0                ADC_Cmd
 .text.ADC_DMACmd
                0x08007534       0x4c ./system/src/stm32f1-stdperiph/stm32f10x_adc.o
                0x08007534                ADC_DMACmd
 .text.ADC_ResetCalibration
                0x08007580       0x38 ./system/src/stm32f1-stdperiph/stm32f10x_adc.o
                0x08007580                ADC_ResetCalibration
 .text.ADC_GetResetCalibrationStatus
                0x080075b8       0x3c ./system/src/stm32f1-stdperiph/stm32f10x_adc.o
                0x080075b8                ADC_GetResetCalibrationStatus
 .text.ADC_StartCalibration
                0x080075f4       0x38 ./system/src/stm32f1-stdperiph/stm32f10x_adc.o
                0x080075f4                ADC_StartCalibration
 .text.ADC_GetCalibrationStatus
                0x0800762c       0x3c ./system/src/stm32f1-stdperiph/stm32f10x_adc.o
                0x0800762c                ADC_GetCalibrationStatus
 .text.ADC_SoftwareStartConvCmd
                0x08007668       0x54 ./system/src/stm32f1-stdperiph/stm32f10x_adc.o
                0x08007668                ADC_SoftwareStartConvCmd
 .text.ADC_RegularChannelConfig
                0x080076bc       0xf0 ./system/src/stm32f1-stdperiph/stm32f10x_adc.o
                0x080076bc                ADC_RegularChannelConfig
 .text.DMA_DeInit
                0x080077ac      0x178 ./system/src/stm32f1-stdperiph/stm32f10x_dma.o
                0x080077ac                DMA_DeInit
 .text.DMA_Init
                0x08007924      0x150 ./system/src/stm32f1-stdperiph/stm32f10x_dma.o
                0x08007924                DMA_Init
 .text.DMA_Cmd  0x08007a74       0x8c ./system/src/stm32f1-stdperiph/stm32f10x_dma.o
                0x08007a74                DMA_Cmd
 .text.DMA_GetFlagStatus
                0x08007b00      0x16c ./system/src/stm32f1-stdperiph/stm32f10x_dma.o
                0x08007b00                DMA_GetFlagStatus
 .text.FLASH_SetLatency
                0x08007c6c       0x28 ./system/src/stm32f1-stdperiph/stm32f10x_flash.o
                0x08007c6c                FLASH_SetLatency
 .text.FLASH_PrefetchBufferCmd
                0x08007c94       0x30 ./system/src/stm32f1-stdperiph/stm32f10x_flash.o
                0x08007c94                FLASH_PrefetchBufferCmd
 .text.FLASH_Unlock
                0x08007cc4       0x18 ./system/src/stm32f1-stdperiph/stm32f10x_flash.o
                0x08007cc4                FLASH_Unlock
 .text.FLASH_Lock
                0x08007cdc       0x10 ./system/src/stm32f1-stdperiph/stm32f10x_flash.o
                0x08007cdc                FLASH_Lock
 .text.FLASH_ClearFlag
                0x08007cec       0x24 ./system/src/stm32f1-stdperiph/stm32f10x_flash.o
                0x08007cec                FLASH_ClearFlag
 .text.FLASH_GetBank1Status
                0x08007d10       0x34 ./system/src/stm32f1-stdperiph/stm32f10x_flash.o
                0x08007d10                FLASH_GetBank1Status
 .text.FLASH_WaitForLastOperation
                0x08007d44       0x20 ./system/src/stm32f1-stdperiph/stm32f10x_flash.o
                0x08007d44                FLASH_WaitForLastOperation
 .text.FLASH_ErasePage
                0x08007d64       0x5c ./system/src/stm32f1-stdperiph/stm32f10x_flash.o
                0x08007d64                FLASH_ErasePage
 .text.FLASH_ProgramWord
                0x08007dc0       0x88 ./system/src/stm32f1-stdperiph/stm32f10x_flash.o
                0x08007dc0                FLASH_ProgramWord
 .text.GPIO_Init
                0x08007e48      0x138 ./system/src/stm32f1-stdperiph/stm32f10x_gpio.o
                0x08007e48                GPIO_Init
 .text.GPIO_ReadInputDataBit
                0x08007f80       0xb8 ./system/src/stm32f1-stdperiph/stm32f10x_gpio.o
                0x08007f80                GPIO_ReadInputDataBit
 .text.GPIO_ReadOutputDataBit
                0x08008038       0xb8 ./system/src/stm32f1-stdperiph/stm32f10x_gpio.o
                0x08008038                GPIO_ReadOutputDataBit
 .text.GPIO_SetBits
                0x080080f0       0x60 ./system/src/stm32f1-stdperiph/stm32f10x_gpio.o
                0x080080f0                GPIO_SetBits
 .text.GPIO_ResetBits
                0x08008150       0x60 ./system/src/stm32f1-stdperiph/stm32f10x_gpio.o
                0x08008150                GPIO_ResetBits
 .text.GPIO_PinRemapConfig
                0x080081b0      0x1cc ./system/src/stm32f1-stdperiph/stm32f10x_gpio.o
                0x080081b0                GPIO_PinRemapConfig
 .text.I2C_Init
                0x0800837c      0x16c ./system/src/stm32f1-stdperiph/stm32f10x_i2c.o
                0x0800837c                I2C_Init
 .text.I2C_Cmd  0x080084e8       0x50 ./system/src/stm32f1-stdperiph/stm32f10x_i2c.o
                0x080084e8                I2C_Cmd
 .text.I2C_GenerateSTART
                0x08008538       0x50 ./system/src/stm32f1-stdperiph/stm32f10x_i2c.o
                0x08008538                I2C_GenerateSTART
 .text.I2C_GenerateSTOP
                0x08008588       0x50 ./system/src/stm32f1-stdperiph/stm32f10x_i2c.o
                0x08008588                I2C_GenerateSTOP
 .text.I2C_AcknowledgeConfig
                0x080085d8       0x50 ./system/src/stm32f1-stdperiph/stm32f10x_i2c.o
                0x080085d8                I2C_AcknowledgeConfig
 .text.I2C_SendData
                0x08008628       0x2c ./system/src/stm32f1-stdperiph/stm32f10x_i2c.o
                0x08008628                I2C_SendData
 .text.I2C_ReceiveData
                0x08008654       0x2c ./system/src/stm32f1-stdperiph/stm32f10x_i2c.o
                0x08008654                I2C_ReceiveData
 .text.I2C_Send7bitAddress
                0x08008680       0x48 ./system/src/stm32f1-stdperiph/stm32f10x_i2c.o
                0x08008680                I2C_Send7bitAddress
 .text.I2C_CheckEvent
                0x080086c8       0xec ./system/src/stm32f1-stdperiph/stm32f10x_i2c.o
                0x080086c8                I2C_CheckEvent
 .text.I2C_GetFlagStatus
                0x080087b4       0xf4 ./system/src/stm32f1-stdperiph/stm32f10x_i2c.o
                0x080087b4                I2C_GetFlagStatus
 .text.IWDG_WriteAccessCmd
                0x080088a8       0x24 ./system/src/stm32f1-stdperiph/stm32f10x_iwdg.o
                0x080088a8                IWDG_WriteAccessCmd
 .text.IWDG_SetPrescaler
                0x080088cc       0x20 ./system/src/stm32f1-stdperiph/stm32f10x_iwdg.o
                0x080088cc                IWDG_SetPrescaler
 .text.IWDG_SetReload
                0x080088ec       0x20 ./system/src/stm32f1-stdperiph/stm32f10x_iwdg.o
                0x080088ec                IWDG_SetReload
 .text.IWDG_ReloadCounter
                0x0800890c       0x10 ./system/src/stm32f1-stdperiph/stm32f10x_iwdg.o
                0x0800890c                IWDG_ReloadCounter
 .text.IWDG_Enable
                0x0800891c       0x10 ./system/src/stm32f1-stdperiph/stm32f10x_iwdg.o
                0x0800891c                IWDG_Enable
 .text.RCC_DeInit
                0x0800892c       0x40 ./system/src/stm32f1-stdperiph/stm32f10x_rcc.o
                0x0800892c                RCC_DeInit
 .text.RCC_HSEConfig
                0x0800896c       0x5c ./system/src/stm32f1-stdperiph/stm32f10x_rcc.o
                0x0800896c                RCC_HSEConfig
 .text.RCC_PLLConfig
                0x080089c8       0x98 ./system/src/stm32f1-stdperiph/stm32f10x_rcc.o
                0x080089c8                RCC_PLLConfig
 .text.RCC_PLLCmd
                0x08008a60       0x20 ./system/src/stm32f1-stdperiph/stm32f10x_rcc.o
                0x08008a60                RCC_PLLCmd
 .text.RCC_SYSCLKConfig
                0x08008a80       0x28 ./system/src/stm32f1-stdperiph/stm32f10x_rcc.o
                0x08008a80                RCC_SYSCLKConfig
 .text.RCC_GetSYSCLKSource
                0x08008aa8       0x10 ./system/src/stm32f1-stdperiph/stm32f10x_rcc.o
                0x08008aa8                RCC_GetSYSCLKSource
 .text.RCC_HCLKConfig
                0x08008ab8       0x48 ./system/src/stm32f1-stdperiph/stm32f10x_rcc.o
                0x08008ab8                RCC_HCLKConfig
 .text.RCC_PCLK1Config
                0x08008b00       0x40 ./system/src/stm32f1-stdperiph/stm32f10x_rcc.o
                0x08008b00                RCC_PCLK1Config
 .text.RCC_PCLK2Config
                0x08008b40       0x40 ./system/src/stm32f1-stdperiph/stm32f10x_rcc.o
                0x08008b40                RCC_PCLK2Config
 .text.RCC_GetClocksFreq
                0x08008b80       0xc0 ./system/src/stm32f1-stdperiph/stm32f10x_rcc.o
                0x08008b80                RCC_GetClocksFreq
 .text.RCC_AHBPeriphClockCmd
                0x08008c40       0x4c ./system/src/stm32f1-stdperiph/stm32f10x_rcc.o
                0x08008c40                RCC_AHBPeriphClockCmd
 .text.RCC_APB2PeriphClockCmd
                0x08008c8c       0x4c ./system/src/stm32f1-stdperiph/stm32f10x_rcc.o
                0x08008c8c                RCC_APB2PeriphClockCmd
 .text.RCC_APB1PeriphClockCmd
                0x08008cd8       0x4c ./system/src/stm32f1-stdperiph/stm32f10x_rcc.o
                0x08008cd8                RCC_APB1PeriphClockCmd
 .text.RCC_GetFlagStatus
                0x08008d24       0x64 ./system/src/stm32f1-stdperiph/stm32f10x_rcc.o
                0x08008d24                RCC_GetFlagStatus
 .text.RCC_WaitForHSEStartUp
                0x08008d88       0x34 ./system/src/stm32f1-stdperiph/stm32f10x_rcc.o
                0x08008d88                RCC_WaitForHSEStartUp
 .text.RCC_ClearFlag
                0x08008dbc       0x10 ./system/src/stm32f1-stdperiph/stm32f10x_rcc.o
                0x08008dbc                RCC_ClearFlag
 .text.SPI_Init
                0x08008dcc      0x12c ./system/src/stm32f1-stdperiph/stm32f10x_spi.o
                0x08008dcc                SPI_Init
 .text.SPI_Cmd  0x08008ef8       0x58 ./system/src/stm32f1-stdperiph/stm32f10x_spi.o
                0x08008ef8                SPI_Cmd
 .text.SPI_I2S_DMACmd
                0x08008f50       0x6c ./system/src/stm32f1-stdperiph/stm32f10x_spi.o
                0x08008f50                SPI_I2S_DMACmd
 .text.SPI_I2S_SendData
                0x08008fbc       0x34 ./system/src/stm32f1-stdperiph/stm32f10x_spi.o
                0x08008fbc                SPI_I2S_SendData
 .text.SPI_I2S_ReceiveData
                0x08008ff0       0x34 ./system/src/stm32f1-stdperiph/stm32f10x_spi.o
                0x08008ff0                SPI_I2S_ReceiveData
 .text.SPI_I2S_GetFlagStatus
                0x08009024       0x68 ./system/src/stm32f1-stdperiph/stm32f10x_spi.o
                0x08009024                SPI_I2S_GetFlagStatus
 .text.TIM_TimeBaseInit
                0x0800908c      0x15c ./system/src/stm32f1-stdperiph/stm32f10x_tim.o
                0x0800908c                TIM_TimeBaseInit
 .text.TIM_Cmd  0x080091e8       0xc8 ./system/src/stm32f1-stdperiph/stm32f10x_tim.o
                0x080091e8                TIM_Cmd
 .text.TIM_ITConfig
                0x080092b0       0xd8 ./system/src/stm32f1-stdperiph/stm32f10x_tim.o
                0x080092b0                TIM_ITConfig
 .text.TIM_PrescalerConfig
                0x08009388       0xb4 ./system/src/stm32f1-stdperiph/stm32f10x_tim.o
                0x08009388                TIM_PrescalerConfig
 .text.TIM_ClearFlag
                0x0800943c       0xb8 ./system/src/stm32f1-stdperiph/stm32f10x_tim.o
                0x0800943c                TIM_ClearFlag
 .text.TIM_GetITStatus
                0x080094f4       0xdc ./system/src/stm32f1-stdperiph/stm32f10x_tim.o
                0x080094f4                TIM_GetITStatus
 .text.TIM_ClearITPendingBit
                0x080095d0       0xb8 ./system/src/stm32f1-stdperiph/stm32f10x_tim.o
                0x080095d0                TIM_ClearITPendingBit
 .text.USART_Init
                0x08009688      0x1ac ./system/src/stm32f1-stdperiph/stm32f10x_usart.o
                0x08009688                USART_Init
 .text.USART_ClockInit
                0x08009834       0x9c ./system/src/stm32f1-stdperiph/stm32f10x_usart.o
                0x08009834                USART_ClockInit
 .text.USART_Cmd
                0x080098d0       0x68 ./system/src/stm32f1-stdperiph/stm32f10x_usart.o
                0x080098d0                USART_Cmd
 .text.USART_ITConfig
                0x08009938       0xec ./system/src/stm32f1-stdperiph/stm32f10x_usart.o
                0x08009938                USART_ITConfig
 .text.USART_SendData
                0x08009a24       0x58 ./system/src/stm32f1-stdperiph/stm32f10x_usart.o
                0x08009a24                USART_SendData
 .text.USART_ReceiveData
                0x08009a7c       0x44 ./system/src/stm32f1-stdperiph/stm32f10x_usart.o
                0x08009a7c                USART_ReceiveData
 .text.USART_GetFlagStatus
                0x08009ac0       0xa8 ./system/src/stm32f1-stdperiph/stm32f10x_usart.o
                0x08009ac0                USART_GetFlagStatus
 .text.USART_GetITStatus
                0x08009b68       0xf8 ./system/src/stm32f1-stdperiph/stm32f10x_usart.o
                0x08009b68                USART_GetITStatus
 .text.USART_ClearITPendingBit
                0x08009c60       0xa0 ./system/src/stm32f1-stdperiph/stm32f10x_usart.o
                0x08009c60                USART_ClearITPendingBit
 .text._exit    0x08009d00        0x4 ./system/src/newlib/_exit.o
                0x08009d00                _exit
 .text.abort    0x08009d04       0x14 ./system/src/newlib/_exit.o
                0x08009d04                abort
 .text._sbrk    0x08009d18       0x44 ./system/src/newlib/_sbrk.o
                0x08009d18                _sbrk
 .text.__initialize_args
                0x08009d5c       0x10 ./system/src/newlib/_syscalls.o
                0x08009d5c                __initialize_args
 .text._close   0x08009d6c       0x10 ./system/src/newlib/_syscalls.o
                0x08009d6c                _close
 .text._fstat   0x08009d7c       0x10 ./system/src/newlib/_syscalls.o
                0x08009d7c                _fstat
 .text._isatty  0x08009d8c       0x10 ./system/src/newlib/_syscalls.o
                0x08009d8c                _isatty
 .text._lseek   0x08009d9c       0x10 ./system/src/newlib/_syscalls.o
                0x08009d9c                _lseek
 .text.assert_failed
                0x08009dac       0x18 ./system/src/newlib/assert.o
                0x08009dac                assert_failed
 .text.trace_printf
                0x08009dc4       0x34 ./system/src/diag/Trace.o
                0x08009dc4                trace_printf
 .text.trace_puts
                0x08009df8       0x20 ./system/src/diag/Trace.o
                0x08009df8                trace_puts
 .text._trace_write_itm
                0x08009e18       0x3c ./system/src/diag/trace_impl.o
 .text.trace_write
                0x08009e54        0x8 ./system/src/diag/trace_impl.o
                0x08009e54                trace_write
 .text.__initialize_hardware
                0x08009e5c        0x8 ./system/src/cortexm/_initialize_hardware.o
                0x08009e5c                __initialize_hardware
 .text.SetSysClockTo72
                0x08009e64       0xc4 ./system/src/cmsis/system_stm32f10x.o
 .text.SetSysClock
                0x08009f28        0x8 ./system/src/cmsis/system_stm32f10x.o
 .text.SystemInit
                0x08009f30       0x50 ./system/src/cmsis/system_stm32f10x.o
                0x08009f30                SystemInit
 .text.NVIC_Configuration
                0x08009f80       0x1c ./src/util/boardutil.o
                0x08009f80                NVIC_Configuration
 .text.IWDG_Configureation
                0x08009f9c       0x2c ./src/util/boardutil.o
                0x08009f9c                IWDG_Configureation
 .text.LED_Init
                0x08009fc8       0x44 ./src/util/boardutil.o
                0x08009fc8                LED_Init
 .text.LED_On   0x0800a00c       0x20 ./src/util/boardutil.o
                0x0800a00c                LED_On
 .text.LED_Off  0x0800a02c       0x20 ./src/util/boardutil.o
                0x0800a02c                LED_Off
 .text.get_LED_Status
                0x0800a04c       0x20 ./src/util/boardutil.o
                0x0800a04c                get_LED_Status
 .text.Delay    0x0800a06c       0x18 ./src/util/boardutil.o
                0x0800a06c                Delay
 .text.delay_us
                0x0800a084       0x60 ./src/util/boardutil.o
                0x0800a084                delay_us
 .text.delay_ms
                0x0800a0e4       0x10 ./src/util/boardutil.o
                0x0800a0e4                delay_ms
 .text.check_spiflash_flag
                0x0800a0f4       0x2c ./src/util/boardutil.o
                0x0800a0f4                check_spiflash_flag
 .text.save_spiflash_flag
                0x0800a120       0x1c ./src/util/boardutil.o
                0x0800a120                save_spiflash_flag
 .text.disk_initialize
                0x0800a13c        0x4 ./src/util/diskio.o
                0x0800a13c                disk_initialize
 .text.disk_status
                0x0800a140        0x4 ./src/util/diskio.o
                0x0800a140                disk_status
 .text.disk_read
                0x0800a144       0x38 ./src/util/diskio.o
                0x0800a144                disk_read
 .text.disk_write
                0x0800a17c       0x4c ./src/util/diskio.o
                0x0800a17c                disk_write
 .text.disk_ioctl
                0x0800a1c8       0x88 ./src/util/diskio.o
                0x0800a1c8                disk_ioctl
 .text.get_fattime
                0x0800a250       0x4c ./src/util/diskio.o
                0x0800a250                get_fattime
 .text.bsp_sd_gpio_init
                0x0800a29c       0x2c ./src/util/mmc_sd.o
                0x0800a29c                bsp_sd_gpio_init
 .text.SD_GetResponse
                0x0800a2c8       0x28 ./src/util/mmc_sd.o
                0x0800a2c8                SD_GetResponse
 .text.SD_WaitDataReady
                0x0800a2f0       0x5c ./src/util/mmc_sd.o
                0x0800a2f0                SD_WaitDataReady
 .text.SD_SendCommand
                0x0800a34c       0x8c ./src/util/mmc_sd.o
                0x0800a34c                SD_SendCommand
 .text.SD_SendCommand_NoDeassert
                0x0800a3d8       0x68 ./src/util/mmc_sd.o
                0x0800a3d8                SD_SendCommand_NoDeassert
 .text.SD_Idle_Sta
                0x0800a440       0x4c ./src/util/mmc_sd.o
                0x0800a440                SD_Idle_Sta
 .text.SD_Init  0x0800a48c      0x1e8 ./src/util/mmc_sd.o
                0x0800a48c                SD_Init
 .text.SD_ReceiveData
                0x0800a674       0x74 ./src/util/mmc_sd.o
                0x0800a674                SD_ReceiveData
 .text.SD_GetCSD
                0x0800a6e8       0x20 ./src/util/mmc_sd.o
                0x0800a6e8                SD_GetCSD
 .text.SD_GetCapacity
                0x0800a708       0x94 ./src/util/mmc_sd.o
                0x0800a708                SD_GetCapacity
 .text.SD_ReadSingleBlock
                0x0800a79c       0x30 ./src/util/mmc_sd.o
                0x0800a79c                SD_ReadSingleBlock
 .text.SD_WriteSingleBlock
                0x0800a7cc       0xc8 ./src/util/mmc_sd.o
                0x0800a7cc                SD_WriteSingleBlock
 .text.SD_ReadMultiBlock
                0x0800a894       0x64 ./src/util/mmc_sd.o
                0x0800a894                SD_ReadMultiBlock
 .text.SD_WriteMultiBlock
                0x0800a8f8       0xfc ./src/util/mmc_sd.o
                0x0800a8f8                SD_WriteMultiBlock
 .text.SD_WaitReady
                0x0800a9f4       0x14 ./src/util/mmc_sd.o
                0x0800a9f4                SD_WaitReady
 .text.bsp_set_spi2_speed
                0x0800aa08       0x70 ./src/util/spi.o
                0x0800aa08                bsp_set_spi2_speed
 .text.bsp_readwritebyte_spi2
                0x0800aa78       0x60 ./src/util/spi.o
                0x0800aa78                bsp_readwritebyte_spi2
 .text.w5500_dhcp_assign
                0x0800aad8       0x90 ./src/callback/dhcp_cb.o
                0x0800aad8                w5500_dhcp_assign
 .text.w5500_dhcp_conflict
                0x0800ab68        0x4 ./src/callback/dhcp_cb.o
                0x0800ab68                w5500_dhcp_conflict
 .text.mem_cpy  0x0800ab6c       0x14 ./src/PlatformHandler/FatFs/ff.o
 .text.mem_set  0x0800ab80       0x14 ./src/PlatformHandler/FatFs/ff.o
 .text.mem_cmp  0x0800ab94       0x24 ./src/PlatformHandler/FatFs/ff.o
 .text.chk_chr  0x0800abb8       0x14 ./src/PlatformHandler/FatFs/ff.o
 .text.ld_clust
                0x0800abcc       0x20 ./src/PlatformHandler/FatFs/ff.o
 .text.st_clust
                0x0800abec       0x14 ./src/PlatformHandler/FatFs/ff.o
 .text.fit_lfn  0x0800ac00       0x6c ./src/PlatformHandler/FatFs/ff.o
 .text.gen_numname
                0x0800ac6c       0xb8 ./src/PlatformHandler/FatFs/ff.o
 .text.sum_sfn  0x0800ad24       0x1c ./src/PlatformHandler/FatFs/ff.o
 .text.get_ldnumber
                0x0800ad40       0x5c ./src/PlatformHandler/FatFs/ff.o
 .text.sync_window
                0x0800ad9c       0x64 ./src/PlatformHandler/FatFs/ff.o
 .text.move_window
                0x0800ae00       0x38 ./src/PlatformHandler/FatFs/ff.o
 .text.check_fs
                0x0800ae38       0x80 ./src/PlatformHandler/FatFs/ff.o
 .text.validate
                0x0800aeb8       0x38 ./src/PlatformHandler/FatFs/ff.o
 .text.find_volume
                0x0800aef0      0x3a4 ./src/PlatformHandler/FatFs/ff.o
 .text.create_name
                0x0800b294      0x280 ./src/PlatformHandler/FatFs/ff.o
 .text.cmp_lfn  0x0800b514       0x98 ./src/PlatformHandler/FatFs/ff.o
 .text.sync_fs  0x0800b5ac       0xc0 ./src/PlatformHandler/FatFs/ff.o
 .text.clust2sect
                0x0800b66c       0x18 ./src/PlatformHandler/FatFs/ff.o
                0x0800b66c                clust2sect
 .text.get_fat  0x0800b684       0xe4 ./src/PlatformHandler/FatFs/ff.o
                0x0800b684                get_fat
 .text.dir_sdi  0x0800b768       0x94 ./src/PlatformHandler/FatFs/ff.o
 .text.put_fat  0x0800b7fc      0x118 ./src/PlatformHandler/FatFs/ff.o
                0x0800b7fc                put_fat
 .text.create_chain
                0x0800b914       0xc4 ./src/PlatformHandler/FatFs/ff.o
 .text.dir_next
                0x0800b9d8      0x124 ./src/PlatformHandler/FatFs/ff.o
 .text.dir_find
                0x0800bafc       0xd8 ./src/PlatformHandler/FatFs/ff.o
 .text.follow_path
                0x0800bbd4       0x84 ./src/PlatformHandler/FatFs/ff.o
 .text.dir_alloc
                0x0800bc58       0x54 ./src/PlatformHandler/FatFs/ff.o
 .text.dir_register
                0x0800bcac      0x124 ./src/PlatformHandler/FatFs/ff.o
 .text.remove_chain
                0x0800bdd0       0x70 ./src/PlatformHandler/FatFs/ff.o
 .text.f_mount  0x0800be40       0x58 ./src/PlatformHandler/FatFs/ff.o
                0x0800be40                f_mount
 .text.f_open   0x0800be98      0x168 ./src/PlatformHandler/FatFs/ff.o
                0x0800be98                f_open
 .text.f_read   0x0800c000      0x174 ./src/PlatformHandler/FatFs/ff.o
                0x0800c000                f_read
 .text.f_sync   0x0800c174       0xa4 ./src/PlatformHandler/FatFs/ff.o
                0x0800c174                f_sync
 .text.f_close  0x0800c218       0x20 ./src/PlatformHandler/FatFs/ff.o
                0x0800c218                f_close
 .text.f_lseek  0x0800c238      0x160 ./src/PlatformHandler/FatFs/ff.o
                0x0800c238                f_lseek
 .text.f_getfree
                0x0800c398       0xec ./src/PlatformHandler/FatFs/ff.o
                0x0800c398                f_getfree
 .text.f_mkfs   0x0800c484      0x6ec ./src/PlatformHandler/FatFs/ff.o
                0x0800c484                f_mkfs
 .text.ff_convert
                0x0800cb70       0x38 ./src/PlatformHandler/FatFs/ff_lfn_required.o
                0x0800cb70                ff_convert
 .text.ff_wtoupper
                0x0800cba8       0x10 ./src/PlatformHandler/FatFs/ff_lfn_required.o
                0x0800cba8                ff_wtoupper
 .text.adc_dmamulti_init
                0x0800cbb8      0x114 ./src/PlatformHandler/adcHandler.o
                0x0800cbb8                adc_dmamulti_init
 .text.erase_flash_page
                0x0800cccc       0x2c ./src/PlatformHandler/flashHandler.o
                0x0800cccc                erase_flash_page
 .text.write_flash
                0x0800ccf8       0x50 ./src/PlatformHandler/flashHandler.o
                0x0800ccf8                write_flash
 .text.read_flash
                0x0800cd48       0x18 ./src/PlatformHandler/flashHandler.o
                0x0800cd48                read_flash
 .text.probe_flash
                0x0800cd60       0x78 ./src/PlatformHandler/flashHandler.o
                0x0800cd60                probe_flash
 .text.IO_Init  0x0800cdd8       0x54 ./src/PlatformHandler/gpioHandler.o
                0x0800cdd8                IO_Init
 .text.IO_On    0x0800ce2c       0x2c ./src/PlatformHandler/gpioHandler.o
                0x0800ce2c                IO_On
 .text.IO_Off   0x0800ce58       0x2c ./src/PlatformHandler/gpioHandler.o
                0x0800ce58                IO_Off
 .text.get_IO_Status
                0x0800ce84       0x48 ./src/PlatformHandler/gpioHandler.o
                0x0800ce84                get_IO_Status
 .text.I2C1Initialize
                0x0800cecc       0x74 ./src/PlatformHandler/i2cHandler.o
                0x0800cecc                I2C1Initialize
 .text.EEP_Read
                0x0800cf40      0x114 ./src/PlatformHandler/i2cHandler.o
                0x0800cf40                EEP_Read
 .text.EEP_Write
                0x0800d054       0xc8 ./src/PlatformHandler/i2cHandler.o
                0x0800d054                EEP_Write
 .text.getMountedMemorySize
                0x0800d11c       0x58 ./src/PlatformHandler/mmcHandler.o
                0x0800d11c                getMountedMemorySize
 .text.mmc_mount
                0x0800d174       0x40 ./src/PlatformHandler/mmcHandler.o
                0x0800d174                mmc_mount
 .text.flash_mount
                0x0800d1b4       0x50 ./src/PlatformHandler/mmcHandler.o
                0x0800d1b4                flash_mount
 .text.RCC_Configuration
                0x0800d204       0x7c ./src/PlatformHandler/rccHandler.o
                0x0800d204                RCC_Configuration
 .text.RingBuffer_Init
                0x0800d280       0x10 ./src/PlatformHandler/ring_buffer.o
                0x0800d280                RingBuffer_Init
 .text.RingBuffer_Insert
                0x0800d290       0x34 ./src/PlatformHandler/ring_buffer.o
                0x0800d290                RingBuffer_Insert
 .text.RingBuffer_InsertMult
                0x0800d2c4       0x98 ./src/PlatformHandler/ring_buffer.o
                0x0800d2c4                RingBuffer_InsertMult
 .text.RingBuffer_Pop
                0x0800d35c       0x30 ./src/PlatformHandler/ring_buffer.o
                0x0800d35c                RingBuffer_Pop
 .text.RingBuffer_PopMult
                0x0800d38c       0x78 ./src/PlatformHandler/ring_buffer.o
                0x0800d38c                RingBuffer_PopMult
 .text.wizchip_select
                0x0800d404       0x14 ./src/PlatformHandler/spiHandler.o
 .text.wizchip_deselect
                0x0800d418       0x14 ./src/PlatformHandler/spiHandler.o
 .text.wizchip_rw
                0x0800d42c       0x3c ./src/PlatformHandler/spiHandler.o
 .text.wizchip_write
                0x0800d468        0x8 ./src/PlatformHandler/spiHandler.o
                0x0800d468                wizchip_write
 .text.wizchip_read
                0x0800d470        0xc ./src/PlatformHandler/spiHandler.o
                0x0800d470                wizchip_read
 .text.stm32_wizchip_dma_transfer
                0x0800d47c       0xd8 ./src/PlatformHandler/spiHandler.o
 .text.wizchip_readburst
                0x0800d554       0x10 ./src/PlatformHandler/spiHandler.o
                0x0800d554                wizchip_readburst
 .text.wizchip_writeburst
                0x0800d564       0x10 ./src/PlatformHandler/spiHandler.o
                0x0800d564                wizchip_writeburst
 .text.W5500_SPI_LowLevel_Init
                0x0800d574       0xd0 ./src/PlatformHandler/spiHandler.o
                0x0800d574                W5500_SPI_LowLevel_Init
 .text.W5500_Init
                0x0800d644       0x7c ./src/PlatformHandler/spiHandler.o
                0x0800d644                W5500_Init
 .text.read_storage
                0x0800d6c0       0x48 ./src/PlatformHandler/storageHandler.o
                0x0800d6c0                read_storage
 .text.write_storage
                0x0800d708       0xac ./src/PlatformHandler/storageHandler.o
                0x0800d708                write_storage
 .text.TIM2_IRQHandler
                0x0800d7b4       0x6c ./src/PlatformHandler/timerHandler.o
                0x0800d7b4                TIM2_IRQHandler
 .text.Timer_Configuration
                0x0800d820       0x6c ./src/PlatformHandler/timerHandler.o
                0x0800d820                Timer_Configuration
 .text.Chip_UART_SendRB
                0x0800d88c       0x30 ./src/PlatformHandler/uartHandler.o
 .text.getUSART1buf
                0x0800d8bc       0x18 ./src/PlatformHandler/uartHandler.o
                0x0800d8bc                getUSART1buf
 .text.USART1_flush
                0x0800d8d4       0x24 ./src/PlatformHandler/uartHandler.o
                0x0800d8d4                USART1_flush
 .text.USART1_IRQHandler
                0x0800d8f8       0x74 ./src/PlatformHandler/uartHandler.o
                0x0800d8f8                USART1_IRQHandler
 .text.Usart_putc
                0x0800d96c       0x24 ./src/PlatformHandler/uartHandler.o
                0x0800d96c                Usart_putc
 .text.Usart_getc
                0x0800d990       0x3c ./src/PlatformHandler/uartHandler.o
                0x0800d990                Usart_getc
 .text._read    0x0800d9cc       0x34 ./src/PlatformHandler/uartHandler.o
                0x0800d9cc                _read
 .text._write   0x0800da00       0x4c ./src/PlatformHandler/uartHandler.o
                0x0800da00                _write
 .text.serial_info_init
                0x0800da4c       0xe4 ./src/PlatformHandler/uartHandler.o
                0x0800da4c                serial_info_init
 .text.USART1_Configuration
                0x0800db30       0x7c ./src/PlatformHandler/uartHandler.o
                0x0800db30                USART1_Configuration
 .text.Chip_UART_ReadRB
                0x0800dbac       0x30 ./src/PlatformHandler/uartHandler.o
                0x0800dbac                Chip_UART_ReadRB
 .text.Chip_UART_IRQRBHandler
                0x0800dbdc       0x68 ./src/PlatformHandler/uartHandler.o
                0x0800dbdc                Chip_UART_IRQRBHandler
 .text.USART2_IRQHandler
                0x0800dc44       0x1c ./src/PlatformHandler/uartHandler.o
                0x0800dc44                USART2_IRQHandler
 .text.USART2_Configuration
                0x0800dc60       0xcc ./src/PlatformHandler/uartHandler.o
                0x0800dc60                USART2_Configuration
 .text.UART_read
                0x0800dd2c       0x18 ./src/PlatformHandler/uartHandler.o
                0x0800dd2c                UART_read
 .text.UART_write
                0x0800dd44       0x18 ./src/PlatformHandler/uartHandler.o
                0x0800dd44                UART_write
 .text.UART_TxRB_GetCount
                0x0800dd5c       0x10 ./src/PlatformHandler/uartHandler.o
                0x0800dd5c                UART_TxRB_GetCount
 .text.UART2_flush
                0x0800dd6c       0x1c ./src/PlatformHandler/uartHandler.o
                0x0800dd6c                UART2_flush
 .text.read_IOstorage
                0x0800dd88       0x18 ./src/PlatformHandler/userHandler.o
                0x0800dd88                read_IOstorage
 .text.write_IOstorage
                0x0800dda0       0x20 ./src/PlatformHandler/userHandler.o
                0x0800dda0                write_IOstorage
 .text.IO_status_init
                0x0800ddc0       0xfc ./src/PlatformHandler/userHandler.o
                0x0800ddc0                IO_status_init
 .text.get_ADC_val
                0x0800debc       0x10 ./src/PlatformHandler/userHandler.o
                0x0800debc                get_ADC_val
 .text.make_basic_config_setting_json_callback
                0x0800decc      0x2b8 ./src/PlatformHandler/userHandler.o
                0x0800decc                make_basic_config_setting_json_callback
 .text.make_json_io_status
                0x0800e184      0x168 ./src/PlatformHandler/userHandler.o
                0x0800e184                make_json_io_status
 .text.make_json_ioalias_status
                0x0800e2ec      0x188 ./src/PlatformHandler/userHandler.o
                0x0800e2ec                make_json_ioalias_status
 .text.make_json_adc_status
                0x0800e474       0x50 ./src/PlatformHandler/userHandler.o
                0x0800e474                make_json_adc_status
 .text.make_json_serial_data
                0x0800e4c4       0x20 ./src/PlatformHandler/userHandler.o
                0x0800e4c4                make_json_serial_data
 .text.set_basic_config_setting
                0x0800e4e4      0x190 ./src/PlatformHandler/userHandler.o
                0x0800e4e4                set_basic_config_setting
 .text.set_digital_io_output
                0x0800e674       0x90 ./src/PlatformHandler/userHandler.o
                0x0800e674                set_digital_io_output
 .text.set_digital_io_alias
                0x0800e704       0x70 ./src/PlatformHandler/userHandler.o
                0x0800e704                set_digital_io_alias
 .text.set_digital_io_direction
                0x0800e774       0x80 ./src/PlatformHandler/userHandler.o
                0x0800e774                set_digital_io_direction
 .text.get_serial_data_from_web
                0x0800e7f4       0x2c ./src/PlatformHandler/userHandler.o
                0x0800e7f4                get_serial_data_from_web
 .text.set_factory_default_io_status
                0x0800e820       0x30 ./src/PlatformHandler/userHandler.o
                0x0800e820                set_factory_default_io_status
 .text.make_cgi_basic_config_response_page
                0x0800e850       0x50 ./src/PlatformHandler/userHandler.o
                0x0800e850                make_cgi_basic_config_response_page
 .text.make_json_dio
                0x0800e8a0       0x40 ./src/PlatformHandler/userHandler.o
                0x0800e8a0                make_json_dio
 .text.make_json_ain
                0x0800e8e0       0x24 ./src/PlatformHandler/userHandler.o
                0x0800e8e0                make_json_ain
 .text.make_json_devinfo
                0x0800e904       0x80 ./src/PlatformHandler/userHandler.o
                0x0800e904                make_json_devinfo
 .text.make_json_netinfo
                0x0800e984       0xac ./src/PlatformHandler/userHandler.o
                0x0800e984                make_json_netinfo
 .text.make_json_uartinfo
                0x0800ea30      0x154 ./src/PlatformHandler/userHandler.o
                0x0800ea30                make_json_uartinfo
 .text.predefined_get_cgi_processor
                0x0800eb84      0x128 ./src/PlatformHandler/userHandler.o
                0x0800eb84                predefined_get_cgi_processor
 .text.set_devinfo
                0x0800ecac       0x4c ./src/PlatformHandler/userHandler.o
                0x0800ecac                set_devinfo
 .text.set_netinfo
                0x0800ecf8       0xa4 ./src/PlatformHandler/userHandler.o
                0x0800ecf8                set_netinfo
 .text.set_uartinfo
                0x0800ed9c       0xf0 ./src/PlatformHandler/userHandler.o
                0x0800ed9c                set_uartinfo
 .text.set_diodir
                0x0800ee8c       0x64 ./src/PlatformHandler/userHandler.o
                0x0800ee8c                set_diodir
 .text.set_diostate
                0x0800eef0       0x74 ./src/PlatformHandler/userHandler.o
                0x0800eef0                set_diostate
 .text.set_dioalias
                0x0800ef64       0x78 ./src/PlatformHandler/userHandler.o
                0x0800ef64                set_dioalias
 .text.predefined_set_cgi_processor
                0x0800efdc      0x110 ./src/PlatformHandler/userHandler.o
                0x0800efdc                predefined_set_cgi_processor
 .text.custom_command_handler
                0x0800f0ec        0x4 ./src/PlatformHandler/userHandler.o
                0x0800f0ec                custom_command_handler
 .text.DF_SPI_RW
                0x0800f0f0       0x3c ./src/Internet/httpServer/dataflash.o
 .text.DF_SPI_INIT
                0x0800f12c       0x2c ./src/Internet/httpServer/dataflash.o
 .text.DF_Init  0x0800f158       0x18 ./src/Internet/httpServer/dataflash.o
                0x0800f158                DF_Init
 .text.DataFlash_Init
                0x0800f170       0x1c ./src/Internet/httpServer/dataflash.o
                0x0800f170                DataFlash_Init
 .text.df_read_status
                0x0800f18c       0x7c ./src/Internet/httpServer/dataflash.o
                0x0800f18c                df_read_status
 .text.Flash_WaitReady
                0x0800f208       0x2c ./src/Internet/httpServer/dataflash.o
                0x0800f208                Flash_WaitReady
 .text.DF_PageToBuffer
                0x0800f234       0x78 ./src/Internet/httpServer/dataflash.o
                0x0800f234                DF_PageToBuffer
 .text.DF_BufferToPage
                0x0800f2ac       0x78 ./src/Internet/httpServer/dataflash.o
                0x0800f2ac                DF_BufferToPage
 .text.DF_BufferReadStr
                0x0800f324       0x64 ./src/Internet/httpServer/dataflash.o
                0x0800f324                DF_BufferReadStr
 .text.read_from_flashbuf
                0x0800f388       0x94 ./src/Internet/httpServer/dataflash.o
                0x0800f388                read_from_flashbuf
 .text.DF_BufferWriteStr
                0x0800f41c       0x58 ./src/Internet/httpServer/dataflash.o
                0x0800f41c                DF_BufferWriteStr
 .text.write_to_flashbuf
                0x0800f474       0x94 ./src/Internet/httpServer/dataflash.o
                0x0800f474                write_to_flashbuf
 .text.replacetochar
                0x0800f508       0x1c ./src/Internet/httpServer/httpParser.o
 .text.C2D      0x0800f524       0x34 ./src/Internet/httpServer/httpParser.o
 .text.unescape_http_url
                0x0800f558       0x40 ./src/Internet/httpServer/httpParser.o
                0x0800f558                unescape_http_url
 .text.make_http_response_head
                0x0800f598       0xd0 ./src/Internet/httpServer/httpParser.o
                0x0800f598                make_http_response_head
 .text.find_http_uri_type
                0x0800f668      0x198 ./src/Internet/httpServer/httpParser.o
                0x0800f668                find_http_uri_type
 .text.parse_http_request
                0x0800f800       0xb8 ./src/Internet/httpServer/httpParser.o
                0x0800f800                parse_http_request
 .text.get_http_uri_name
                0x0800f8b8       0x38 ./src/Internet/httpServer/httpParser.o
                0x0800f8b8                get_http_uri_name
 .text.ATOI     0x0800f8f0       0x24 ./src/Internet/httpServer/httpParser.o
                0x0800f8f0                ATOI
 .text.inet_addr_
                0x0800f914       0x5c ./src/Internet/httpServer/httpParser.o
                0x0800f914                inet_addr_
 .text.mid      0x0800f970       0x34 ./src/Internet/httpServer/httpParser.o
                0x0800f970                mid
 .text.get_http_param_value
                0x0800f9a4       0xb4 ./src/Internet/httpServer/httpParser.o
                0x0800f9a4                get_http_param_value
 .text.default_mcu_reset
                0x0800fa58        0x4 ./src/Internet/httpServer/httpServer.o
                0x0800fa58                default_mcu_reset
 .text.default_wdt_reset
                0x0800fa5c        0x4 ./src/Internet/httpServer/httpServer.o
                0x0800fa5c                default_wdt_reset
 .text.getHTTPSocketNum
                0x0800fa60        0xc ./src/Internet/httpServer/httpServer.o
 .text.getHTTPSequenceNum
                0x0800fa6c       0x24 ./src/Internet/httpServer/httpServer.o
 .text.http_disconnect
                0x0800fa90       0x20 ./src/Internet/httpServer/httpServer.o
 .text.send_http_response_cgi
                0x0800fab0       0x2c ./src/Internet/httpServer/httpServer.o
 .text.send_http_response_header
                0x0800fadc       0x70 ./src/Internet/httpServer/httpServer.o
 .text.send_http_response_body
                0x0800fb4c      0x128 ./src/Internet/httpServer/httpServer.o
 .text.http_process_handler
                0x0800fc74      0x1f8 ./src/Internet/httpServer/httpServer.o
 .text.httpServer_Sockinit
                0x0800fe6c       0x20 ./src/Internet/httpServer/httpServer.o
                0x0800fe6c                httpServer_Sockinit
 .text.httpServer_init
                0x0800fe8c       0x1c ./src/Internet/httpServer/httpServer.o
                0x0800fe8c                httpServer_init
 .text.reg_httpServer_cbfunc
                0x0800fea8       0x18 ./src/Internet/httpServer/httpServer.o
                0x0800fea8                reg_httpServer_cbfunc
 .text.httpServer_run
                0x0800fec0      0x190 ./src/Internet/httpServer/httpServer.o
                0x0800fec0                httpServer_run
 .text.httpServer_time_handler
                0x08010050       0x10 ./src/Internet/httpServer/httpServer.o
                0x08010050                httpServer_time_handler
 .text.http_get_cgi_handler
                0x08010060       0xb8 ./src/Internet/httpServer/httpUtil.o
                0x08010060                http_get_cgi_handler
 .text.http_post_cgi_handler
                0x08010118      0x104 ./src/Internet/httpServer/httpUtil.o
                0x08010118                http_post_cgi_handler
 .text.default_ip_assign
                0x0801021c       0x34 ./src/Internet/DHCP/dhcp.o
                0x0801021c                default_ip_assign
 .text.default_ip_update
                0x08010250       0x28 ./src/Internet/DHCP/dhcp.o
                0x08010250                default_ip_update
 .text.default_ip_conflict
                0x08010278       0x24 ./src/Internet/DHCP/dhcp.o
                0x08010278                default_ip_conflict
 .text.reg_dhcp_cbfunc
                0x0801029c       0x48 ./src/Internet/DHCP/dhcp.o
                0x0801029c                reg_dhcp_cbfunc
 .text.makeDHCPMSG
                0x080102e4       0xe8 ./src/Internet/DHCP/dhcp.o
                0x080102e4                makeDHCPMSG
 .text.send_DHCP_DISCOVER
                0x080103cc      0x15c ./src/Internet/DHCP/dhcp.o
                0x080103cc                send_DHCP_DISCOVER
 .text.send_DHCP_REQUEST
                0x08010528      0x220 ./src/Internet/DHCP/dhcp.o
                0x08010528                send_DHCP_REQUEST
 .text.send_DHCP_DECLINE
                0x08010748       0xfc ./src/Internet/DHCP/dhcp.o
                0x08010748                send_DHCP_DECLINE
 .text.parseDHCPMSG
                0x08010844      0x1c8 ./src/Internet/DHCP/dhcp.o
                0x08010844                parseDHCPMSG
 .text.check_DHCP_leasedIP
                0x08010a0c       0x6c ./src/Internet/DHCP/dhcp.o
                0x08010a0c                check_DHCP_leasedIP
 .text.reset_DHCP_timeout
                0x08010a78       0x20 ./src/Internet/DHCP/dhcp.o
                0x08010a78                reset_DHCP_timeout
 .text.check_DHCP_timeout
                0x08010a98       0x98 ./src/Internet/DHCP/dhcp.o
                0x08010a98                check_DHCP_timeout
 .text.DHCP_run
                0x08010b30      0x1c8 ./src/Internet/DHCP/dhcp.o
                0x08010b30                DHCP_run
 .text.DHCP_init
                0x08010cf8       0xbc ./src/Internet/DHCP/dhcp.o
                0x08010cf8                DHCP_init
 .text.DHCP_time_handler
                0x08010db4       0x10 ./src/Internet/DHCP/dhcp.o
                0x08010db4                DHCP_time_handler
 .text.getIPfromDHCP
                0x08010dc4       0x18 ./src/Internet/DHCP/dhcp.o
                0x08010dc4                getIPfromDHCP
 .text.getGWfromDHCP
                0x08010ddc       0x18 ./src/Internet/DHCP/dhcp.o
                0x08010ddc                getGWfromDHCP
 .text.getSNfromDHCP
                0x08010df4       0x18 ./src/Internet/DHCP/dhcp.o
                0x08010df4                getSNfromDHCP
 .text.getDNSfromDHCP
                0x08010e0c       0x18 ./src/Internet/DHCP/dhcp.o
                0x08010e0c                getDNSfromDHCP
 .text.getDHCPLeasetime
                0x08010e24        0xc ./src/Internet/DHCP/dhcp.o
                0x08010e24                getDHCPLeasetime
 .text.WIZCHIP_READ
                0x08010e30       0x3c ./src/Ethernet/W5500/w5500.o
                0x08010e30                WIZCHIP_READ
 .text.WIZCHIP_WRITE
                0x08010e6c       0x40 ./src/Ethernet/W5500/w5500.o
                0x08010e6c                WIZCHIP_WRITE
 .text.WIZCHIP_READ_BUF
                0x08010eac       0x64 ./src/Ethernet/W5500/w5500.o
                0x08010eac                WIZCHIP_READ_BUF
 .text.WIZCHIP_WRITE_BUF
                0x08010f10       0x64 ./src/Ethernet/W5500/w5500.o
                0x08010f10                WIZCHIP_WRITE_BUF
 .text.getSn_TX_FSR
                0x08010f74       0x44 ./src/Ethernet/W5500/w5500.o
                0x08010f74                getSn_TX_FSR
 .text.getSn_RX_RSR
                0x08010fb8       0x44 ./src/Ethernet/W5500/w5500.o
                0x08010fb8                getSn_RX_RSR
 .text.wiz_send_data
                0x08010ffc       0x5c ./src/Ethernet/W5500/w5500.o
                0x08010ffc                wiz_send_data
 .text.wiz_recv_data
                0x08011058       0x5c ./src/Ethernet/W5500/w5500.o
                0x08011058                wiz_recv_data
 .text.wiz_recv_ignore
                0x080110b4       0x3c ./src/Ethernet/W5500/w5500.o
                0x080110b4                wiz_recv_ignore
 .text.close    0x080110f0       0x6c ./src/Ethernet/socket.o
                0x080110f0                close
 .text.socket   0x0801115c      0x118 ./src/Ethernet/socket.o
                0x0801115c                socket
 .text.listen   0x08011274       0x70 ./src/Ethernet/socket.o
                0x08011274                listen
 .text.send     0x080112e4      0x140 ./src/Ethernet/socket.o
                0x080112e4                send
 .text.recv     0x08011424       0xf0 ./src/Ethernet/socket.o
                0x08011424                recv
 .text.sendto   0x08011514      0x148 ./src/Ethernet/socket.o
                0x08011514                sendto
 .text.recvfrom
                0x0801165c      0x1f0 ./src/Ethernet/socket.o
                0x0801165c                recvfrom
 .text.getsockopt
                0x0801184c      0x140 ./src/Ethernet/socket.o
                0x0801184c                getsockopt
 .text.wizchip_cris_enter
                0x0801198c        0x4 ./src/Ethernet/wizchip_conf.o
                0x0801198c                wizchip_cris_enter
 .text.wizchip_cris_exit
                0x08011990        0x4 ./src/Ethernet/wizchip_conf.o
                0x08011990                wizchip_cris_exit
 .text.wizchip_cs_select
                0x08011994        0x4 ./src/Ethernet/wizchip_conf.o
                0x08011994                wizchip_cs_select
 .text.wizchip_cs_deselect
                0x08011998        0x4 ./src/Ethernet/wizchip_conf.o
                0x08011998                wizchip_cs_deselect
 .text.wizchip_bus_readbyte
                0x0801199c        0x4 ./src/Ethernet/wizchip_conf.o
                0x0801199c                wizchip_bus_readbyte
 .text.wizchip_bus_writebyte
                0x080119a0        0x4 ./src/Ethernet/wizchip_conf.o
                0x080119a0                wizchip_bus_writebyte
 .text.wizchip_spi_readbyte
                0x080119a4        0x4 ./src/Ethernet/wizchip_conf.o
                0x080119a4                wizchip_spi_readbyte
 .text.wizchip_spi_writebyte
                0x080119a8        0x4 ./src/Ethernet/wizchip_conf.o
                0x080119a8                wizchip_spi_writebyte
 .text.wizchip_spi_readburst
                0x080119ac        0x4 ./src/Ethernet/wizchip_conf.o
                0x080119ac                wizchip_spi_readburst
 .text.wizchip_spi_writeburst
                0x080119b0        0x4 ./src/Ethernet/wizchip_conf.o
                0x080119b0                wizchip_spi_writeburst
 .text.reg_wizchip_cs_cbfunc
                0x080119b4       0x24 ./src/Ethernet/wizchip_conf.o
                0x080119b4                reg_wizchip_cs_cbfunc
 .text.reg_wizchip_spi_cbfunc
                0x080119d8       0x34 ./src/Ethernet/wizchip_conf.o
                0x080119d8                reg_wizchip_spi_cbfunc
 .text.reg_wizchip_spiburst_cbfunc
                0x08011a0c       0x34 ./src/Ethernet/wizchip_conf.o
                0x08011a0c                reg_wizchip_spiburst_cbfunc
 .text.wizchip_sw_reset
                0x08011a40       0x78 ./src/Ethernet/wizchip_conf.o
                0x08011a40                wizchip_sw_reset
 .text.wizchip_init
                0x08011ab8       0x9c ./src/Ethernet/wizchip_conf.o
                0x08011ab8                wizchip_init
 .text.wizchip_clrinterrupt
                0x08011b54       0x20 ./src/Ethernet/wizchip_conf.o
                0x08011b54                wizchip_clrinterrupt
 .text.wizchip_getinterrupt
                0x08011b74       0x20 ./src/Ethernet/wizchip_conf.o
                0x08011b74                wizchip_getinterrupt
 .text.wizchip_setinterruptmask
                0x08011b94       0x1c ./src/Ethernet/wizchip_conf.o
                0x08011b94                wizchip_setinterruptmask
 .text.wizchip_getinterruptmask
                0x08011bb0       0x1c ./src/Ethernet/wizchip_conf.o
                0x08011bb0                wizchip_getinterruptmask
 .text.wizphy_getphylink
                0x08011bcc       0x10 ./src/Ethernet/wizchip_conf.o
                0x08011bcc                wizphy_getphylink
 .text.wizphy_getphypmode
                0x08011bdc       0x18 ./src/Ethernet/wizchip_conf.o
                0x08011bdc                wizphy_getphypmode
 .text.wizphy_reset
                0x08011bf4       0x30 ./src/Ethernet/wizchip_conf.o
                0x08011bf4                wizphy_reset
 .text.wizphy_setphyconf
                0x08011c24       0x48 ./src/Ethernet/wizchip_conf.o
                0x08011c24                wizphy_setphyconf
 .text.wizphy_getphyconf
                0x08011c6c       0x58 ./src/Ethernet/wizchip_conf.o
                0x08011c6c                wizphy_getphyconf
 .text.wizphy_setphypmode
                0x08011cc4       0x54 ./src/Ethernet/wizchip_conf.o
                0x08011cc4                wizphy_setphypmode
 .text.ctlwizchip
                0x08011d18      0x118 ./src/Ethernet/wizchip_conf.o
                0x08011d18                ctlwizchip
 .text.wizchip_setnetinfo
                0x08011e30       0x5c ./src/Ethernet/wizchip_conf.o
                0x08011e30                wizchip_setnetinfo
 .text.wizchip_getnetinfo
                0x08011e8c       0x5c ./src/Ethernet/wizchip_conf.o
                0x08011e8c                wizchip_getnetinfo
 .text.wizchip_setnetmode
                0x08011ee8       0x28 ./src/Ethernet/wizchip_conf.o
                0x08011ee8                wizchip_setnetmode
 .text.wizchip_getnetmode
                0x08011f10        0xc ./src/Ethernet/wizchip_conf.o
                0x08011f10                wizchip_getnetmode
 .text.wizchip_settimeout
                0x08011f1c       0x28 ./src/Ethernet/wizchip_conf.o
                0x08011f1c                wizchip_settimeout
 .text.wizchip_gettimeout
                0x08011f44       0x28 ./src/Ethernet/wizchip_conf.o
                0x08011f44                wizchip_gettimeout
 .text.ctlnetwork
                0x08011f6c       0x54 ./src/Ethernet/wizchip_conf.o
                0x08011f6c                ctlnetwork
 .text.get_S2E_Packet_pointer
                0x08011fc0        0x8 ./src/Configuration/ConfigData.o
                0x08011fc0                get_S2E_Packet_pointer
 .text.set_S2E_Packet_to_factory_value
                0x08011fc8      0x100 ./src/Configuration/ConfigData.o
                0x08011fc8                set_S2E_Packet_to_factory_value
 .text.load_S2E_Packet_from_storage
                0x080120c8       0x3c ./src/Configuration/ConfigData.o
                0x080120c8                load_S2E_Packet_from_storage
 .text.save_S2E_Packet_to_storage
                0x08012104       0x14 ./src/Configuration/ConfigData.o
                0x08012104                save_S2E_Packet_to_storage
 .text.get_S2E_Packet_value
                0x08012118        0x8 ./src/Configuration/ConfigData.o
                0x08012118                get_S2E_Packet_value
 .text.set_S2E_Packet_value
                0x08012120        0x8 ./src/Configuration/ConfigData.o
                0x08012120                set_S2E_Packet_value
 .text.set_S2E_Packet
                0x08012128       0x60 ./src/Configuration/ConfigData.o
                0x08012128                set_S2E_Packet
 .text.get_S2E_Packet
                0x08012188       0x5c ./src/Configuration/ConfigData.o
                0x08012188                get_S2E_Packet
 .text.display_Net_Info
                0x080121e4       0xa8 ./src/Configuration/ConfigData.o
                0x080121e4                display_Net_Info
 .text.Net_Conf
                0x0801228c       0x70 ./src/Configuration/ConfigData.o
                0x0801228c                Net_Conf
 .text.set_mac  0x080122fc       0x18 ./src/Configuration/ConfigData.o
                0x080122fc                set_mac
 .text.NVIC_SystemReset
                0x08012314       0x20 ./src/Configuration/ConfigMessage.o
 .text.encrypt  0x08012334       0x1c ./src/Configuration/ConfigMessage.o
 .text.decrypt  0x08012350       0x1c ./src/Configuration/ConfigMessage.o
 .text.process_get_info
                0x0801236c       0xe0 ./src/Configuration/ConfigMessage.o
 .text.process_discovery
                0x0801244c      0x22c ./src/Configuration/ConfigMessage.o
 .text.process_remote_reset
                0x08012678       0xe8 ./src/Configuration/ConfigMessage.o
 .text.process_set_info
                0x08012760      0x110 ./src/Configuration/ConfigMessage.o
 .text.process_firmware_upload_init
                0x08012870      0x1a0 ./src/Configuration/ConfigMessage.o
 .text.process_factory_reset
                0x08012a10       0xf0 ./src/Configuration/ConfigMessage.o
 .text.do_udp_config
                0x08012b00       0xd0 ./src/Configuration/ConfigMessage.o
                0x08012b00                do_udp_config
 .text.ip_check
                0x08012bd0       0x8c ./src/ATcmd/library/sockutil.o
                0x08012bd0                ip_check
 .text.mac_check
                0x08012c5c       0x80 ./src/ATcmd/library/sockutil.o
                0x08012c5c                mac_check
 .text.digit_length
                0x08012cdc       0x34 ./src/ATcmd/library/util.o
                0x08012cdc                digit_length
 .text.str_check
                0x08012d10       0x38 ./src/ATcmd/library/util.o
                0x08012d10                str_check
 .text.strsep_ex
                0x08012d48       0x3c ./src/ATcmd/library/util.o
                0x08012d48                strsep_ex
 .text.cmd_set_prev
                0x08012d84      0x180 ./src/ATcmd/atcmd.o
 .text.cmd_divide
                0x08012f04      0x388 ./src/ATcmd/atcmd.o
 .text.atc_init
                0x0801328c       0x58 ./src/ATcmd/atcmd.o
                0x0801328c                atc_init
 .text.cmd_resp
                0x080132e4      0x488 ./src/ATcmd/atcmd.o
                0x080132e4                cmd_resp
 .text.hdl_fioval
                0x0801376c      0x230 ./src/ATcmd/atcmd.o
 .text.hdl_fiodir
                0x0801399c      0x230 ./src/ATcmd/atcmd.o
 .text.hdl_mrst
                0x08013bcc       0x64 ./src/ATcmd/atcmd.o
 .text.hdl_msave
                0x08013c30       0x60 ./src/ATcmd/atcmd.o
 .text.hdl_musart2
                0x08013c90      0xa38 ./src/ATcmd/atcmd.o
 .text.hdl_musart1
                0x080146c8      0xa38 ./src/ATcmd/atcmd.o
 .text.hdl_mstat
                0x08015100      0x168 ./src/ATcmd/atcmd.o
 .text.hdl_nmac
                0x08015268      0x1ac ./src/ATcmd/atcmd.o
 .text.hdl_nstat
                0x08015414      0x16c ./src/ATcmd/atcmd.o
 .text.hdl_nset
                0x08015580      0x63c ./src/ATcmd/atcmd.o
 .text.cmd_assign
                0x08015bbc       0x64 ./src/ATcmd/atcmd.o
 .text.atc_run  0x08015c20      0x124 ./src/ATcmd/atcmd.o
                0x08015c20                atc_run
 .text.act_nset_q
                0x08015d44      0x1c4 ./src/ATcmd/cmdrun.o
                0x08015d44                act_nset_q
 .text.act_nset_a
                0x08015f08       0xb0 ./src/ATcmd/cmdrun.o
                0x08015f08                act_nset_a
 .text.act_nstat
                0x08015fb8      0x1c4 ./src/ATcmd/cmdrun.o
                0x08015fb8                act_nstat
 .text.act_nmac_q
                0x0801617c       0x60 ./src/ATcmd/cmdrun.o
                0x0801617c                act_nmac_q
 .text.act_nmac_a
                0x080161dc       0x4c ./src/ATcmd/cmdrun.o
                0x080161dc                act_nmac_a
 .text.act_mstat
                0x08016228       0x34 ./src/ATcmd/cmdrun.o
                0x08016228                act_mstat
 .text.act_uart_q
                0x0801625c      0x110 ./src/ATcmd/cmdrun.o
                0x0801625c                act_uart_q
 .text.act_uart_a
                0x0801636c       0x2c ./src/ATcmd/cmdrun.o
                0x0801636c                act_uart_a
 .text.act_msave
                0x08016398       0x20 ./src/ATcmd/cmdrun.o
                0x08016398                act_msave
 .text.act_fiodir
                0x080163b8       0x48 ./src/ATcmd/cmdrun.o
                0x080163b8                act_fiodir
 .text.act_fioval
                0x08016400       0x64 ./src/ATcmd/cmdrun.o
                0x08016400                act_fioval
 .text.NVIC_SystemReset
                0x08016464       0x20 ./src/main.o
 .text.display_SDcard_Info
                0x08016484       0xa0 ./src/main.o
 .text.main     0x08016524      0x1cc ./src/main.o
                0x08016524                main
 .text.NMI_Handler
                0x080166f0        0x4 ./src/stm32f10x_it.o
                0x080166f0                NMI_Handler
 .text.HardFault_Handler
                0x080166f4        0x4 ./src/stm32f10x_it.o
                0x080166f4                HardFault_Handler
 .text.MemManage_Handler
                0x080166f8        0x4 ./src/stm32f10x_it.o
                0x080166f8                MemManage_Handler
 .text.BusFault_Handler
                0x080166fc        0x4 ./src/stm32f10x_it.o
                0x080166fc                BusFault_Handler
 .text.UsageFault_Handler
                0x08016700        0x4 ./src/stm32f10x_it.o
                0x08016700                UsageFault_Handler
 .text.SVC_Handler
                0x08016704        0x4 ./src/stm32f10x_it.o
                0x08016704                SVC_Handler
 .text.DebugMon_Handler
                0x08016708        0x4 ./src/stm32f10x_it.o
                0x08016708                DebugMon_Handler
 .text.PendSV_Handler
                0x0801670c        0x4 ./src/stm32f10x_it.o
                0x0801670c                PendSV_Handler
 .text.SysTick_Handler
                0x08016710        0x4 ./src/stm32f10x_it.o
                0x08016710                SysTick_Handler
 .text.atoi     0x08016714        0x8 c:/program files (x86)/gnu tools arm embedded/4.8 2014q1/bin/../lib/gcc/arm-none-eabi/4.8.3/../../../../arm-none-eabi/lib/armv7-m\libg_s.a(lib_a-atoi.o)
                0x08016714                atoi
 .text.__errno  0x0801671c        0xc c:/program files (x86)/gnu tools arm embedded/4.8 2014q1/bin/../lib/gcc/arm-none-eabi/4.8.3/../../../../arm-none-eabi/lib/armv7-m\libg_s.a(lib_a-errno.o)
                0x0801671c                __errno
 .text.isalpha  0x08016728       0x14 c:/program files (x86)/gnu tools arm embedded/4.8 2014q1/bin/../lib/gcc/arm-none-eabi/4.8.3/../../../../arm-none-eabi/lib/armv7-m\libg_s.a(lib_a-isalpha.o)
                0x08016728                isalpha
 .text.isdigit  0x0801673c       0x14 c:/program files (x86)/gnu tools arm embedded/4.8 2014q1/bin/../lib/gcc/arm-none-eabi/4.8.3/../../../../arm-none-eabi/lib/armv7-m\libg_s.a(lib_a-isdigit.o)
                0x0801673c                isdigit
 .text.isxdigit
                0x08016750       0x14 c:/program files (x86)/gnu tools arm embedded/4.8 2014q1/bin/../lib/gcc/arm-none-eabi/4.8.3/../../../../arm-none-eabi/lib/armv7-m\libg_s.a(lib_a-isxdigit.o)
                0x08016750                isxdigit
 .text.malloc   0x08016764       0x10 c:/program files (x86)/gnu tools arm embedded/4.8 2014q1/bin/../lib/gcc/arm-none-eabi/4.8.3/../../../../arm-none-eabi/lib/armv7-m\libg_s.a(lib_a-malloc.o)
                0x08016764                malloc
 .text.free     0x08016774       0x10 c:/program files (x86)/gnu tools arm embedded/4.8 2014q1/bin/../lib/gcc/arm-none-eabi/4.8.3/../../../../arm-none-eabi/lib/armv7-m\libg_s.a(lib_a-malloc.o)
                0x08016774                free
 .text.memcmp   0x08016784       0x1e c:/program files (x86)/gnu tools arm embedded/4.8 2014q1/bin/../lib/gcc/arm-none-eabi/4.8.3/../../../../arm-none-eabi/lib/armv7-m\libg_s.a(lib_a-memcmp.o)
                0x08016784                memcmp
 .text.memcpy   0x080167a2       0x12 c:/program files (x86)/gnu tools arm embedded/4.8 2014q1/bin/../lib/gcc/arm-none-eabi/4.8.3/../../../../arm-none-eabi/lib/armv7-m\libg_s.a(lib_a-memcpy-stub.o)
                0x080167a2                memcpy
 .text.memset   0x080167b4       0x10 c:/program files (x86)/gnu tools arm embedded/4.8 2014q1/bin/../lib/gcc/arm-none-eabi/4.8.3/../../../../arm-none-eabi/lib/armv7-m\libg_s.a(lib_a-memset.o)
                0x080167b4                memset
 .text._free_r  0x080167c4       0x88 c:/program files (x86)/gnu tools arm embedded/4.8 2014q1/bin/../lib/gcc/arm-none-eabi/4.8.3/../../../../arm-none-eabi/lib/armv7-m\libg_s.a(lib_a-nano-freer.o)
                0x080167c4                _free_r
 .text._malloc_r
                0x0801684c       0xa8 c:/program files (x86)/gnu tools arm embedded/4.8 2014q1/bin/../lib/gcc/arm-none-eabi/4.8.3/../../../../arm-none-eabi/lib/armv7-m\libg_s.a(lib_a-nano-mallocr.o)
                0x0801684c                _malloc_r
 .text.printf   0x080168f4       0x30 c:/program files (x86)/gnu tools arm embedded/4.8 2014q1/bin/../lib/gcc/arm-none-eabi/4.8.3/../../../../arm-none-eabi/lib/armv7-m\libg_s.a(lib_a-printf.o)
                0x080168f4                iprintf
                0x080168f4                printf
 .text._puts_r  0x08016924       0xc0 c:/program files (x86)/gnu tools arm embedded/4.8 2014q1/bin/../lib/gcc/arm-none-eabi/4.8.3/../../../../arm-none-eabi/lib/armv7-m\libg_s.a(lib_a-puts.o)
                0x08016924                _puts_r
 .text.puts     0x080169e4       0x10 c:/program files (x86)/gnu tools arm embedded/4.8 2014q1/bin/../lib/gcc/arm-none-eabi/4.8.3/../../../../arm-none-eabi/lib/armv7-m\libg_s.a(lib_a-puts.o)
                0x080169e4                puts
 .text._sbrk_r  0x080169f4       0x20 c:/program files (x86)/gnu tools arm embedded/4.8 2014q1/bin/../lib/gcc/arm-none-eabi/4.8.3/../../../../arm-none-eabi/lib/armv7-m\libg_s.a(lib_a-sbrkr.o)
                0x080169f4                _sbrk_r
 .text.sprintf  0x08016a14       0x48 c:/program files (x86)/gnu tools arm embedded/4.8 2014q1/bin/../lib/gcc/arm-none-eabi/4.8.3/../../../../arm-none-eabi/lib/armv7-m\libg_s.a(lib_a-sprintf.o)
                0x08016a14                siprintf
                0x08016a14                sprintf
 .text.strcat   0x08016a5c       0x1a c:/program files (x86)/gnu tools arm embedded/4.8 2014q1/bin/../lib/gcc/arm-none-eabi/4.8.3/../../../../arm-none-eabi/lib/armv7-m\libg_s.a(lib_a-strcat.o)
                0x08016a5c                strcat
 .text.strchr   0x08016a76       0x1a c:/program files (x86)/gnu tools arm embedded/4.8 2014q1/bin/../lib/gcc/arm-none-eabi/4.8.3/../../../../arm-none-eabi/lib/armv7-m\libg_s.a(lib_a-strchr.o)
                0x08016a76                strchr
 .text          0x08016a90       0x14 c:/program files (x86)/gnu tools arm embedded/4.8 2014q1/bin/../lib/gcc/arm-none-eabi/4.8.3/../../../../arm-none-eabi/lib/armv7-m\libg_s.a(lib_a-strcmp.o)
                0x08016a90                strcmp
 .text.strcpy   0x08016aa4       0x10 c:/program files (x86)/gnu tools arm embedded/4.8 2014q1/bin/../lib/gcc/arm-none-eabi/4.8.3/../../../../arm-none-eabi/lib/armv7-m\libg_s.a(lib_a-strcpy.o)
                0x08016aa4                strcpy
 .text.strlen   0x08016ab4       0x10 c:/program files (x86)/gnu tools arm embedded/4.8 2014q1/bin/../lib/gcc/arm-none-eabi/4.8.3/../../../../arm-none-eabi/lib/armv7-m\libg_s.a(lib_a-strlen.o)
                0x08016ab4                strlen
 .text.strncpy  0x08016ac4       0x24 c:/program files (x86)/gnu tools arm embedded/4.8 2014q1/bin/../lib/gcc/arm-none-eabi/4.8.3/../../../../arm-none-eabi/lib/armv7-m\libg_s.a(lib_a-strncpy.o)
                0x08016ac4                strncpy
 .text.strstr   0x08016ae8       0x32 c:/program files (x86)/gnu tools arm embedded/4.8 2014q1/bin/../lib/gcc/arm-none-eabi/4.8.3/../../../../arm-none-eabi/lib/armv7-m\libg_s.a(lib_a-strstr.o)
                0x08016ae8                strstr
 *fill*         0x08016b1a        0x2 
 .text.strtok   0x08016b1c       0x64 c:/program files (x86)/gnu tools arm embedded/4.8 2014q1/bin/../lib/gcc/arm-none-eabi/4.8.3/../../../../arm-none-eabi/lib/armv7-m\libg_s.a(lib_a-strtok.o)
                0x08016b1c                strtok
 .text.__strtok_r
                0x08016b80       0x56 c:/program files (x86)/gnu tools arm embedded/4.8 2014q1/bin/../lib/gcc/arm-none-eabi/4.8.3/../../../../arm-none-eabi/lib/armv7-m\libg_s.a(lib_a-strtok_r.o)
                0x08016b80                __strtok_r
 *fill*         0x08016bd6        0x2 
 .text._strtol_r
                0x08016bd8      0x104 c:/program files (x86)/gnu tools arm embedded/4.8 2014q1/bin/../lib/gcc/arm-none-eabi/4.8.3/../../../../arm-none-eabi/lib/armv7-m\libg_s.a(lib_a-strtol.o)
                0x08016bd8                _strtol_r
 .text.strtol   0x08016cdc       0x1c c:/program files (x86)/gnu tools arm embedded/4.8 2014q1/bin/../lib/gcc/arm-none-eabi/4.8.3/../../../../arm-none-eabi/lib/armv7-m\libg_s.a(lib_a-strtol.o)
                0x08016cdc                strtol
 .text.__ssputs_r
                0x08016cf8       0xb8 c:/program files (x86)/gnu tools arm embedded/4.8 2014q1/bin/../lib/gcc/arm-none-eabi/4.8.3/../../../../arm-none-eabi/lib/armv7-m\libg_s.a(lib_a-svfprintf.o)
                0x08016cf8                __ssputs_r
 .text._svfprintf_r
                0x08016db0      0x1d8 c:/program files (x86)/gnu tools arm embedded/4.8 2014q1/bin/../lib/gcc/arm-none-eabi/4.8.3/../../../../arm-none-eabi/lib/armv7-m\libg_s.a(lib_a-svfprintf.o)
                0x08016db0                _svfiprintf_r
                0x08016db0                _svfprintf_r
 .text.__sfputc_r
                0x08016f88       0x2c c:/program files (x86)/gnu tools arm embedded/4.8 2014q1/bin/../lib/gcc/arm-none-eabi/4.8.3/../../../../arm-none-eabi/lib/armv7-m\libg_s.a(lib_a-vfprintf.o)
 .text.__sfputs_r
                0x08016fb4       0x24 c:/program files (x86)/gnu tools arm embedded/4.8 2014q1/bin/../lib/gcc/arm-none-eabi/4.8.3/../../../../arm-none-eabi/lib/armv7-m\libg_s.a(lib_a-vfprintf.o)
                0x08016fb4                __sfputs_r
 .text._vfprintf_r
                0x08016fd8      0x208 c:/program files (x86)/gnu tools arm embedded/4.8 2014q1/bin/../lib/gcc/arm-none-eabi/4.8.3/../../../../arm-none-eabi/lib/armv7-m\libg_s.a(lib_a-vfprintf.o)
                0x08016fd8                _vfprintf_r
                0x08016fd8                _vfiprintf_r
 .text._printf_common
                0x080171e0       0xe4 c:/program files (x86)/gnu tools arm embedded/4.8 2014q1/bin/../lib/gcc/arm-none-eabi/4.8.3/../../../../arm-none-eabi/lib/armv7-m\libg_s.a(lib_a-vfprintf_i.o)
                0x080171e0                _printf_common
 .text._printf_i
                0x080172c4      0x228 c:/program files (x86)/gnu tools arm embedded/4.8 2014q1/bin/../lib/gcc/arm-none-eabi/4.8.3/../../../../arm-none-eabi/lib/armv7-m\libg_s.a(lib_a-vfprintf_i.o)
                0x080172c4                _printf_i
 .text._vsnprintf_r
                0x080174ec       0x52 c:/program files (x86)/gnu tools arm embedded/4.8 2014q1/bin/../lib/gcc/arm-none-eabi/4.8.3/../../../../arm-none-eabi/lib/armv7-m\libg_s.a(lib_a-vsnprintf.o)
                0x080174ec                _vsniprintf_r
                0x080174ec                _vsnprintf_r
 *fill*         0x0801753e        0x2 
 .text.vsnprintf
                0x08017540       0x20 c:/program files (x86)/gnu tools arm embedded/4.8 2014q1/bin/../lib/gcc/arm-none-eabi/4.8.3/../../../../arm-none-eabi/lib/armv7-m\libg_s.a(lib_a-vsnprintf.o)
                0x08017540                vsniprintf
                0x08017540                vsnprintf
 .text.__swbuf_r
                0x08017560       0xa8 c:/program files (x86)/gnu tools arm embedded/4.8 2014q1/bin/../lib/gcc/arm-none-eabi/4.8.3/../../../../arm-none-eabi/lib/armv7-m\libg_s.a(lib_a-wbuf.o)
                0x08017560                __swbuf_r
 .text.__swsetup_r
                0x08017608       0xdc c:/program files (x86)/gnu tools arm embedded/4.8 2014q1/bin/../lib/gcc/arm-none-eabi/4.8.3/../../../../arm-none-eabi/lib/armv7-m\libg_s.a(lib_a-wsetup.o)
                0x08017608                __swsetup_r
 .text.__sflush_r
                0x080176e4      0x106 c:/program files (x86)/gnu tools arm embedded/4.8 2014q1/bin/../lib/gcc/arm-none-eabi/4.8.3/../../../../arm-none-eabi/lib/armv7-m\libg_s.a(lib_a-fflush.o)
                0x080176e4                __sflush_r
 *fill*         0x080177ea        0x2 
 .text._fflush_r
                0x080177ec       0x54 c:/program files (x86)/gnu tools arm embedded/4.8 2014q1/bin/../lib/gcc/arm-none-eabi/4.8.3/../../../../arm-none-eabi/lib/armv7-m\libg_s.a(lib_a-fflush.o)
                0x080177ec                _fflush_r
 .text._cleanup_r
                0x08017840       0x32 c:/program files (x86)/gnu tools arm embedded/4.8 2014q1/bin/../lib/gcc/arm-none-eabi/4.8.3/../../../../arm-none-eabi/lib/armv7-m\libg_s.a(lib_a-findfp.o)
                0x08017840                _cleanup_r
 *fill*         0x08017872        0x2 
 .text.std.isra.0
                0x08017874       0x48 c:/program files (x86)/gnu tools arm embedded/4.8 2014q1/bin/../lib/gcc/arm-none-eabi/4.8.3/../../../../arm-none-eabi/lib/armv7-m\libg_s.a(lib_a-findfp.o)
 .text.__sfmoreglue
                0x080178bc       0x2c c:/program files (x86)/gnu tools arm embedded/4.8 2014q1/bin/../lib/gcc/arm-none-eabi/4.8.3/../../../../arm-none-eabi/lib/armv7-m\libg_s.a(lib_a-findfp.o)
                0x080178bc                __sfmoreglue
 .text.__sinit  0x080178e8       0x60 c:/program files (x86)/gnu tools arm embedded/4.8 2014q1/bin/../lib/gcc/arm-none-eabi/4.8.3/../../../../arm-none-eabi/lib/armv7-m\libg_s.a(lib_a-findfp.o)
                0x080178e8                __sinit
 .text.__sfp    0x08017948       0x74 c:/program files (x86)/gnu tools arm embedded/4.8 2014q1/bin/../lib/gcc/arm-none-eabi/4.8.3/../../../../arm-none-eabi/lib/armv7-m\libg_s.a(lib_a-findfp.o)
                0x08017948                __sfp
 .text.__smakebuf_r
                0x080179bc       0x98 c:/program files (x86)/gnu tools arm embedded/4.8 2014q1/bin/../lib/gcc/arm-none-eabi/4.8.3/../../../../arm-none-eabi/lib/armv7-m\libg_s.a(lib_a-makebuf.o)
                0x080179bc                __smakebuf_r
 .text.memchr   0x08017a54       0x1c c:/program files (x86)/gnu tools arm embedded/4.8 2014q1/bin/../lib/gcc/arm-none-eabi/4.8.3/../../../../arm-none-eabi/lib/armv7-m\libg_s.a(lib_a-memchr-stub.o)
                0x08017a54                memchr
 .text.memmove  0x08017a70       0x36 c:/program files (x86)/gnu tools arm embedded/4.8 2014q1/bin/../lib/gcc/arm-none-eabi/4.8.3/../../../../arm-none-eabi/lib/armv7-m\libg_s.a(lib_a-memmove.o)
                0x08017a70                memmove
 .text._realloc_r
                0x08017aa6       0x4c c:/program files (x86)/gnu tools arm embedded/4.8 2014q1/bin/../lib/gcc/arm-none-eabi/4.8.3/../../../../arm-none-eabi/lib/armv7-m\libg_s.a(lib_a-nano-reallocr.o)
                0x08017aa6                _realloc_r
 .text.__sread  0x08017af2       0x22 c:/program files (x86)/gnu tools arm embedded/4.8 2014q1/bin/../lib/gcc/arm-none-eabi/4.8.3/../../../../arm-none-eabi/lib/armv7-m\libg_s.a(lib_a-stdio.o)
                0x08017af2                __sread
 .text.__swrite
                0x08017b14       0x38 c:/program files (x86)/gnu tools arm embedded/4.8 2014q1/bin/../lib/gcc/arm-none-eabi/4.8.3/../../../../arm-none-eabi/lib/armv7-m\libg_s.a(lib_a-stdio.o)
                0x08017b14                __swrite
 .text.__sseek  0x08017b4c       0x24 c:/program files (x86)/gnu tools arm embedded/4.8 2014q1/bin/../lib/gcc/arm-none-eabi/4.8.3/../../../../arm-none-eabi/lib/armv7-m\libg_s.a(lib_a-stdio.o)
                0x08017b4c                __sseek
 .text.__sclose
                0x08017b70        0x8 c:/program files (x86)/gnu tools arm embedded/4.8 2014q1/bin/../lib/gcc/arm-none-eabi/4.8.3/../../../../arm-none-eabi/lib/armv7-m\libg_s.a(lib_a-stdio.o)
                0x08017b70                __sclose
 .text._write_r
                0x08017b78       0x24 c:/program files (x86)/gnu tools arm embedded/4.8 2014q1/bin/../lib/gcc/arm-none-eabi/4.8.3/../../../../arm-none-eabi/lib/armv7-m\libg_s.a(lib_a-writer.o)
                0x08017b78                _write_r
 .text._close_r
                0x08017b9c       0x20 c:/program files (x86)/gnu tools arm embedded/4.8 2014q1/bin/../lib/gcc/arm-none-eabi/4.8.3/../../../../arm-none-eabi/lib/armv7-m\libg_s.a(lib_a-closer.o)
                0x08017b9c                _close_r
 .text._fstat_r
                0x08017bbc       0x24 c:/program files (x86)/gnu tools arm embedded/4.8 2014q1/bin/../lib/gcc/arm-none-eabi/4.8.3/../../../../arm-none-eabi/lib/armv7-m\libg_s.a(lib_a-fstatr.o)
                0x08017bbc                _fstat_r
 .text._isatty_r
                0x08017be0       0x20 c:/program files (x86)/gnu tools arm embedded/4.8 2014q1/bin/../lib/gcc/arm-none-eabi/4.8.3/../../../../arm-none-eabi/lib/armv7-m\libg_s.a(lib_a-isattyr.o)
                0x08017be0                _isatty_r
 .text._lseek_r
                0x08017c00       0x24 c:/program files (x86)/gnu tools arm embedded/4.8 2014q1/bin/../lib/gcc/arm-none-eabi/4.8.3/../../../../arm-none-eabi/lib/armv7-m\libg_s.a(lib_a-lseekr.o)
                0x08017c00                _lseek_r
 .text._malloc_usable_size_r
                0x08017c24       0x12 c:/program files (x86)/gnu tools arm embedded/4.8 2014q1/bin/../lib/gcc/arm-none-eabi/4.8.3/../../../../arm-none-eabi/lib/armv7-m\libg_s.a(lib_a-nano-msizer.o)
                0x08017c24                _malloc_usable_size_r
 *fill*         0x08017c36        0x2 
 .text._read_r  0x08017c38       0x24 c:/program files (x86)/gnu tools arm embedded/4.8 2014q1/bin/../lib/gcc/arm-none-eabi/4.8.3/../../../../arm-none-eabi/lib/armv7-m\libg_s.a(lib_a-readr.o)
                0x08017c38                _read_r
 *(.rodata .rodata.*)
 .rodata.str1.4
                0x08017c5c       0x27 ./system/src/stm32f1-stdperiph/misc.o
                                 0x28 (size before relaxing)
 *fill*         0x08017c83        0x1 
 .rodata.str1.4
                0x08017c84       0x30 ./system/src/stm32f1-stdperiph/stm32f10x_adc.o
 .rodata.str1.4
                0x08017cb4       0x30 ./system/src/stm32f1-stdperiph/stm32f10x_dma.o
 .rodata.str1.4
                0x08017ce4       0x32 ./system/src/stm32f1-stdperiph/stm32f10x_flash.o
                                 0x34 (size before relaxing)
 *fill*         0x08017d16        0x2 
 .rodata.str1.4
                0x08017d18       0x31 ./system/src/stm32f1-stdperiph/stm32f10x_gpio.o
                                 0x34 (size before relaxing)
 *fill*         0x08017d49        0x3 
 .rodata.str1.4
                0x08017d4c       0x30 ./system/src/stm32f1-stdperiph/stm32f10x_i2c.o
 .rodata.str1.4
                0x08017d7c       0x31 ./system/src/stm32f1-stdperiph/stm32f10x_iwdg.o
                                 0x34 (size before relaxing)
 *fill*         0x08017dad        0x3 
 .rodata.str1.4
                0x08017db0       0x30 ./system/src/stm32f1-stdperiph/stm32f10x_rcc.o
 .rodata.str1.4
                0x08017de0       0x30 ./system/src/stm32f1-stdperiph/stm32f10x_spi.o
 .rodata.str1.4
                0x08017e10       0x30 ./system/src/stm32f1-stdperiph/stm32f10x_tim.o
 .rodata.str1.4
                0x08017e40       0x32 ./system/src/stm32f1-stdperiph/stm32f10x_usart.o
                                 0x34 (size before relaxing)
 *fill*         0x08017e72        0x2 
 .rodata.str1.4
                0x08017e74       0x14 ./system/src/newlib/_exit.o
 .rodata.str1.4
                0x08017e88       0x6b ./system/src/newlib/assert.o
                                 0x70 (size before relaxing)
 *fill*         0x08017ef3        0x1 
 .rodata.str1.4
                0x08017ef4       0x29 ./system/src/diag/Trace.o
                                 0x30 (size before relaxing)
 *fill*         0x08017f1d        0x3 
 .rodata.GPIO_CLK
                0x08017f20        0x8 ./src/util/boardutil.o
                0x08017f20                GPIO_CLK
 .rodata.GPIO_PIN
                0x08017f28        0x4 ./src/util/boardutil.o
                0x08017f28                GPIO_PIN
 .rodata.vst.4880
                0x08017f2c       0x18 ./src/PlatformHandler/FatFs/ff.o
 .rodata.str1.4
                0x08017f44       0xd8 ./src/PlatformHandler/FatFs/ff.o
                                 0xdc (size before relaxing)
 .rodata.LfnOfs
                0x0801801c       0x10 ./src/PlatformHandler/FatFs/ff.o
 .rodata.cst.4881
                0x0801802c       0x18 ./src/PlatformHandler/FatFs/ff.o
 .rodata.Tbl    0x08018044      0x100 ./src/PlatformHandler/FatFs/ff_lfn_required.o
 .rodata.IO_CLK
                0x08018144       0x40 ./src/PlatformHandler/gpioHandler.o
                0x08018144                IO_CLK
 .rodata.IO_PIN
                0x08018184       0x20 ./src/PlatformHandler/gpioHandler.o
                0x08018184                IO_PIN
 .rodata.str1.4
                0x080181a4        0x7 ./src/PlatformHandler/mmcHandler.o
                                  0x8 (size before relaxing)
 *fill*         0x080181ab        0x1 
 .rodata.str1.4
                0x080181ac       0x19 ./src/PlatformHandler/ring_buffer.o
                                 0x1c (size before relaxing)
 *fill*         0x080181c5        0x3 
 .rodata        0x080181c8       0x10 ./src/PlatformHandler/spiHandler.o
 .rodata.str1.4
                0x080181d8       0x1b ./src/PlatformHandler/spiHandler.o
                                 0x1c (size before relaxing)
 *fill*         0x080181f3        0x1 
 .rodata.str1.4
                0x080181f4     0x1415 ./src/PlatformHandler/userHandler.o
                               0x141c (size before relaxing)
 *fill*         0x08019609        0x3 
 .rodata        0x0801960c       0x28 ./src/Internet/httpServer/dataflash.o
 .rodata        0x08019634        0x4 ./src/Internet/httpServer/httpParser.o
 .rodata.str1.4
                0x08019638      0x409 ./src/Internet/httpServer/httpParser.o
                                0x430 (size before relaxing)
 *fill*         0x08019a41        0x3 
 .rodata        0x08019a44      0x114 ./src/Internet/httpServer/httpServer.o
 .rodata.str1.4
                0x08019b58       0x4e ./src/Internet/httpServer/httpServer.o
                                 0x90 (size before relaxing)
 *fill*         0x08019ba6        0x2 
 .rodata.str1.4
                0x08019ba8       0xa6 ./src/Internet/httpServer/httpUtil.o
                                 0xac (size before relaxing)
 *fill*         0x08019c4e        0x2 
 .rodata.str1.4
                0x08019c50       0x12 ./src/Internet/DHCP/dhcp.o
                                 0x14 (size before relaxing)
 *fill*         0x08019c62        0x2 
 .rodata        0x08019c64       0x28 ./src/Configuration/ConfigData.o
 .rodata.str1.4
                0x08019c8c       0x86 ./src/Configuration/ConfigData.o
                                 0x88 (size before relaxing)
 *fill*         0x08019d12        0x2 
 .rodata.str1.4
                0x08019d14        0x2 ./src/ATcmd/library/sockutil.o
                                  0x8 (size before relaxing)
 *fill*         0x08019d16        0x2 
 .rodata.__FUNCTION__.8893
                0x08019d18        0xc ./src/ATcmd/atcmd.o
 .rodata.__FUNCTION__.8855
                0x08019d24        0xc ./src/ATcmd/atcmd.o
 .rodata.g_cmd_table