Archive member included because of file (symbol)

c:/program files (x86)/gnu tools arm embedded/4.8 2014q1/bin/../lib/gcc/arm-none-eabi/4.8.3/../../../../arm-none-eabi/lib/armv7-m\libg_s.a(lib_a-atoi.o)
                              ./src/Internet/FTPServer/ftpd.o (atoi)
c:/program files (x86)/gnu tools arm embedded/4.8 2014q1/bin/../lib/gcc/arm-none-eabi/4.8.3/../../../../arm-none-eabi/lib/armv7-m\libg_s.a(lib_a-ctype_.o)
                              ./src/Internet/FTPServer/ftpd.o (__ctype_ptr__)
c:/program files (x86)/gnu tools arm embedded/4.8 2014q1/bin/../lib/gcc/arm-none-eabi/4.8.3/../../../../arm-none-eabi/lib/armv7-m\libg_s.a(lib_a-errno.o)
                              ./system/src/newlib/_sbrk.o (__errno)
c:/program files (x86)/gnu tools arm embedded/4.8 2014q1/bin/../lib/gcc/arm-none-eabi/4.8.3/../../../../arm-none-eabi/lib/armv7-m\libg_s.a(lib_a-impure.o)
                              c:/program files (x86)/gnu tools arm embedded/4.8 2014q1/bin/../lib/gcc/arm-none-eabi/4.8.3/../../../../arm-none-eabi/lib/armv7-m\libg_s.a(lib_a-errno.o) (_impure_ptr)
c:/program files (x86)/gnu tools arm embedded/4.8 2014q1/bin/../lib/gcc/arm-none-eabi/4.8.3/../../../../arm-none-eabi/lib/armv7-m\libg_s.a(lib_a-isalpha.o)
                              ./src/ATcmd/atcmd.o (isalpha)
c:/program files (x86)/gnu tools arm embedded/4.8 2014q1/bin/../lib/gcc/arm-none-eabi/4.8.3/../../../../arm-none-eabi/lib/armv7-m\libg_s.a(lib_a-isdigit.o)
                              ./src/ATcmd/library/sockutil.o (isdigit)
c:/program files (x86)/gnu tools arm embedded/4.8 2014q1/bin/../lib/gcc/arm-none-eabi/4.8.3/../../../../arm-none-eabi/lib/armv7-m\libg_s.a(lib_a-isxdigit.o)
                              ./src/ATcmd/library/sockutil.o (isxdigit)
c:/program files (x86)/gnu tools arm embedded/4.8 2014q1/bin/../lib/gcc/arm-none-eabi/4.8.3/../../../../arm-none-eabi/lib/armv7-m\libg_s.a(lib_a-malloc.o)
                              ./src/ATcmd/atcmd.o (malloc)
c:/program files (x86)/gnu tools arm embedded/4.8 2014q1/bin/../lib/gcc/arm-none-eabi/4.8.3/../../../../arm-none-eabi/lib/armv7-m\libg_s.a(lib_a-memcmp.o)
                              ./src/Configuration/ConfigMessage.o (memcmp)
c:/program files (x86)/gnu tools arm embedded/4.8 2014q1/bin/../lib/gcc/arm-none-eabi/4.8.3/../../../../arm-none-eabi/lib/armv7-m\libg_s.a(lib_a-memcpy-stub.o)
                              ./src/PlatformHandler/ring_buffer.o (memcpy)
c:/program files (x86)/gnu tools arm embedded/4.8 2014q1/bin/../lib/gcc/arm-none-eabi/4.8.3/../../../../arm-none-eabi/lib/armv7-m\libg_s.a(lib_a-memset.o)
                              ./src/PlatformHandler/storageHandler.o (memset)
c:/program files (x86)/gnu tools arm embedded/4.8 2014q1/bin/../lib/gcc/arm-none-eabi/4.8.3/../../../../arm-none-eabi/lib/armv7-m\libg_s.a(lib_a-nano-freer.o)
                              c:/program files (x86)/gnu tools arm embedded/4.8 2014q1/bin/../lib/gcc/arm-none-eabi/4.8.3/../../../../arm-none-eabi/lib/armv7-m\libg_s.a(lib_a-malloc.o) (_free_r)
c:/program files (x86)/gnu tools arm embedded/4.8 2014q1/bin/../lib/gcc/arm-none-eabi/4.8.3/../../../../arm-none-eabi/lib/armv7-m\libg_s.a(lib_a-nano-mallocr.o)
                              c:/program files (x86)/gnu tools arm embedded/4.8 2014q1/bin/../lib/gcc/arm-none-eabi/4.8.3/../../../../arm-none-eabi/lib/armv7-m\libg_s.a(lib_a-malloc.o) (_malloc_r)
c:/program files (x86)/gnu tools arm embedded/4.8 2014q1/bin/../lib/gcc/arm-none-eabi/4.8.3/../../../../arm-none-eabi/lib/armv7-m\libg_s.a(lib_a-printf.o)
                              ./src/PlatformHandler/ring_buffer.o (printf)
c:/program files (x86)/gnu tools arm embedded/4.8 2014q1/bin/../lib/gcc/arm-none-eabi/4.8.3/../../../../arm-none-eabi/lib/armv7-m\libg_s.a(lib_a-puts.o)
                              ./src/util/boardutil.o (puts)
c:/program files (x86)/gnu tools arm embedded/4.8 2014q1/bin/../lib/gcc/arm-none-eabi/4.8.3/../../../../arm-none-eabi/lib/armv7-m\libg_s.a(lib_a-sbrkr.o)
                              c:/program files (x86)/gnu tools arm embedded/4.8 2014q1/bin/../lib/gcc/arm-none-eabi/4.8.3/../../../../arm-none-eabi/lib/armv7-m\libg_s.a(lib_a-nano-mallocr.o) (_sbrk_r)
c:/program files (x86)/gnu tools arm embedded/4.8 2014q1/bin/../lib/gcc/arm-none-eabi/4.8.3/../../../../arm-none-eabi/lib/armv7-m\libg_s.a(lib_a-sprintf.o)
                              ./src/netutil/netutil.o (sprintf)
c:/program files (x86)/gnu tools arm embedded/4.8 2014q1/bin/../lib/gcc/arm-none-eabi/4.8.3/../../../../arm-none-eabi/lib/armv7-m\libg_s.a(lib_a-strcat.o)
                              ./src/Internet/httpServer/httpParser.o (strcat)
c:/program files (x86)/gnu tools arm embedded/4.8 2014q1/bin/../lib/gcc/arm-none-eabi/4.8.3/../../../../arm-none-eabi/lib/armv7-m\libg_s.a(lib_a-strchr.o)
                              ./src/PlatformHandler/userHandler.o (strchr)
[...]
Memory Configuration

Name             Origin             Length             Attributes
RAM              0x20000000         0x0000c000         xrw
CCMRAM           0x00000000         0x00000000         xrw
FLASH            0x08007000         0x00037800         xr
FLASHB1          0x00000000         0x00000000         xr
EXTMEMB0         0x00000000         0x00000000         xr
EXTMEMB1         0x00000000         0x00000000         xr
EXTMEMB2         0x00000000         0x00000000         xr
EXTMEMB3         0x00000000         0x00000000         xr
MEMORY_ARRAY     0x00000000         0x00000000         xrw
*default*        0x00000000         0xffffffff

Linker script and memory map

LOAD ./system/src/stm32f1-stdperiph/misc.o
LOAD ./system/src/stm32f1-stdperiph/stm32f10x_adc.o
LOAD ./system/src/stm32f1-stdperiph/stm32f10x_dma.o
LOAD ./system/src/stm32f1-stdperiph/stm32f10x_exti.o
LOAD ./system/src/stm32f1-stdperiph/stm32f10x_flash.o
LOAD ./system/src/stm32f1-stdperiph/stm32f10x_gpio.o
LOAD ./system/src/stm32f1-stdperiph/stm32f10x_i2c.o
LOAD ./system/src/stm32f1-stdperiph/stm32f10x_iwdg.o
LOAD ./system/src/stm32f1-stdperiph/stm32f10x_rcc.o
LOAD ./system/src/stm32f1-stdperiph/stm32f10x_spi.o
LOAD ./system/src/stm32f1-stdperiph/stm32f10x_tim.o
LOAD ./system/src/stm32f1-stdperiph/stm32f10x_usart.o
LOAD ./system/src/newlib/_cxx.o
LOAD ./system/src/newlib/_exit.o
LOAD ./system/src/newlib/_sbrk.o
LOAD ./system/src/newlib/_startup.o
LOAD ./system/src/newlib/_syscalls.o
LOAD ./system/src/newlib/_write.o
LOAD ./system/src/newlib/assert.o
LOAD ./system/src/diag/Trace.o
LOAD ./system/src/diag/trace_impl.o
LOAD ./system/src/cortexm/_initialize_hardware.o
LOAD ./system/src/cortexm/_reset_hardware.o
LOAD ./system/src/cortexm/exception_handlers.o
LOAD ./system/src/cmsis/system_stm32f10x.o
LOAD ./system/src/cmsis/vectors_stm32f10x.o
LOAD ./src/util/boardutil.o
LOAD ./src/util/diskio.o
LOAD ./src/util/mmc_sd.o
LOAD ./src/util/spi.o
LOAD ./src/netutil/netutil.o
LOAD ./src/callback/dhcp_cb.o
LOAD ./src/PlatformHandler/FatFs/ff.o
LOAD ./src/PlatformHandler/FatFs/ff_lfn_required.o
LOAD ./src/PlatformHandler/adcHandler.o
LOAD ./src/PlatformHandler/eepromHandler.o
LOAD ./src/PlatformHandler/extiHandler.o
LOAD ./src/PlatformHandler/flashHandler.o
LOAD ./src/PlatformHandler/gpioHandler.o
LOAD ./src/PlatformHandler/i2cHandler.o
LOAD ./src/PlatformHandler/mmcHandler.o
LOAD ./src/PlatformHandler/rccHandler.o
LOAD ./src/PlatformHandler/ring_buffer.o
LOAD ./src/PlatformHandler/spiHandler.o
LOAD ./src/PlatformHandler/storageHandler.o
LOAD ./src/PlatformHandler/timerHandler.o
LOAD ./src/PlatformHandler/uartHandler.o
LOAD ./src/PlatformHandler/userHandler.o
LOAD ./src/Internet/httpServer/dataflash.o
LOAD ./src/Internet/httpServer/httpParser.o
LOAD ./src/Internet/httpServer/httpServer.o
LOAD ./src/Internet/httpServer/httpUtil.o
LOAD ./src/Internet/FTPServer/ftpd.o
LOAD ./src/Internet/DHCP/dhcp.o
LOAD ./src/Ethernet/W5500/w5500.o
LOAD ./src/Ethernet/socket.o
LOAD ./src/Ethernet/wizchip_conf.o
LOAD ./src/Configuration/ConfigData.o
LOAD ./src/Configuration/ConfigMessage.o
LOAD ./src/ATcmd/library/sockutil.o
LOAD ./src/ATcmd/library/util.o
LOAD ./src/ATcmd/atcmd.o
LOAD ./src/ATcmd/cmdrun.o
LOAD ./src/main.o
LOAD ./src/stm32f10x_it.o
LOAD c:/program files (x86)/gnu tools arm embedded/4.8 2014q1/bin/../lib/gcc/arm-none-eabi/4.8.3/../../../../arm-none-eabi/lib/armv7-m\libstdc++_s.a
LOAD c:/program files (x86)/gnu tools arm embedded/4.8 2014q1/bin/../lib/gcc/arm-none-eabi/4.8.3/../../../../arm-none-eabi/lib/armv7-m\libm.a
START GROUP
LOAD c:/program files (x86)/gnu tools arm embedded/4.8 2014q1/bin/../lib/gcc/arm-none-eabi/4.8.3/armv7-m\libgcc.a
LOAD c:/program files (x86)/gnu tools arm embedded/4.8 2014q1/bin/../lib/gcc/arm-none-eabi/4.8.3/../../../../arm-none-eabi/lib/armv7-m\libg_s.a
LOAD c:/program files (x86)/gnu tools arm embedded/4.8 2014q1/bin/../lib/gcc/arm-none-eabi/4.8.3/../../../../arm-none-eabi/lib/armv7-m\libc_s.a
END GROUP
START GROUP
LOAD c:/program files (x86)/gnu tools arm embedded/4.8 2014q1/bin/../lib/gcc/arm-none-eabi/4.8.3/armv7-m\libgcc.a
LOAD c:/program files (x86)/gnu tools arm embedded/4.8 2014q1/bin/../lib/gcc/arm-none-eabi/4.8.3/../../../../arm-none-eabi/lib/armv7-m\libc_s.a
END GROUP
                0x2000c000                __stack = (ORIGIN (RAM) + 0xc000)
                0x2000c000                _estack = __stack
                0x00000800                __Main_Stack_Size = 0x800
                0x00000800                PROVIDE (_Main_Stack_Size, __Main_Stack_Size)
                0x2000b800                __Main_Stack_Limit = (__stack - __Main_Stack_Size)
                0x2000b800                PROVIDE (_Main_Stack_Limit, __Main_Stack_Limit)
                0x00000100                _Minimum_Stack_Size = 0x100
                0x200044ac                PROVIDE (_Heap_Begin, _end_noinit)
                0x2000b800                PROVIDE (_Heap_Limit, (__stack - __Main_Stack_Size))

.isr_vector     0x08007000      0x248
                0x08007000                . = ALIGN (0x4)
 *(.isr_vector)
 .isr_vector    0x08007000      0x10c ./system/src/cmsis/vectors_stm32f10x.o
                0x08007000                __isr_vectors
 *(.cfmconfig)
 *(.after_vectors .after_vectors.*)
 .after_vectors
                0x0800710c      0x10c ./system/src/newlib/_startup.o
                0x0800710c                _start
 .after_vectors
                0x08007218       0x2c ./system/src/cortexm/exception_handlers.o
                0x08007218                Reset_Handler
 .after_vectors
                0x08007244        0x4 ./system/src/cmsis/vectors_stm32f10x.o
                0x08007244                EXTI2_IRQHandler
                0x08007244                TIM8_TRG_COM_IRQHandler
                0x08007244                TIM8_CC_IRQHandler
                0x08007244                TIM1_CC_IRQHandler
                0x08007244                TIM6_IRQHandler
                0x08007244                PVD_IRQHandler
                0x08007244                SDIO_IRQHandler
                0x08007244                CAN2_RX1_IRQHandler
                0x08007244                EXTI3_IRQHandler
                0x08007244                TIM8_TRG_COM_TIM14_IRQHandler
                0x08007244                TIM1_UP_TIM10_IRQHandler
                0x08007244                TIM8_UP_TIM13_IRQHandler
                0x08007244                EXTI0_IRQHandler
                0x08007244                I2C2_EV_IRQHandler
                0x08007244                CAN1_RX0_IRQHandler
                0x08007244                TIM1_UP_TIM16_IRQHandler
                0x08007244                CAN2_SCE_IRQHandler
                0x08007244                ADC1_2_IRQHandler
                0x08007244                SPI1_IRQHandler
                0x08007244                TAMPER_IRQHandler
                0x08007244                TIM6_DAC_IRQHandler
                0x08007244                TIM1_BRK_TIM9_IRQHandler
                0x08007244                CAN2_RX0_IRQHandler
                0x08007244                TIM8_UP_IRQHandler
                0x08007244                DMA2_Channel2_IRQHandler
                0x08007244                DMA1_Channel4_IRQHandler
                0x08007244                USART3_IRQHandler
                0x08007244                RTC_IRQHandler
                0x08007244                DMA1_Channel7_IRQHandler
                0x08007244                CAN1_RX1_IRQHandler
                0x08007244                UART5_IRQHandler
                0x08007244                ADC3_IRQHandler
                0x08007244                TIM4_IRQHandler
                0x08007244                DMA2_Channel1_IRQHandler
                0x08007244                I2C1_EV_IRQHandler
                0x08007244                DMA1_Channel6_IRQHandler
                0x08007244                UART4_IRQHandler
                0x08007244                DMA2_Channel4_IRQHandler
                0x08007244                TIM3_IRQHandler
                0x08007244                RCC_IRQHandler
                0x08007244                TIM8_BRK_TIM12_IRQHandler
                0x08007244                TIM1_TRG_COM_IRQHandler
                0x08007244                DMA1_Channel1_IRQHandler
                0x08007244                Default_Handler
                0x08007244                CEC_IRQHandler
                0x08007244                EXTI15_10_IRQHandler
                0x08007244                TIM14_IRQHandler
                0x08007244                TIM13_IRQHandler
                0x08007244                TIM12_IRQHandler
                0x08007244                TIM7_IRQHandler
                0x08007244                CAN2_TX_IRQHandler
                0x08007244                TIM5_IRQHandler
                0x08007244                EXTI9_5_IRQHandler
                0x08007244                ETH_WKUP_IRQHandler
                0x08007244                SPI2_IRQHandler
                0x08007244                CAN1_TX_IRQHandler
                0x08007244                DMA2_Channel5_IRQHandler
                0x08007244                DMA1_Channel5_IRQHandler
                0x08007244                EXTI4_IRQHandler
                0x08007244                USB_LP_CAN1_RX0_IRQHandler
                0x08007244                TIM1_TRG_COM_TIM17_IRQHandler
                0x08007244                USB_HP_CAN1_TX_IRQHandler
                0x08007244                DMA1_Channel3_IRQHandler
                0x08007244                FSMC_IRQHandler
                0x08007244                ETH_IRQHandler
                0x08007244                TIM1_UP_IRQHandler
                0x08007244                WWDG_IRQHandler
                0x08007244                OTG_FS_WKUP_IRQHandler
                0x08007244                TIM1_TRG_COM_TIM11_IRQHandler
                0x08007244                TIM1_BRK_IRQHandler
                0x08007244                EXTI1_IRQHandler
                0x08007244                RTCAlarm_IRQHandler
                0x08007244                DMA2_Channel4_5_IRQHandler
                0x08007244                I2C2_ER_IRQHandler
                0x08007244                DMA1_Channel2_IRQHandler
                0x08007244                TIM8_BRK_IRQHandler
                0x08007244                CAN1_SCE_IRQHandler
                0x08007244                FLASH_IRQHandler
                0x08007244                OTG_FS_IRQHandler
                0x08007244                SPI3_IRQHandler
                0x08007244                I2C1_ER_IRQHandler
                0x08007244                USBWakeUp_IRQHandler
                0x08007244                DMA2_Channel3_IRQHandler
                0x08007244                TIM1_BRK_TIM15_IRQHandler
                0x08007248                . = ALIGN (0x4)

.inits          0x08007248        0x0
                0x08007248                . = ALIGN (0x4)
 *(.init)
 *(.fini)
                0x08007248                . = ALIGN (0x4)
                0x08007248                PROVIDE (__preinit_array_start, .)
 *(.preinit_array_sysinit .preinit_array_sysinit.*)
 *(.preinit_array_platform .preinit_array_platform.*)
 *(.preinit_array .preinit_array.*)
                0x08007248                PROVIDE (__preinit_array_end, .)
                0x08007248                . = ALIGN (0x4)
                0x08007248                PROVIDE (__init_array_start, .)
 *(SORT(.init_array.*))
 *(.init_array)
                0x08007248                PROVIDE (__init_array_end, .)
                0x08007248                . = ALIGN (0x4)
                0x08007248                PROVIDE (__fini_array_start, .)
 *(SORT(.fini_array.*))
 *(.fini_array)
                0x08007248                PROVIDE (__fini_array_end, .)
                0x08007248                . = ALIGN (0x4)

.flashtext      0x08007248        0x0
                0x08007248                . = ALIGN (0x4)
 *(.flashtext .flashtext.*)
                0x08007248                . = ALIGN (0x4)

.text           0x08007248    0x14e68
                0x08007248                . = ALIGN (0x4)
 *(.text .text.*)
 .text.NVIC_PriorityGroupConfig
                0x08007248       0x40 ./system/src/stm32f1-stdperiph/misc.o
                0x08007248                NVIC_PriorityGroupConfig
 .text.NVIC_Init
                0x08007288       0x98 ./system/src/stm32f1-stdperiph/misc.o
                0x08007288                NVIC_Init
 .text.NVIC_SetVectorTable
                0x08007320       0x44 ./system/src/stm32f1-stdperiph/misc.o
                0x08007320                NVIC_SetVectorTable
 .text.SysTick_CLKSourceConfig
                0x08007364       0x34 ./system/src/stm32f1-stdperiph/misc.o
                0x08007364                SysTick_CLKSourceConfig
 .text.ADC_Init
                0x08007398      0x148 ./system/src/stm32f1-stdperiph/stm32f10x_adc.o
                0x08007398                ADC_Init
 .text.ADC_Cmd  0x080074e0       0x54 ./system/src/stm32f1-stdperiph/stm32f10x_adc.o
                0x080074e0                ADC_Cmd
 .text.ADC_DMACmd
                0x08007534       0x4c ./system/src/stm32f1-stdperiph/stm32f10x_adc.o
                0x08007534                ADC_DMACmd
 .text.ADC_ResetCalibration
                0x08007580       0x38 ./system/src/stm32f1-stdperiph/stm32f10x_adc.o
                0x08007580                ADC_ResetCalibration
 .text.ADC_GetResetCalibrationStatus
                0x080075b8       0x3c ./system/src/stm32f1-stdperiph/stm32f10x_adc.o
                0x080075b8                ADC_GetResetCalibrationStatus
 .text.ADC_StartCalibration
                0x080075f4       0x38 ./system/src/stm32f1-stdperiph/stm32f10x_adc.o
                0x080075f4                ADC_StartCalibration
 .text.ADC_GetCalibrationStatus
                0x0800762c       0x3c ./system/src/stm32f1-stdperiph/stm32f10x_adc.o
                0x0800762c                ADC_GetCalibrationStatus
 .text.ADC_SoftwareStartConvCmd
                0x08007668       0x54 ./system/src/stm32f1-stdperiph/stm32f10x_adc.o
                0x08007668                ADC_SoftwareStartConvCmd
 .text.ADC_RegularChannelConfig
                0x080076bc       0xf0 ./system/src/stm32f1-stdperiph/stm32f10x_adc.o
                0x080076bc                ADC_RegularChannelConfig
 .text.DMA_DeInit
                0x080077ac      0x178 ./system/src/stm32f1-stdperiph/stm32f10x_dma.o
                0x080077ac                DMA_DeInit
 .text.DMA_Init
                0x08007924      0x150 ./system/src/stm32f1-stdperiph/stm32f10x_dma.o
                0x08007924                DMA_Init
 .text.DMA_Cmd  0x08007a74       0x8c ./system/src/stm32f1-stdperiph/stm32f10x_dma.o
                0x08007a74                DMA_Cmd
 .text.DMA_GetFlagStatus
                0x08007b00      0x16c ./system/src/stm32f1-stdperiph/stm32f10x_dma.o
                0x08007b00                DMA_GetFlagStatus
 .text.FLASH_SetLatency
                0x08007c6c       0x28 ./system/src/stm32f1-stdperiph/stm32f10x_flash.o
                0x08007c6c                FLASH_SetLatency
 .text.FLASH_PrefetchBufferCmd
                0x08007c94       0x30 ./system/src/stm32f1-stdperiph/stm32f10x_flash.o
                0x08007c94                FLASH_PrefetchBufferCmd
 .text.GPIO_Init
                0x08007cc4      0x138 ./system/src/stm32f1-stdperiph/stm32f10x_gpio.o
                0x08007cc4                GPIO_Init
 .text.GPIO_ReadInputDataBit
                0x08007dfc       0xb8 ./system/src/stm32f1-stdperiph/stm32f10x_gpio.o
                0x08007dfc                GPIO_ReadInputDataBit
 .text.GPIO_ReadOutputDataBit
                0x08007eb4       0xb8 ./system/src/stm32f1-stdperiph/stm32f10x_gpio.o
                0x08007eb4                GPIO_ReadOutputDataBit
 .text.GPIO_SetBits
                0x08007f6c       0x60 ./system/src/stm32f1-stdperiph/stm32f10x_gpio.o
                0x08007f6c                GPIO_SetBits
 .text.GPIO_ResetBits
                0x08007fcc       0x60 ./system/src/stm32f1-stdperiph/stm32f10x_gpio.o
                0x08007fcc                GPIO_ResetBits
 .text.GPIO_PinRemapConfig
                0x0800802c      0x1cc ./system/src/stm32f1-stdperiph/stm32f10x_gpio.o
                0x0800802c                GPIO_PinRemapConfig
 .text.I2C_Init
                0x080081f8      0x16c ./system/src/stm32f1-stdperiph/stm32f10x_i2c.o
                0x080081f8                I2C_Init
 .text.I2C_Cmd  0x08008364       0x50 ./system/src/stm32f1-stdperiph/stm32f10x_i2c.o
                0x08008364                I2C_Cmd
 .text.I2C_GenerateSTART
                0x080083b4       0x50 ./system/src/stm32f1-stdperiph/stm32f10x_i2c.o
                0x080083b4                I2C_GenerateSTART
 .text.I2C_GenerateSTOP
                0x08008404       0x50 ./system/src/stm32f1-stdperiph/stm32f10x_i2c.o
                0x08008404                I2C_GenerateSTOP
 .text.I2C_AcknowledgeConfig
                0x08008454       0x50 ./system/src/stm32f1-stdperiph/stm32f10x_i2c.o
                0x08008454                I2C_AcknowledgeConfig
 .text.I2C_SendData
                0x080084a4       0x2c ./system/src/stm32f1-stdperiph/stm32f10x_i2c.o
                0x080084a4                I2C_SendData
 .text.I2C_ReceiveData
                0x080084d0       0x2c ./system/src/stm32f1-stdperiph/stm32f10x_i2c.o
                0x080084d0                I2C_ReceiveData
 .text.I2C_Send7bitAddress
                0x080084fc       0x48 ./system/src/stm32f1-stdperiph/stm32f10x_i2c.o
                0x080084fc                I2C_Send7bitAddress
 .text.I2C_CheckEvent
                0x08008544       0xec ./system/src/stm32f1-stdperiph/stm32f10x_i2c.o
                0x08008544                I2C_CheckEvent
 .text.I2C_GetFlagStatus
                0x08008630       0xf4 ./system/src/stm32f1-stdperiph/stm32f10x_i2c.o
                0x08008630                I2C_GetFlagStatus
 .text.IWDG_WriteAccessCmd
                0x08008724       0x24 ./system/src/stm32f1-stdperiph/stm32f10x_iwdg.o
                0x08008724                IWDG_WriteAccessCmd
 .text.IWDG_SetPrescaler
                0x08008748       0x20 ./system/src/stm32f1-stdperiph/stm32f10x_iwdg.o
                0x08008748                IWDG_SetPrescaler
 .text.IWDG_SetReload
                0x08008768       0x20 ./system/src/stm32f1-stdperiph/stm32f10x_iwdg.o
                0x08008768                IWDG_SetReload
 .text.IWDG_ReloadCounter
                0x08008788       0x10 ./system/src/stm32f1-stdperiph/stm32f10x_iwdg.o
                0x08008788                IWDG_ReloadCounter
 .text.IWDG_Enable
                0x08008798       0x10 ./system/src/stm32f1-stdperiph/stm32f10x_iwdg.o
                0x08008798                IWDG_Enable
 .text.RCC_DeInit
                0x080087a8       0x40 ./system/src/stm32f1-stdperiph/stm32f10x_rcc.o
                0x080087a8                RCC_DeInit
 .text.RCC_HSEConfig
                0x080087e8       0x5c ./system/src/stm32f1-stdperiph/stm32f10x_rcc.o
                0x080087e8                RCC_HSEConfig
 .text.RCC_PLLConfig
                0x08008844       0x98 ./system/src/stm32f1-stdperiph/stm32f10x_rcc.o
                0x08008844                RCC_PLLConfig
 .text.RCC_PLLCmd
                0x080088dc       0x20 ./system/src/stm32f1-stdperiph/stm32f10x_rcc.o
                0x080088dc                RCC_PLLCmd
 .text.RCC_SYSCLKConfig
                0x080088fc       0x28 ./system/src/stm32f1-stdperiph/stm32f10x_rcc.o
                0x080088fc                RCC_SYSCLKConfig
 .text.RCC_GetSYSCLKSource
                0x08008924       0x10 ./system/src/stm32f1-stdperiph/stm32f10x_rcc.o
                0x08008924                RCC_GetSYSCLKSource
 .text.RCC_HCLKConfig
                0x08008934       0x48 ./system/src/stm32f1-stdperiph/stm32f10x_rcc.o
                0x08008934                RCC_HCLKConfig
 .text.RCC_PCLK1Config
                0x0800897c       0x40 ./system/src/stm32f1-stdperiph/stm32f10x_rcc.o
                0x0800897c                RCC_PCLK1Config
 .text.RCC_PCLK2Config
                0x080089bc       0x40 ./system/src/stm32f1-stdperiph/stm32f10x_rcc.o
                0x080089bc                RCC_PCLK2Config
 .text.RCC_GetClocksFreq
                0x080089fc       0xc0 ./system/src/stm32f1-stdperiph/stm32f10x_rcc.o
                0x080089fc                RCC_GetClocksFreq
 .text.RCC_AHBPeriphClockCmd
                0x08008abc       0x4c ./system/src/stm32f1-stdperiph/stm32f10x_rcc.o
                0x08008abc                RCC_AHBPeriphClockCmd
 .text.RCC_APB2PeriphClockCmd
                0x08008b08       0x4c ./system/src/stm32f1-stdperiph/stm32f10x_rcc.o
                0x08008b08                RCC_APB2PeriphClockCmd
 .text.RCC_APB1PeriphClockCmd
                0x08008b54       0x4c ./system/src/stm32f1-stdperiph/stm32f10x_rcc.o
                0x08008b54                RCC_APB1PeriphClockCmd
 .text.RCC_GetFlagStatus
                0x08008ba0       0x64 ./system/src/stm32f1-stdperiph/stm32f10x_rcc.o
                0x08008ba0                RCC_GetFlagStatus
 .text.RCC_WaitForHSEStartUp
                0x08008c04       0x34 ./system/src/stm32f1-stdperiph/stm32f10x_rcc.o
                0x08008c04                RCC_WaitForHSEStartUp
 .text.RCC_ClearFlag
                0x08008c38       0x10 ./system/src/stm32f1-stdperiph/stm32f10x_rcc.o
                0x08008c38                RCC_ClearFlag
 .text.SPI_Init
                0x08008c48      0x12c ./system/src/stm32f1-stdperiph/stm32f10x_spi.o
                0x08008c48                SPI_Init
 .text.SPI_Cmd  0x08008d74       0x58 ./system/src/stm32f1-stdperiph/stm32f10x_spi.o
                0x08008d74                SPI_Cmd
 .text.SPI_I2S_DMACmd
                0x08008dcc       0x6c ./system/src/stm32f1-stdperiph/stm32f10x_spi.o
                0x08008dcc                SPI_I2S_DMACmd
 .text.SPI_I2S_SendData
                0x08008e38       0x34 ./system/src/stm32f1-stdperiph/stm32f10x_spi.o
                0x08008e38                SPI_I2S_SendData
 .text.SPI_I2S_ReceiveData
                0x08008e6c       0x34 ./system/src/stm32f1-stdperiph/stm32f10x_spi.o
                0x08008e6c                SPI_I2S_ReceiveData
 .text.SPI_I2S_GetFlagStatus
                0x08008ea0       0x68 ./system/src/stm32f1-stdperiph/stm32f10x_spi.o
                0x08008ea0                SPI_I2S_GetFlagStatus
 .text.TIM_TimeBaseInit
                0x08008f08      0x15c ./system/src/stm32f1-stdperiph/stm32f10x_tim.o
                0x08008f08                TIM_TimeBaseInit
 .text.TIM_Cmd  0x08009064       0xc8 ./system/src/stm32f1-stdperiph/stm32f10x_tim.o
                0x08009064                TIM_Cmd
 .text.TIM_ITConfig
                0x0800912c       0xd8 ./system/src/stm32f1-stdperiph/stm32f10x_tim.o
                0x0800912c                TIM_ITConfig
 .text.TIM_PrescalerConfig
                0x08009204       0xb4 ./system/src/stm32f1-stdperiph/stm32f10x_tim.o
                0x08009204                TIM_PrescalerConfig
 .text.TIM_ClearFlag
                0x080092b8       0xb8 ./system/src/stm32f1-stdperiph/stm32f10x_tim.o
                0x080092b8                TIM_ClearFlag
 .text.TIM_GetITStatus
                0x08009370       0xdc ./system/src/stm32f1-stdperiph/stm32f10x_tim.o
                0x08009370                TIM_GetITStatus
 .text.TIM_ClearITPendingBit
                0x0800944c       0xb8 ./system/src/stm32f1-stdperiph/stm32f10x_tim.o
                0x0800944c                TIM_ClearITPendingBit
 .text.USART_Init
                0x08009504      0x1ac ./system/src/stm32f1-stdperiph/stm32f10x_usart.o
                0x08009504                USART_Init
 .text.USART_ClockInit
                0x080096b0       0x9c ./system/src/stm32f1-stdperiph/stm32f10x_usart.o
                0x080096b0                USART_ClockInit
 .text.USART_Cmd
                0x0800974c       0x68 ./system/src/stm32f1-stdperiph/stm32f10x_usart.o
                0x0800974c                USART_Cmd
 .text.USART_ITConfig
                0x080097b4       0xec ./system/src/stm32f1-stdperiph/stm32f10x_usart.o
                0x080097b4                USART_ITConfig
 .text.USART_SendData
                0x080098a0       0x58 ./system/src/stm32f1-stdperiph/stm32f10x_usart.o
                0x080098a0                USART_SendData
 .text.USART_ReceiveData
                0x080098f8       0x44 ./system/src/stm32f1-stdperiph/stm32f10x_usart.o
                0x080098f8                USART_ReceiveData
 .text.USART_GetFlagStatus
                0x0800993c       0xa8 ./system/src/stm32f1-stdperiph/stm32f10x_usart.o
                0x0800993c                USART_GetFlagStatus
 .text.USART_GetITStatus
                0x080099e4       0xf8 ./system/src/stm32f1-stdperiph/stm32f10x_usart.o
                0x080099e4                USART_GetITStatus
 .text.USART_ClearITPendingBit
                0x08009adc       0xa0 ./system/src/stm32f1-stdperiph/stm32f10x_usart.o
                0x08009adc                USART_ClearITPendingBit
 .text._exit    0x08009b7c        0x4 ./system/src/newlib/_exit.o
                0x08009b7c                _exit
 .text.abort    0x08009b80       0x14 ./system/src/newlib/_exit.o
                0x08009b80                abort
 .text._sbrk    0x08009b94       0x44 ./system/src/newlib/_sbrk.o
                0x08009b94                _sbrk
 .text.__initialize_args
                0x08009bd8       0x10 ./system/src/newlib/_syscalls.o
                0x08009bd8                __initialize_args
 .text._close   0x08009be8       0x10 ./system/src/newlib/_syscalls.o
                0x08009be8                _close
 .text._fstat   0x08009bf8       0x10 ./system/src/newlib/_syscalls.o
                0x08009bf8                _fstat
 .text._isatty  0x08009c08       0x10 ./system/src/newlib/_syscalls.o
                0x08009c08                _isatty
 .text._lseek   0x08009c18       0x10 ./system/src/newlib/_syscalls.o
                0x08009c18                _lseek
 .text.assert_failed
                0x08009c28       0x18 ./system/src/newlib/assert.o
                0x08009c28                assert_failed
 .text.trace_printf
                0x08009c40       0x34 ./system/src/diag/Trace.o
                0x08009c40                trace_printf
 .text.trace_puts
                0x08009c74       0x20 ./system/src/diag/Trace.o
                0x08009c74                trace_puts
 .text._trace_write_itm
                0x08009c94       0x3c ./system/src/diag/trace_impl.o
 .text.trace_write
                0x08009cd0        0x8 ./system/src/diag/trace_impl.o
                0x08009cd0                trace_write
 .text.__initialize_hardware
                0x08009cd8        0x8 ./system/src/cortexm/_initialize_hardware.o
                0x08009cd8                __initialize_hardware
 .text.SetSysClockTo72
                0x08009ce0       0xc4 ./system/src/cmsis/system_stm32f10x.o
 .text.SetSysClock
                0x08009da4        0x8 ./system/src/cmsis/system_stm32f10x.o
 .text.SystemInit
                0x08009dac       0x50 ./system/src/cmsis/system_stm32f10x.o
                0x08009dac                SystemInit
 .text.NVIC_Configuration
                0x08009dfc       0x1c ./src/util/boardutil.o
                0x08009dfc                NVIC_Configuration
 .text.IWDG_Configureation
                0x08009e18       0x2c ./src/util/boardutil.o
                0x08009e18                IWDG_Configureation
 .text.LED_Init
                0x08009e44       0x44 ./src/util/boardutil.o
                0x08009e44                LED_Init
 .text.LED_On   0x08009e88       0x20 ./src/util/boardutil.o
                0x08009e88                LED_On
 .text.LED_Off  0x08009ea8       0x20 ./src/util/boardutil.o
                0x08009ea8                LED_Off
 .text.get_LED_Status
                0x08009ec8       0x20 ./src/util/boardutil.o
                0x08009ec8                get_LED_Status
 .text.Delay    0x08009ee8       0x18 ./src/util/boardutil.o
                0x08009ee8                Delay
 .text.delay_us
                0x08009f00       0x60 ./src/util/boardutil.o
                0x08009f00                delay_us
 .text.delay_ms
                0x08009f60       0x10 ./src/util/boardutil.o
                0x08009f60                delay_ms
 .text.check_spiflash_flag
                0x08009f70       0x2c ./src/util/boardutil.o
                0x08009f70                check_spiflash_flag
 .text.save_spiflash_flag
                0x08009f9c       0x1c ./src/util/boardutil.o
                0x08009f9c                save_spiflash_flag
 .text.release_spiflash_flag
                0x08009fb8       0x1c ./src/util/boardutil.o
                0x08009fb8                release_spiflash_flag
 .text.sflash_run
                0x08009fd4       0x4c ./src/util/boardutil.o
                0x08009fd4                sflash_run
 .text.kick_watchdog
                0x0800a020        0x8 ./src/util/boardutil.o
                0x0800a020                kick_watchdog
 .text.disk_initialize
                0x0800a028        0x4 ./src/util/diskio.o
                0x0800a028                disk_initialize
 .text.disk_status
                0x0800a02c        0x4 ./src/util/diskio.o
                0x0800a02c                disk_status
 .text.disk_read
                0x0800a030       0x38 ./src/util/diskio.o
                0x0800a030                disk_read
 .text.disk_write
                0x0800a068       0x4c ./src/util/diskio.o
                0x0800a068                disk_write
 .text.disk_ioctl
                0x0800a0b4       0x88 ./src/util/diskio.o
                0x0800a0b4                disk_ioctl
 .text.get_fattime
                0x0800a13c       0x4c ./src/util/diskio.o
                0x0800a13c                get_fattime
 .text.bsp_sd_gpio_init
                0x0800a188       0x2c ./src/util/mmc_sd.o
                0x0800a188                bsp_sd_gpio_init
 .text.SD_GetResponse
                0x0800a1b4       0x28 ./src/util/mmc_sd.o
                0x0800a1b4                SD_GetResponse
 .text.SD_WaitDataReady
                0x0800a1dc       0x5c ./src/util/mmc_sd.o
                0x0800a1dc                SD_WaitDataReady
 .text.SD_SendCommand
                0x0800a238       0x8c ./src/util/mmc_sd.o
                0x0800a238                SD_SendCommand
 .text.SD_SendCommand_NoDeassert
                0x0800a2c4       0x68 ./src/util/mmc_sd.o
                0x0800a2c4                SD_SendCommand_NoDeassert
 .text.SD_Idle_Sta
                0x0800a32c       0x4c ./src/util/mmc_sd.o
                0x0800a32c                SD_Idle_Sta
 .text.SD_Init  0x0800a378      0x1e8 ./src/util/mmc_sd.o
                0x0800a378                SD_Init
 .text.SD_ReceiveData
                0x0800a560       0x74 ./src/util/mmc_sd.o
                0x0800a560                SD_ReceiveData
 .text.SD_GetCSD
                0x0800a5d4       0x20 ./src/util/mmc_sd.o
                0x0800a5d4                SD_GetCSD
 .text.SD_GetCapacity
                0x0800a5f4       0x94 ./src/util/mmc_sd.o
                0x0800a5f4                SD_GetCapacity
 .text.SD_ReadSingleBlock
                0x0800a688       0x30 ./src/util/mmc_sd.o
                0x0800a688                SD_ReadSingleBlock
 .text.SD_WriteSingleBlock
                0x0800a6b8       0xc8 ./src/util/mmc_sd.o
                0x0800a6b8                SD_WriteSingleBlock
 .text.SD_ReadMultiBlock
                0x0800a780       0x64 ./src/util/mmc_sd.o
                0x0800a780                SD_ReadMultiBlock
 .text.SD_WriteMultiBlock
                0x0800a7e4       0xfc ./src/util/mmc_sd.o
                0x0800a7e4                SD_WriteMultiBlock
 .text.SD_WaitReady
                0x0800a8e0       0x14 ./src/util/mmc_sd.o
                0x0800a8e0                SD_WaitReady
 .text.bsp_set_spi2_speed
                0x0800a8f4       0x70 ./src/util/spi.o
                0x0800a8f4                bsp_set_spi2_speed
 .text.bsp_readwritebyte_spi2
                0x0800a964       0x60 ./src/util/spi.o
                0x0800a964                bsp_readwritebyte_spi2
 .text.w5500_dhcp_assign
                0x0800a9c4       0x90 ./src/callback/dhcp_cb.o
                0x0800a9c4                w5500_dhcp_assign
 .text.w5500_dhcp_conflict
                0x0800aa54        0x4 ./src/callback/dhcp_cb.o
                0x0800aa54                w5500_dhcp_conflict
 .text.mem_cpy  0x0800aa58       0x14 ./src/PlatformHandler/FatFs/ff.o
 .text.mem_set  0x0800aa6c       0x14 ./src/PlatformHandler/FatFs/ff.o
 .text.mem_cmp  0x0800aa80       0x24 ./src/PlatformHandler/FatFs/ff.o
 .text.chk_chr  0x0800aaa4       0x14 ./src/PlatformHandler/FatFs/ff.o
 .text.ld_clust
                0x0800aab8       0x20 ./src/PlatformHandler/FatFs/ff.o
 .text.st_clust
                0x0800aad8       0x14 ./src/PlatformHandler/FatFs/ff.o
 .text.pick_lfn
                0x0800aaec       0x70 ./src/PlatformHandler/FatFs/ff.o
 .text.fit_lfn  0x0800ab5c       0x6c ./src/PlatformHandler/FatFs/ff.o
 .text.gen_numname
                0x0800abc8       0xb8 ./src/PlatformHandler/FatFs/ff.o
 .text.sum_sfn  0x0800ac80       0x1c ./src/PlatformHandler/FatFs/ff.o
 .text.get_ldnumber
                0x0800ac9c       0x5c ./src/PlatformHandler/FatFs/ff.o
 .text.sync_window
                0x0800acf8       0x64 ./src/PlatformHandler/FatFs/ff.o
 .text.move_window
                0x0800ad5c       0x38 ./src/PlatformHandler/FatFs/ff.o
 .text.check_fs
                0x0800ad94       0x80 ./src/PlatformHandler/FatFs/ff.o
 .text.validate
                0x0800ae14       0x38 ./src/PlatformHandler/FatFs/ff.o
 .text.find_volume
                0x0800ae4c      0x3a4 ./src/PlatformHandler/FatFs/ff.o
 .text.get_fileinfo
                0x0800b1f0       0xfc ./src/PlatformHandler/FatFs/ff.o
 .text.create_name
                0x0800b2ec      0x280 ./src/PlatformHandler/FatFs/ff.o
 .text.cmp_lfn  0x0800b56c       0x98 ./src/PlatformHandler/FatFs/ff.o
 .text.sync_fs  0x0800b604       0xc0 ./src/PlatformHandler/FatFs/ff.o
 .text.clust2sect
                0x0800b6c4       0x18 ./src/PlatformHandler/FatFs/ff.o
                0x0800b6c4                clust2sect
 .text.get_fat  0x0800b6dc       0xe4 ./src/PlatformHandler/FatFs/ff.o
                0x0800b6dc                get_fat
 .text.dir_sdi  0x0800b7c0       0x94 ./src/PlatformHandler/FatFs/ff.o
 .text.put_fat  0x0800b854      0x118 ./src/PlatformHandler/FatFs/ff.o
                0x0800b854                put_fat
 .text.create_chain
                0x0800b96c       0xc4 ./src/PlatformHandler/FatFs/ff.o
 .text.dir_next
                0x0800ba30      0x124 ./src/PlatformHandler/FatFs/ff.o
 .text.dir_find
                0x0800bb54       0xd8 ./src/PlatformHandler/FatFs/ff.o
 .text.follow_path
                0x0800bc2c       0x84 ./src/PlatformHandler/FatFs/ff.o
 .text.dir_alloc
                0x0800bcb0       0x54 ./src/PlatformHandler/FatFs/ff.o
 .text.dir_register
                0x0800bd04      0x124 ./src/PlatformHandler/FatFs/ff.o
 .text.dir_read
                0x0800be28       0xc4 ./src/PlatformHandler/FatFs/ff.o
 .text.dir_remove
                0x0800beec       0x68 ./src/PlatformHandler/FatFs/ff.o
 .text.remove_chain
                0x0800bf54       0x70 ./src/PlatformHandler/FatFs/ff.o
 .text.f_mount  0x0800bfc4       0x58 ./src/PlatformHandler/FatFs/ff.o
                0x0800bfc4                f_mount
 .text.f_open   0x0800c01c      0x168 ./src/PlatformHandler/FatFs/ff.o
                0x0800c01c                f_open
 .text.f_read   0x0800c184      0x174 ./src/PlatformHandler/FatFs/ff.o
                0x0800c184                f_read
 .text.f_write  0x0800c2f8      0x1b0 ./src/PlatformHandler/FatFs/ff.o
                0x0800c2f8                f_write
 .text.f_sync   0x0800c4a8       0xa4 ./src/PlatformHandler/FatFs/ff.o
                0x0800c4a8                f_sync
 .text.f_close  0x0800c54c       0x20 ./src/PlatformHandler/FatFs/ff.o
                0x0800c54c                f_close
 .text.f_lseek  0x0800c56c      0x160 ./src/PlatformHandler/FatFs/ff.o
                0x0800c56c                f_lseek
 .text.f_opendir
                0x0800c6cc       0x78 ./src/PlatformHandler/FatFs/ff.o
                0x0800c6cc                f_opendir
 .text.f_readdir
                0x0800c744       0x68 ./src/PlatformHandler/FatFs/ff.o
                0x0800c744                f_readdir
 .text.scan_files
                0x0800c7ac      0x1d4 ./src/PlatformHandler/FatFs/ff.o
                0x0800c7ac                scan_files
 .text.get_filesize
                0x0800c980       0x84 ./src/PlatformHandler/FatFs/ff.o
                0x0800c980                get_filesize
 .text.f_getfree
                0x0800ca04       0xec ./src/PlatformHandler/FatFs/ff.o
                0x0800ca04                f_getfree
 .text.f_unlink
                0x0800caf0       0xb8 ./src/PlatformHandler/FatFs/ff.o
                0x0800caf0                f_unlink
 .text.f_mkdir  0x0800cba8      0x170 ./src/PlatformHandler/FatFs/ff.o
                0x0800cba8                f_mkdir
 .text.f_mkfs   0x0800cd18      0x6ec ./src/PlatformHandler/FatFs/ff.o
                0x0800cd18                f_mkfs
 .text.ff_convert
                0x0800d404       0x38 ./src/PlatformHandler/FatFs/ff_lfn_required.o
                0x0800d404                ff_convert
 .text.ff_wtoupper
                0x0800d43c       0x10 ./src/PlatformHandler/FatFs/ff_lfn_required.o
                0x0800d43c                ff_wtoupper
 .text.adc_dmamulti_init
                0x0800d44c      0x114 ./src/PlatformHandler/adcHandler.o
                0x0800d44c                adc_dmamulti_init
 .text.probe_flash
                0x0800d560       0x78 ./src/PlatformHandler/flashHandler.o
                0x0800d560                probe_flash
 .text.IO_Init  0x0800d5d8       0x54 ./src/PlatformHandler/gpioHandler.o
                0x0800d5d8                IO_Init
 .text.IO_On    0x0800d62c       0x2c ./src/PlatformHandler/gpioHandler.o
                0x0800d62c                IO_On
 .text.IO_Off   0x0800d658       0x2c ./src/PlatformHandler/gpioHandler.o
                0x0800d658                IO_Off
 .text.get_IO_Status
                0x0800d684       0x48 ./src/PlatformHandler/gpioHandler.o
                0x0800d684                get_IO_Status
 .text.I2C1Initialize
                0x0800d6cc       0x74 ./src/PlatformHandler/i2cHandler.o
                0x0800d6cc                I2C1Initialize
 .text.EEP_Read
                0x0800d740      0x114 ./src/PlatformHandler/i2cHandler.o
                0x0800d740                EEP_Read
 .text.EEP_Write
                0x0800d854       0xc8 ./src/PlatformHandler/i2cHandler.o
                0x0800d854                EEP_Write
 .text.getMountedMemorySize
                0x0800d91c       0x58 ./src/PlatformHandler/mmcHandler.o
                0x0800d91c                getMountedMemorySize
 .text.mmc_mount
                0x0800d974       0x40 ./src/PlatformHandler/mmcHandler.o
                0x0800d974                mmc_mount
 .text.flash_mount
                0x0800d9b4       0x50 ./src/PlatformHandler/mmcHandler.o
                0x0800d9b4                flash_mount
 .text.RCC_Configuration
                0x0800da04       0x7c ./src/PlatformHandler/rccHandler.o
                0x0800da04                RCC_Configuration
 .text.RingBuffer_Init
                0x0800da80       0x10 ./src/PlatformHandler/ring_buffer.o
                0x0800da80                RingBuffer_Init
 .text.RingBuffer_Insert
                0x0800da90       0x34 ./src/PlatformHandler/ring_buffer.o
                0x0800da90                RingBuffer_Insert
 .text.RingBuffer_InsertMult
                0x0800dac4       0x98 ./src/PlatformHandler/ring_buffer.o
                0x0800dac4                RingBuffer_InsertMult
 .text.RingBuffer_Pop
                0x0800db5c       0x30 ./src/PlatformHandler/ring_buffer.o
                0x0800db5c                RingBuffer_Pop
 .text.RingBuffer_PopMult
                0x0800db8c       0x78 ./src/PlatformHandler/ring_buffer.o
                0x0800db8c                RingBuffer_PopMult
 .text.wizchip_select
                0x0800dc04       0x14 ./src/PlatformHandler/spiHandler.o
 .text.wizchip_deselect
                0x0800dc18       0x14 ./src/PlatformHandler/spiHandler.o
 .text.wizchip_rw
                0x0800dc2c       0x3c ./src/PlatformHandler/spiHandler.o
 .text.wizchip_write
                0x0800dc68        0x8 ./src/PlatformHandler/spiHandler.o
                0x0800dc68                wizchip_write
 .text.wizchip_read
                0x0800dc70        0xc ./src/PlatformHandler/spiHandler.o
                0x0800dc70                wizchip_read
 .text.stm32_wizchip_dma_transfer
                0x0800dc7c       0xd8 ./src/PlatformHandler/spiHandler.o
 .text.wizchip_readburst
                0x0800dd54       0x10 ./src/PlatformHandler/spiHandler.o
                0x0800dd54                wizchip_readburst
 .text.wizchip_writeburst
                0x0800dd64       0x10 ./src/PlatformHandler/spiHandler.o
                0x0800dd64                wizchip_writeburst
 .text.W5500_SPI_LowLevel_Init
                0x0800dd74       0xd0 ./src/PlatformHandler/spiHandler.o
                0x0800dd74                W5500_SPI_LowLevel_Init
 .text.W5500_Init
                0x0800de44       0x7c ./src/PlatformHandler/spiHandler.o
                0x0800de44                W5500_Init
 .text.read_storage
                0x0800dec0       0x4c ./src/PlatformHandler/storageHandler.o
                0x0800dec0                read_storage
 .text.write_storage
                0x0800df0c       0xb0 ./src/PlatformHandler/storageHandler.o
                0x0800df0c                write_storage
 .text.TIM2_IRQHandler
                0x0800dfbc       0x6c ./src/PlatformHandler/timerHandler.o
                0x0800dfbc                TIM2_IRQHandler
 .text.Timer_Configuration
                0x0800e028       0x6c ./src/PlatformHandler/timerHandler.o
                0x0800e028                Timer_Configuration
 .text.Chip_UART_SendRB
                0x0800e094       0x30 ./src/PlatformHandler/uartHandler.o
 .text.getUSART1buf
                0x0800e0c4       0x18 ./src/PlatformHandler/uartHandler.o
                0x0800e0c4                getUSART1buf
 .text.USART1_flush
                0x0800e0dc       0x24 ./src/PlatformHandler/uartHandler.o
                0x0800e0dc                USART1_flush
 .text.USART1_IRQHandler
                0x0800e100       0x74 ./src/PlatformHandler/uartHandler.o
                0x0800e100                USART1_IRQHandler
 .text.Usart_putc
                0x0800e174       0x24 ./src/PlatformHandler/uartHandler.o
                0x0800e174                Usart_putc
 .text.Usart_getc
                0x0800e198       0x3c ./src/PlatformHandler/uartHandler.o
                0x0800e198                Usart_getc
 .text._read    0x0800e1d4       0x34 ./src/PlatformHandler/uartHandler.o
                0x0800e1d4                _read
 .text._write   0x0800e208       0x4c ./src/PlatformHandler/uartHandler.o
                0x0800e208                _write
 .text.serial_info_init
                0x0800e254       0xe4 ./src/PlatformHandler/uartHandler.o
                0x0800e254                serial_info_init
 .text.USART1_Configuration
                0x0800e338       0x7c ./src/PlatformHandler/uartHandler.o
                0x0800e338                USART1_Configuration
 .text.Chip_UART_ReadRB
                0x0800e3b4       0x30 ./src/PlatformHandler/uartHandler.o
                0x0800e3b4                Chip_UART_ReadRB
 .text.Chip_UART_IRQRBHandler
                0x0800e3e4       0x68 ./src/PlatformHandler/uartHandler.o
                0x0800e3e4                Chip_UART_IRQRBHandler
 .text.USART2_IRQHandler
                0x0800e44c       0x1c ./src/PlatformHandler/uartHandler.o
                0x0800e44c                USART2_IRQHandler
 .text.USART2_Configuration
                0x0800e468       0xcc ./src/PlatformHandler/uartHandler.o
                0x0800e468                USART2_Configuration
 .text.UART_read
                0x0800e534       0x18 ./src/PlatformHandler/uartHandler.o
                0x0800e534                UART_read
 .text.UART_write
                0x0800e54c       0x18 ./src/PlatformHandler/uartHandler.o
                0x0800e54c                UART_write
 .text.UART_TxRB_GetCount
                0x0800e564       0x10 ./src/PlatformHandler/uartHandler.o
                0x0800e564                UART_TxRB_GetCount
 .text.UART2_flush
                0x0800e574       0x1c ./src/PlatformHandler/uartHandler.o
                0x0800e574                UART2_flush
 .text.read_IOstorage
                0x0800e590       0x3c ./src/PlatformHandler/userHandler.o
                0x0800e590                read_IOstorage
 .text.write_IOstorage
                0x0800e5cc       0xa8 ./src/PlatformHandler/userHandler.o
                0x0800e5cc                write_IOstorage
 .text.IO_status_init
                0x0800e674       0xfc ./src/PlatformHandler/userHandler.o
                0x0800e674                IO_status_init
 .text.get_ADC_val
                0x0800e770       0x10 ./src/PlatformHandler/userHandler.o
                0x0800e770                get_ADC_val
 .text.make_basic_config_setting_json_callback
                0x0800e780      0x2b8 ./src/PlatformHandler/userHandler.o
                0x0800e780                make_basic_config_setting_json_callback
 .text.make_json_io_status
                0x0800ea38      0x168 ./src/PlatformHandler/userHandler.o
                0x0800ea38                make_json_io_status
 .text.make_json_ioalias_status
                0x0800eba0      0x188 ./src/PlatformHandler/userHandler.o
                0x0800eba0                make_json_ioalias_status
 .text.make_json_adc_status
                0x0800ed28       0x50 ./src/PlatformHandler/userHandler.o
                0x0800ed28                make_json_adc_status
 .text.make_json_serial_data
                0x0800ed78       0x20 ./src/PlatformHandler/userHandler.o
                0x0800ed78                make_json_serial_data
 .text.set_basic_config_setting
                0x0800ed98      0x190 ./src/PlatformHandler/userHandler.o
                0x0800ed98                set_basic_config_setting
 .text.set_digital_io_output
                0x0800ef28       0x90 ./src/PlatformHandler/userHandler.o
                0x0800ef28                set_digital_io_output
 .text.set_digital_io_alias
                0x0800efb8       0x70 ./src/PlatformHandler/userHandler.o
                0x0800efb8                set_digital_io_alias
 .text.set_digital_io_direction
                0x0800f028       0x80 ./src/PlatformHandler/userHandler.o
                0x0800f028                set_digital_io_direction
 .text.get_serial_data_from_web
                0x0800f0a8       0x2c ./src/PlatformHandler/userHandler.o
                0x0800f0a8                get_serial_data_from_web
 .text.set_factory_default_io_status
                0x0800f0d4       0x30 ./src/PlatformHandler/userHandler.o
                0x0800f0d4                set_factory_default_io_status
 .text.make_cgi_basic_config_response_page
                0x0800f104       0x50 ./src/PlatformHandler/userHandler.o
                0x0800f104                make_cgi_basic_config_response_page
 .text.make_json_dio
                0x0800f154       0x40 ./src/PlatformHandler/userHandler.o
                0x0800f154                make_json_dio
 .text.make_json_ain
                0x0800f194       0x24 ./src/PlatformHandler/userHandler.o
                0x0800f194                make_json_ain
 .text.make_json_devinfo
                0x0800f1b8       0x80 ./src/PlatformHandler/userHandler.o
                0x0800f1b8                make_json_devinfo
 .text.make_json_netinfo
                0x0800f238       0xac ./src/PlatformHandler/userHandler.o
                0x0800f238                make_json_netinfo
 .text.make_json_uartinfo
                0x0800f2e4      0x154 ./src/PlatformHandler/userHandler.o
                0x0800f2e4                make_json_uartinfo
 .text.predefined_get_cgi_processor
                0x0800f438      0x128 ./src/PlatformHandler/userHandler.o
                0x0800f438                predefined_get_cgi_processor
 .text.set_devinfo
                0x0800f560       0x4c ./src/PlatformHandler/userHandler.o
                0x0800f560                set_devinfo
 .text.set_netinfo
                0x0800f5ac       0xa4 ./src/PlatformHandler/userHandler.o
                0x0800f5ac                set_netinfo
 .text.set_uartinfo
                0x0800f650       0xf0 ./src/PlatformHandler/userHandler.o
                0x0800f650                set_uartinfo
 .text.set_diodir
                0x0800f740       0x64 ./src/PlatformHandler/userHandler.o
                0x0800f740                set_diodir
 .text.set_diostate
                0x0800f7a4       0x74 ./src/PlatformHandler/userHandler.o
                0x0800f7a4                set_diostate
 .text.set_dioalias
                0x0800f818       0x78 ./src/PlatformHandler/userHandler.o
                0x0800f818                set_dioalias
 .text.predefined_set_cgi_processor
                0x0800f890      0x110 ./src/PlatformHandler/userHandler.o
                0x0800f890                predefined_set_cgi_processor
 .text.custom_command_handler
                0x0800f9a0        0x4 ./src/PlatformHandler/userHandler.o
                0x0800f9a0                custom_command_handler
 .text.DF_SPI_RW
                0x0800f9a4       0x3c ./src/Internet/httpServer/dataflash.o
 .text.DF_SPI_INIT
                0x0800f9e0       0x2c ./src/Internet/httpServer/dataflash.o
 .text.DF_Init  0x0800fa0c       0x18 ./src/Internet/httpServer/dataflash.o
                0x0800fa0c                DF_Init
 .text.DataFlash_Init
                0x0800fa24       0x1c ./src/Internet/httpServer/dataflash.o
                0x0800fa24                DataFlash_Init
 .text.df_read_status
                0x0800fa40       0x7c ./src/Internet/httpServer/dataflash.o
                0x0800fa40                df_read_status
 .text.Flash_WaitReady
                0x0800fabc       0x2c ./src/Internet/httpServer/dataflash.o
                0x0800fabc                Flash_WaitReady
 .text.DF_PageToBuffer
                0x0800fae8       0x78 ./src/Internet/httpServer/dataflash.o
                0x0800fae8                DF_PageToBuffer
 .text.DF_BufferToPage
                0x0800fb60       0x78 ./src/Internet/httpServer/dataflash.o
                0x0800fb60                DF_BufferToPage
 .text.DF_BufferReadStr
                0x0800fbd8       0x64 ./src/Internet/httpServer/dataflash.o
                0x0800fbd8                DF_BufferReadStr
 .text.read_from_flashbuf
                0x0800fc3c       0x94 ./src/Internet/httpServer/dataflash.o
                0x0800fc3c                read_from_flashbuf
 .text.DF_BufferWriteStr
                0x0800fcd0       0x58 ./src/Internet/httpServer/dataflash.o
                0x0800fcd0                DF_BufferWriteStr
 .text.write_to_flashbuf
                0x0800fd28       0x94 ./src/Internet/httpServer/dataflash.o
                0x0800fd28                write_to_flashbuf
 .text.replacetochar
                0x0800fdbc       0x1c ./src/Internet/httpServer/httpParser.o
 .text.C2D      0x0800fdd8       0x34 ./src/Internet/httpServer/httpParser.o
 .text.unescape_http_url
                0x0800fe0c       0x40 ./src/Internet/httpServer/httpParser.o
                0x0800fe0c                unescape_http_url
 .text.make_http_response_head
                0x0800fe4c       0xcc ./src/Internet/httpServer/httpParser.o
                0x0800fe4c                make_http_response_head
 .text.find_http_uri_type
                0x0800ff18      0x198 ./src/Internet/httpServer/httpParser.o
                0x0800ff18                find_http_uri_type
 .text.parse_http_request
                0x080100b0       0xb8 ./src/Internet/httpServer/httpParser.o
                0x080100b0                parse_http_request
 .text.get_http_uri_name
                0x08010168       0x38 ./src/Internet/httpServer/httpParser.o
                0x08010168                get_http_uri_name
 .text.ATOI     0x080101a0       0x24 ./src/Internet/httpServer/httpParser.o
                0x080101a0                ATOI
 .text.inet_addr_
                0x080101c4       0x5c ./src/Internet/httpServer/httpParser.o
                0x080101c4                inet_addr_
 .text.mid      0x08010220       0x34 ./src/Internet/httpServer/httpParser.o
                0x08010220                mid
 .text.get_http_param_value
                0x08010254       0xb4 ./src/Internet/httpServer/httpParser.o
                0x08010254                get_http_param_value
 .text.default_mcu_reset
                0x08010308        0x4 ./src/Internet/httpServer/httpServer.o
                0x08010308                default_mcu_reset
 .text.default_wdt_reset
                0x0801030c        0x4 ./src/Internet/httpServer/httpServer.o
                0x0801030c                default_wdt_reset
 .text.getHTTPSocketNum
                0x08010310        0xc ./src/Internet/httpServer/httpServer.o
 .text.getHTTPSequenceNum
                0x0801031c       0x24 ./src/Internet/httpServer/httpServer.o
 .text.http_disconnect
                0x08010340       0x20 ./src/Internet/httpServer/httpServer.o
 .text.send_http_response_cgi
                0x08010360       0x2c ./src/Internet/httpServer/httpServer.o
 .text.send_http_response_header
                0x0801038c       0x70 ./src/Internet/httpServer/httpServer.o
 .text.send_http_response_body
                0x080103fc      0x128 ./src/Internet/httpServer/httpServer.o
 .text.http_process_handler
                0x08010524      0x1f8 ./src/Internet/httpServer/httpServer.o
 .text.httpServer_Sockinit
                0x0801071c       0x20 ./src/Internet/httpServer/httpServer.o
                0x0801071c                httpServer_Sockinit
 .text.httpServer_init
                0x0801073c       0x1c ./src/Internet/httpServer/httpServer.o
                0x0801073c                httpServer_init
 .text.reg_httpServer_cbfunc
                0x08010758       0x18 ./src/Internet/httpServer/httpServer.o
                0x08010758                reg_httpServer_cbfunc
 .text.httpServer_run
                0x08010770      0x1c4 ./src/Internet/httpServer/httpServer.o
                0x08010770                httpServer_run
 .text.httpServer_time_handler
                0x08010934       0x10 ./src/Internet/httpServer/httpServer.o
                0x08010934                httpServer_time_handler
 .text.http_get_cgi_handler
                0x08010944       0xb8 ./src/Internet/httpServer/httpUtil.o
                0x08010944                http_get_cgi_handler
 .text.http_post_cgi_handler
                0x080109fc      0x104 ./src/Internet/httpServer/httpUtil.o
                0x080109fc                http_post_cgi_handler
 .text.ftpd_init
                0x08010b00       0x4c ./src/Internet/FTPServer/ftpd.o
                0x08010b00                ftpd_init
 .text.ftplogin
                0x08010b4c       0x2c ./src/Internet/FTPServer/ftpd.o
                0x08010b4c                ftplogin
 .text.pport    0x08010b78       0x98 ./src/Internet/FTPServer/ftpd.o
                0x08010b78                pport
 .text.proc_ftpd
                0x08010c10      0x674 ./src/Internet/FTPServer/ftpd.o
                0x08010c10                proc_ftpd
 .text.ftpd_run
                0x08011284      0x44c ./src/Internet/FTPServer/ftpd.o
                0x08011284                ftpd_run
 .text.default_ip_assign
                0x080116d0       0x34 ./src/Internet/DHCP/dhcp.o
                0x080116d0                default_ip_assign
 .text.default_ip_update
                0x08011704       0x28 ./src/Internet/DHCP/dhcp.o
                0x08011704                default_ip_update
 .text.default_ip_conflict
                0x0801172c       0x24 ./src/Internet/DHCP/dhcp.o
                0x0801172c                default_ip_conflict
 .text.reg_dhcp_cbfunc
                0x08011750       0x48 ./src/Internet/DHCP/dhcp.o
                0x08011750                reg_dhcp_cbfunc
 .text.makeDHCPMSG
                0x08011798       0xe8 ./src/Internet/DHCP/dhcp.o
                0x08011798                makeDHCPMSG
 .text.send_DHCP_DISCOVER
                0x08011880      0x15c ./src/Internet/DHCP/dhcp.o
                0x08011880                send_DHCP_DISCOVER
 .text.send_DHCP_REQUEST
                0x080119dc      0x220 ./src/Internet/DHCP/dhcp.o
                0x080119dc                send_DHCP_REQUEST
 .text.send_DHCP_DECLINE
                0x08011bfc       0xfc ./src/Internet/DHCP/dhcp.o
                0x08011bfc                send_DHCP_DECLINE
 .text.parseDHCPMSG
                0x08011cf8      0x1c8 ./src/Internet/DHCP/dhcp.o
                0x08011cf8                parseDHCPMSG
 .text.check_DHCP_leasedIP
                0x08011ec0       0x6c ./src/Internet/DHCP/dhcp.o
                0x08011ec0                check_DHCP_leasedIP
 .text.reset_DHCP_timeout
                0x08011f2c       0x20 ./src/Internet/DHCP/dhcp.o
                0x08011f2c                reset_DHCP_timeout
 .text.check_DHCP_timeout
                0x08011f4c       0x98 ./src/Internet/DHCP/dhcp.o
                0x08011f4c                check_DHCP_timeout
 .text.DHCP_run
                0x08011fe4      0x1c8 ./src/Internet/DHCP/dhcp.o
                0x08011fe4                DHCP_run
 .text.DHCP_init
                0x080121ac       0xbc ./src/Internet/DHCP/dhcp.o
                0x080121ac                DHCP_init
 .text.DHCP_time_handler
                0x08012268       0x10 ./src/Internet/DHCP/dhcp.o
                0x08012268                DHCP_time_handler
 .text.getIPfromDHCP
                0x08012278       0x18 ./src/Internet/DHCP/dhcp.o
                0x08012278                getIPfromDHCP
 .text.getGWfromDHCP
                0x08012290       0x18 ./src/Internet/DHCP/dhcp.o
                0x08012290                getGWfromDHCP
 .text.getSNfromDHCP
                0x080122a8       0x18 ./src/Internet/DHCP/dhcp.o
                0x080122a8                getSNfromDHCP
 .text.getDNSfromDHCP
                0x080122c0       0x18 ./src/Internet/DHCP/dhcp.o
                0x080122c0                getDNSfromDHCP
 .text.getDHCPLeasetime
                0x080122d8        0xc ./src/Internet/DHCP/dhcp.o
                0x080122d8                getDHCPLeasetime
 .text.WIZCHIP_READ
                0x080122e4       0x3c ./src/Ethernet/W5500/w5500.o
                0x080122e4                WIZCHIP_READ
 .text.WIZCHIP_WRITE
                0x08012320       0x40 ./src/Ethernet/W5500/w5500.o
                0x08012320                WIZCHIP_WRITE
 .text.WIZCHIP_READ_BUF
                0x08012360       0x64 ./src/Ethernet/W5500/w5500.o
                0x08012360                WIZCHIP_READ_BUF
 .text.WIZCHIP_WRITE_BUF
                0x080123c4       0x64 ./src/Ethernet/W5500/w5500.o
                0x080123c4                WIZCHIP_WRITE_BUF
 .text.getSn_TX_FSR
                0x08012428       0x44 ./src/Ethernet/W5500/w5500.o
                0x08012428                getSn_TX_FSR
 .text.getSn_RX_RSR
                0x0801246c       0x44 ./src/Ethernet/W5500/w5500.o
                0x0801246c                getSn_RX_RSR
 .text.wiz_send_data
                0x080124b0       0x5c ./src/Ethernet/W5500/w5500.o
                0x080124b0                wiz_send_data
 .text.wiz_recv_data
                0x0801250c       0x5c ./src/Ethernet/W5500/w5500.o
                0x0801250c                wiz_recv_data
 .text.wiz_recv_ignore
                0x08012568       0x3c ./src/Ethernet/W5500/w5500.o
                0x08012568                wiz_recv_ignore
 .text.close    0x080125a4       0x6c ./src/Ethernet/socket.o
                0x080125a4                close
 .text.socket   0x08012610      0x118 ./src/Ethernet/socket.o
                0x08012610                socket
 .text.listen   0x08012728       0x70 ./src/Ethernet/socket.o
                0x08012728                listen
 .text.connect  0x08012798       0xe4 ./src/Ethernet/socket.o
                0x08012798                connect
 .text.disconnect
                0x0801287c       0x90 ./src/Ethernet/socket.o
                0x0801287c                disconnect
 .text.send     0x0801290c      0x140 ./src/Ethernet/socket.o
                0x0801290c                send
 .text.recv     0x08012a4c       0xf0 ./src/Ethernet/socket.o
                0x08012a4c                recv
 .text.sendto   0x08012b3c      0x148 ./src/Ethernet/socket.o
                0x08012b3c                sendto
 .text.recvfrom
                0x08012c84      0x1f0 ./src/Ethernet/socket.o
                0x08012c84                recvfrom
 .text.getsockopt
                0x08012e74      0x140 ./src/Ethernet/socket.o
                0x08012e74                getsockopt
 .text.wizchip_cris_enter
                0x08012fb4        0x4 ./src/Ethernet/wizchip_conf.o
                0x08012fb4                wizchip_cris_enter
 .text.wizchip_cris_exit
                0x08012fb8        0x4 ./src/Ethernet/wizchip_conf.o
                0x08012fb8                wizchip_cris_exit
 .text.wizchip_cs_select
                0x08012fbc        0x4 ./src/Ethernet/wizchip_conf.o
                0x08012fbc                wizchip_cs_select
 .text.wizchip_cs_deselect
                0x08012fc0        0x4 ./src/Ethernet/wizchip_conf.o
                0x08012fc0                wizchip_cs_deselect
 .text.wizchip_bus_readbyte
                0x08012fc4        0x4 ./src/Ethernet/wizchip_conf.o
                0x08012fc4                wizchip_bus_readbyte
 .text.wizchip_bus_writebyte
                0x08012fc8        0x4 ./src/Ethernet/wizchip_conf.o
                0x08012fc8                wizchip_bus_writebyte
 .text.wizchip_spi_readbyte
                0x08012fcc        0x4 ./src/Ethernet/wizchip_conf.o
                0x08012fcc                wizchip_spi_readbyte
 .text.wizchip_spi_writebyte
                0x08012fd0        0x4 ./src/Ethernet/wizchip_conf.o
                0x08012fd0                wizchip_spi_writebyte
 .text.wizchip_spi_readburst
                0x08012fd4        0x4 ./src/Ethernet/wizchip_conf.o
                0x08012fd4                wizchip_spi_readburst
 .text.wizchip_spi_writeburst
                0x08012fd8        0x4 ./src/Ethernet/wizchip_conf.o
                0x08012fd8                wizchip_spi_writeburst
 .text.reg_wizchip_cs_cbfunc
                0x08012fdc       0x24 ./src/Ethernet/wizchip_conf.o
                0x08012fdc                reg_wizchip_cs_cbfunc
 .text.reg_wizchip_spi_cbfunc
                0x08013000       0x34 ./src/Ethernet/wizchip_conf.o
                0x08013000                reg_wizchip_spi_cbfunc
 .text.reg_wizchip_spiburst_cbfunc
                0x08013034       0x34 ./src/Ethernet/wizchip_conf.o
                0x08013034                reg_wizchip_spiburst_cbfunc
 .text.wizchip_sw_reset
                0x08013068       0x78 ./src/Ethernet/wizchip_conf.o
                0x08013068                wizchip_sw_reset
 .text.wizchip_init
                0x080130e0       0x9c ./src/Ethernet/wizchip_conf.o
                0x080130e0                wizchip_init
 .text.wizchip_clrinterrupt
                0x0801317c       0x20 ./src/Ethernet/wizchip_conf.o
                0x0801317c                wizchip_clrinterrupt
 .text.wizchip_getinterrupt
                0x0801319c       0x20 ./src/Ethernet/wizchip_conf.o
                0x0801319c                wizchip_getinterrupt
 .text.wizchip_setinterruptmask
                0x080131bc       0x1c ./src/Ethernet/wizchip_conf.o
                0x080131bc                wizchip_setinterruptmask
 .text.wizchip_getinterruptmask
                0x080131d8       0x1c ./src/Ethernet/wizchip_conf.o
                0x080131d8                wizchip_getinterruptmask
 .text.wizphy_getphylink
                0x080131f4       0x10 ./src/Ethernet/wizchip_conf.o
                0x080131f4                wizphy_getphylink
 .text.wizphy_getphypmode
                0x08013204       0x18 ./src/Ethernet/wizchip_conf.o
                0x08013204                wizphy_getphypmode
 .text.wizphy_reset
                0x0801321c       0x30 ./src/Ethernet/wizchip_conf.o
                0x0801321c                wizphy_reset
 .text.wizphy_setphyconf
                0x0801324c       0x48 ./src/Ethernet/wizchip_conf.o
                0x0801324c                wizphy_setphyconf
 .text.wizphy_getphyconf
                0x08013294       0x58 ./src/Ethernet/wizchip_conf.o
                0x08013294                wizphy_getphyconf
 .text.wizphy_setphypmode
                0x080132ec       0x54 ./src/Ethernet/wizchip_conf.o
                0x080132ec                wizphy_setphypmode
 .text.ctlwizchip
                0x08013340      0x118 ./src/Ethernet/wizchip_conf.o
                0x08013340                ctlwizchip
 .text.wizchip_setnetinfo
                0x08013458       0x5c ./src/Ethernet/wizchip_conf.o
                0x08013458                wizchip_setnetinfo
 .text.wizchip_getnetinfo
                0x080134b4       0x5c ./src/Ethernet/wizchip_conf.o
                0x080134b4                wizchip_getnetinfo
 .text.wizchip_setnetmode
                0x08013510       0x28 ./src/Ethernet/wizchip_conf.o
                0x08013510                wizchip_setnetmode
 .text.wizchip_getnetmode
                0x08013538        0xc ./src/Ethernet/wizchip_conf.o
                0x08013538                wizchip_getnetmode
 .text.wizchip_settimeout
                0x08013544       0x28 ./src/Ethernet/wizchip_conf.o
                0x08013544                wizchip_settimeout
 .text.wizchip_gettimeout
                0x0801356c       0x28 ./src/Ethernet/wizchip_conf.o
                0x0801356c                wizchip_gettimeout
 .text.ctlnetwork
                0x08013594       0x54 ./src/Ethernet/wizchip_conf.o
                0x08013594                ctlnetwork
 .text.get_S2E_Packet_pointer
                0x080135e8        0x8 ./src/Configuration/ConfigData.o
                0x080135e8                get_S2E_Packet_pointer
 .text.set_S2E_Packet_to_factory_value
                0x080135f0      0x100 ./src/Configuration/ConfigData.o
                0x080135f0                set_S2E_Packet_to_factory_value
 .text.load_S2E_Packet_from_storage
                0x080136f0       0x3c ./src/Configuration/ConfigData.o
                0x080136f0                load_S2E_Packet_from_storage
 .text.save_S2E_Packet_to_storage
                0x0801372c       0x14 ./src/Configuration/ConfigData.o
                0x0801372c                save_S2E_Packet_to_storage
 .text.get_S2E_Packet_value
                0x08013740        0x8 ./src/Configuration/ConfigData.o
                0x08013740                get_S2E_Packet_value
 .text.set_S2E_Packet_value
                0x08013748        0x8 ./src/Configuration/ConfigData.o
                0x08013748                set_S2E_Packet_value
 .text.set_S2E_Packet
                0x08013750       0x60 ./src/Configuration/ConfigData.o
                0x08013750                set_S2E_Packet
 .text.get_S2E_Packet
                0x080137b0       0x5c ./src/Configuration/ConfigData.o
                0x080137b0                get_S2E_Packet
 .text.display_Net_Info
                0x0801380c       0xa8 ./src/Configuration/ConfigData.o
                0x0801380c                display_Net_Info
 .text.Net_Conf
                0x080138b4       0x70 ./src/Configuration/ConfigData.o
                0x080138b4                Net_Conf
 .text.set_mac  0x08013924       0x18 ./src/Configuration/ConfigData.o
                0x08013924                set_mac
 .text.NVIC_SystemReset
                0x0801393c       0x20 ./src/Configuration/ConfigMessage.o
 .text.encrypt  0x0801395c       0x1c ./src/Configuration/ConfigMessage.o
 .text.decrypt  0x08013978       0x1c ./src/Configuration/ConfigMessage.o
 .text.process_get_info
                0x08013994       0xe0 ./src/Configuration/ConfigMessage.o
 .text.process_discovery
                0x08013a74      0x22c ./src/Configuration/ConfigMessage.o
 .text.process_remote_reset
                0x08013ca0       0xe8 ./src/Configuration/ConfigMessage.o
 .text.process_set_info
                0x08013d88      0x110 ./src/Configuration/ConfigMessage.o
 .text.process_firmware_upload_init
                0x08013e98      0x1a0 ./src/Configuration/ConfigMessage.o
 .text.process_factory_reset
                0x08014038       0xf0 ./src/Configuration/ConfigMessage.o
 .text.do_udp_config
                0x08014128       0xd0 ./src/Configuration/ConfigMessage.o
                0x08014128                do_udp_config
 .text.ip_check
                0x080141f8       0x8c ./src/ATcmd/library/sockutil.o
                0x080141f8                ip_check
 .text.mac_check
                0x08014284       0x80 ./src/ATcmd/library/sockutil.o
                0x08014284                mac_check
 .text.digit_length
                0x08014304       0x34 ./src/ATcmd/library/util.o
                0x08014304                digit_length
 .text.str_check
                0x08014338       0x38 ./src/ATcmd/library/util.o
                0x08014338                str_check
 .text.strsep_ex
                0x08014370       0x3c ./src/ATcmd/library/util.o
                0x08014370                strsep_ex
 .text.cmd_set_prev
                0x080143ac      0x180 ./src/ATcmd/atcmd.o
 .text.cmd_divide
                0x0801452c      0x388 ./src/ATcmd/atcmd.o
 .text.atc_init
                0x080148b4       0x58 ./src/ATcmd/atcmd.o
                0x080148b4                atc_init
 .text.cmd_resp
                0x0801490c      0x488 ./src/ATcmd/atcmd.o
                0x0801490c                cmd_resp
 .text.hdl_fioval
                0x08014d94      0x230 ./src/ATcmd/atcmd.o
 .text.hdl_fiodir
                0x08014fc4      0x230 ./src/ATcmd/atcmd.o
 .text.hdl_mrst
                0x080151f4       0x64 ./src/ATcmd/atcmd.o
 .text.hdl_msave
                0x08015258       0x60 ./src/ATcmd/atcmd.o
 .text.hdl_musart2
                0x080152b8      0xa38 ./src/ATcmd/atcmd.o
 .text.hdl_musart1
                0x08015cf0      0xa38 ./src/ATcmd/atcmd.o
 .text.hdl_mstat
                0x08016728      0x168 ./src/ATcmd/atcmd.o
 .text.hdl_nmac
                0x08016890      0x1ac ./src/ATcmd/atcmd.o
 .text.hdl_nstat
                0x08016a3c      0x16c ./src/ATcmd/atcmd.o
 .text.hdl_nset
                0x08016ba8      0x63c ./src/ATcmd/atcmd.o
 .text.cmd_assign
                0x080171e4       0x64 ./src/ATcmd/atcmd.o
 .text.atc_run  0x08017248      0x124 ./src/ATcmd/atcmd.o
                0x08017248                atc_run
 .text.act_nset_q
                0x0801736c      0x1c4 ./src/ATcmd/cmdrun.o
                0x0801736c                act_nset_q
 .text.act_nset_a
                0x08017530       0xb0 ./src/ATcmd/cmdrun.o
                0x08017530                act_nset_a
 .text.act_nstat
                0x080175e0      0x1c4 ./src/ATcmd/cmdrun.o
                0x080175e0                act_nstat
 .text.act_nmac_q
                0x080177a4       0x60 ./src/ATcmd/cmdrun.o
                0x080177a4                act_nmac_q
 .text.act_nmac_a
                0x08017804       0x4c ./src/ATcmd/cmdrun.o
                0x08017804                act_nmac_a
 .text.act_mstat
                0x08017850       0x34 ./src/ATcmd/cmdrun.o
                0x08017850                act_mstat
 .text.act_uart_q
                0x08017884      0x110 ./src/ATcmd/cmdrun.o
                0x08017884                act_uart_q
 .text.act_uart_a
                0x08017994       0x2c ./src/ATcmd/cmdrun.o
                0x08017994                act_uart_a
 .text.act_msave
                0x080179c0       0x20 ./src/ATcmd/cmdrun.o
                0x080179c0                act_msave
 .text.act_fiodir
                0x080179e0       0x48 ./src/ATcmd/cmdrun.o
                0x080179e0                act_fiodir
 .text.act_fioval
                0x08017a28       0x64 ./src/ATcmd/cmdrun.o
                0x08017a28                act_fioval
 .text.NVIC_SystemReset
                0x08017a8c       0x20 ./src/main.o
 .text.display_SDcard_Info
                0x08017aac       0xa0 ./src/main.o
 .text.main     0x08017b4c      0x1ec ./src/main.o
                0x08017b4c                main
 .text.NMI_Handler
                0x08017d38        0x4 ./src/stm32f10x_it.o
                0x08017d38                NMI_Handler
 .text.HardFault_Handler
                0x08017d3c        0x4 ./src/stm32f10x_it.o
                0x08017d3c                HardFault_Handler
 .text.MemManage_Handler
                0x08017d40        0x4 ./src/stm32f10x_it.o
                0x08017d40                MemManage_Handler
 .text.BusFault_Handler
                0x08017d44        0x4 ./src/stm32f10x_it.o
                0x08017d44                BusFault_Handler
 .text.UsageFault_Handler
                0x08017d48        0x4 ./src/stm32f10x_it.o
                0x08017d48                UsageFault_Handler
 .text.SVC_Handler
                0x08017d4c        0x4 ./src/stm32f10x_it.o
                0x08017d4c                SVC_Handler
 .text.DebugMon_Handler
                0x08017d50        0x4 ./src/stm32f10x_it.o
                0x08017d50                DebugMon_Handler
 .text.PendSV_Handler
                0x08017d54        0x4 ./src/stm32f10x_it.o
                0x08017d54                PendSV_Handler
 .text.SysTick_Handler
                0x08017d58        0x4 ./src/stm32f10x_it.o
                0x08017d58                SysTick_Handler
 .text.atoi     0x08017d5c        0x8 c:/program files (x86)/gnu tools arm embedded/4.8 2014q1/bin/../lib/gcc/arm-none-eabi/4.8.3/../../../../arm-none-eabi/lib/armv7-m\libg_s.a(lib_a-atoi.o)
                0x08017d5c                atoi
 .text.__errno  0x08017d64        0xc c:/program files (x86)/gnu tools arm embedded/4.8 2014q1/bin/../lib/gcc/arm-none-eabi/4.8.3/../../../../arm-none-eabi/lib/armv7-m\libg_s.a(lib_a-errno.o)
                0x08017d64                __errno
 .text.isalpha  0x08017d70       0x14 c:/program files (x86)/gnu tools arm embedded/4.8 2014q1/bin/../lib/gcc/arm-none-eabi/4.8.3/../../../../arm-none-eabi/lib/armv7-m\libg_s.a(lib_a-isalpha.o)
                0x08017d70                isalpha
 .text.isdigit  0x08017d84       0x14 c:/program files (x86)/gnu tools arm embedded/4.8 2014q1/bin/../lib/gcc/arm-none-eabi/4.8.3/../../../../arm-none-eabi/lib/armv7-m\libg_s.a(lib_a-isdigit.o)
                0x08017d84                isdigit
 .text.isxdigit
                0x08017d98       0x14 c:/program files (x86)/gnu tools arm embedded/4.8 2014q1/bin/../lib/gcc/arm-none-eabi/4.8.3/../../../../arm-none-eabi/lib/armv7-m\libg_s.a(lib_a-isxdigit.o)
                0x08017d98                isxdigit
 .text.malloc   0x08017dac       0x10 c:/program files (x86)/gnu tools arm embedded/4.8 2014q1/bin/../lib/gcc/arm-none-eabi/4.8.3/../../../../arm-none-eabi/lib/armv7-m\libg_s.a(lib_a-malloc.o)
                0x08017dac                malloc
 .text.free     0x08017dbc       0x10 c:/program files (x86)/gnu tools arm embedded/4.8 2014q1/bin/../lib/gcc/arm-none-eabi/4.8.3/../../../../arm-none-eabi/lib/armv7-m\libg_s.a(lib_a-malloc.o)
                0x08017dbc                free
 .text.memcmp   0x08017dcc       0x1e c:/program files (x86)/gnu tools arm embedded/4.8 2014q1/bin/../lib/gcc/arm-none-eabi/4.8.3/../../../../arm-none-eabi/lib/armv7-m\libg_s.a(lib_a-memcmp.o)
                0x08017dcc                memcmp
 .text.memcpy   0x08017dea       0x12 c:/program files (x86)/gnu tools arm embedded/4.8 2014q1/bin/../lib/gcc/arm-none-eabi/4.8.3/../../../../arm-none-eabi/lib/armv7-m\libg_s.a(lib_a-memcpy-stub.o)
                0x08017dea                memcpy
 .text.memset   0x08017dfc       0x10 c:/program files (x86)/gnu tools arm embedded/4.8 2014q1/bin/../lib/gcc/arm-none-eabi/4.8.3/../../../../arm-none-eabi/lib/armv7-m\libg_s.a(lib_a-memset.o)
                0x08017dfc                memset
 .text._free_r  0x08017e0c       0x88 c:/program files (x86)/gnu tools arm embedded/4.8 2014q1/bin/../lib/gcc/arm-none-eabi/4.8.3/../../../../arm-none-eabi/lib/armv7-m\libg_s.a(lib_a-nano-freer.o)
                0x08017e0c                _free_r
 .text._malloc_r
                0x08017e94       0xa8 c:/program files (x86)/gnu tools arm embedded/4.8 2014q1/bin/../lib/gcc/arm-none-eabi/4.8.3/../../../../arm-none-eabi/lib/armv7-m\libg_s.a(lib_a-nano-mallocr.o)
                0x08017e94                _malloc_r
 .text.printf   0x08017f3c       0x30 c:/program files (x86)/gnu tools arm embedded/4.8 2014q1/bin/../lib/gcc/arm-none-eabi/4.8.3/../../../../arm-none-eabi/lib/armv7-m\libg_s.a(lib_a-printf.o)
                0x08017f3c                iprintf
                0x08017f3c                printf
 .text._puts_r  0x08017f6c       0xc0 c:/program files (x86)/gnu tools arm embedded/4.8 2014q1/bin/../lib/gcc/arm-none-eabi/4.8.3/../../../../arm-none-eabi/lib/armv7-m\libg_s.a(lib_a-puts.o)
                0x08017f6c                _puts_r
 .text.puts     0x0801802c       0x10 c:/program files (x86)/gnu tools arm embedded/4.8 2014q1/bin/../lib/gcc/arm-none-eabi/4.8.3/../../../../arm-none-eabi/lib/armv7-m\libg_s.a(lib_a-puts.o)
                0x0801802c                puts
 .text._sbrk_r  0x0801803c       0x20 c:/program files (x86)/gnu tools arm embedded/4.8 2014q1/bin/../lib/gcc/arm-none-eabi/4.8.3/../../../../arm-none-eabi/lib/armv7-m\libg_s.a(lib_a-sbrkr.o)
                0x0801803c                _sbrk_r
 .text.sprintf  0x0801805c       0x48 c:/program files (x86)/gnu tools arm embedded/4.8 2014q1/bin/../lib/gcc/arm-none-eabi/4.8.3/../../../../arm-none-eabi/lib/armv7-m\libg_s.a(lib_a-sprintf.o)
                0x0801805c                siprintf
                0x0801805c                sprintf
 .text.strcat   0x080180a4       0x1a c:/program files (x86)/gnu tools arm embedded/4.8 2014q1/bin/../lib/gcc/arm-none-eabi/4.8.3/../../../../arm-none-eabi/lib/armv7-m\libg_s.a(lib_a-strcat.o)
                0x080180a4                strcat
 .text.strchr   0x080180be       0x1a c:/program files (x86)/gnu tools arm embedded/4.8 2014q1/bin/../lib/gcc/arm-none-eabi/4.8.3/../../../../arm-none-eabi/lib/armv7-m\libg_s.a(lib_a-strchr.o)
                0x080180be                strchr
 .text          0x080180d8       0x14 c:/program files (x86)/gnu tools arm embedded/4.8 2014q1/bin/../lib/gcc/arm-none-eabi/4.8.3/../../../../arm-none-eabi/lib/armv7-m\libg_s.a(lib_a-strcmp.o)
                0x080180d8                strcmp
 .text.strcpy   0x080180ec       0x10 c:/program files (x86)/gnu tools arm embedded/4.8 2014q1/bin/../lib/gcc/arm-none-eabi/4.8.3/../../../../arm-none-eabi/lib/armv7-m\libg_s.a(lib_a-strcpy.o)
                0x080180ec                strcpy
 .text.strlen   0x080180fc       0x10 c:/program files (x86)/gnu tools arm embedded/4.8 2014q1/bin/../lib/gcc/arm-none-eabi/4.8.3/../../../../arm-none-eabi/lib/armv7-m\libg_s.a(lib_a-strlen.o)
                0x080180fc                strlen
 .text.strncmp  0x0801810c       0x2c c:/program files (x86)/gnu tools arm embedded/4.8 2014q1/bin/../lib/gcc/arm-none-eabi/4.8.3/../../../../arm-none-eabi/lib/armv7-m\libg_s.a(lib_a-strncmp.o)
                0x0801810c                strncmp
 .text.strncpy  0x08018138       0x24 c:/program files (x86)/gnu tools arm embedded/4.8 2014q1/bin/../lib/gcc/arm-none-eabi/4.8.3/../../../../arm-none-eabi/lib/armv7-m\libg_s.a(lib_a-strncpy.o)
                0x08018138                strncpy
 .text.strrchr  0x0801815c       0x26 c:/program files (x86)/gnu tools arm embedded/4.8 2014q1/bin/../lib/gcc/arm-none-eabi/4.8.3/../../../../arm-none-eabi/lib/armv7-m\libg_s.a(lib_a-strrchr.o)
                0x0801815c                strrchr
 .text.strstr   0x08018182       0x32 c:/program files (x86)/gnu tools arm embedded/4.8 2014q1/bin/../lib/gcc/arm-none-eabi/4.8.3/../../../../arm-none-eabi/lib/armv7-m\libg_s.a(lib_a-strstr.o)
                0x08018182                strstr
 .text.strtok   0x080181b4       0x64 c:/program files (x86)/gnu tools arm embedded/4.8 2014q1/bin/../lib/gcc/arm-none-eabi/4.8.3/../../../../arm-none-eabi/lib/armv7-m\libg_s.a(lib_a-strtok.o)
                0x080181b4                strtok
 .text.__strtok_r
                0x08018218       0x56 c:/program files (x86)/gnu tools arm embedded/4.8 2014q1/bin/../lib/gcc/arm-none-eabi/4.8.3/../../../../arm-none-eabi/lib/armv7-m\libg_s.a(lib_a-strtok_r.o)
                0x08018218                __strtok_r
 *fill*         0x0801826e        0x2 
 .text._strtol_r
                0x08018270      0x104 c:/program files (x86)/gnu tools arm embedded/4.8 2014q1/bin/../lib/gcc/arm-none-eabi/4.8.3/../../../../arm-none-eabi/lib/armv7-m\libg_s.a(lib_a-strtol.o)
                0x08018270                _strtol_r
 .text.strtol   0x08018374       0x1c c:/program files (x86)/gnu tools arm embedded/4.8 2014q1/bin/../lib/gcc/arm-none-eabi/4.8.3/../../../../arm-none-eabi/lib/armv7-m\libg_s.a(lib_a-strtol.o)
                0x08018374                strtol
 .text.__ssputs_r
                0x08018390       0xb8 c:/program files (x86)/gnu tools arm embedded/4.8 2014q1/bin/../lib/gcc/arm-none-eabi/4.8.3/../../../../arm-none-eabi/lib/armv7-m\libg_s.a(lib_a-svfprintf.o)
                0x08018390                __ssputs_r
 .text._svfprintf_r
                0x08018448      0x1d8 c:/program files (x86)/gnu tools arm embedded/4.8 2014q1/bin/../lib/gcc/arm-none-eabi/4.8.3/../../../../arm-none-eabi/lib/armv7-m\libg_s.a(lib_a-svfprintf.o)
                0x08018448                _svfiprintf_r
                0x08018448                _svfprintf_r
 .text.__sfputc_r
                0x08018620       0x2c c:/program files (x86)/gnu tools arm embedded/4.8 2014q1/bin/../lib/gcc/arm-none-eabi/4.8.3/../../../../arm-none-eabi/lib/armv7-m\libg_s.a(lib_a-vfprintf.o)
 .text.__sfputs_r
                0x0801864c       0x24 c:/program files (x86)/gnu tools arm embedded/4.8 2014q1/bin/../lib/gcc/arm-none-eabi/4.8.3/../../../../arm-none-eabi/lib/armv7-m\libg_s.a(lib_a-vfprintf.o)
                0x0801864c                __sfputs_r
 .text._vfprintf_r
                0x08018670      0x208 c:/program files (x86)/gnu tools arm embedded/4.8 2014q1/bin/../lib/gcc/arm-none-eabi/4.8.3/../../../../arm-none-eabi/lib/armv7-m\libg_s.a(lib_a-vfprintf.o)
                0x08018670                _vfprintf_r
                0x08018670                _vfiprintf_r
 .text._printf_common
                0x08018878       0xe4 c:/program files (x86)/gnu tools arm embedded/4.8 2014q1/bin/../lib/gcc/arm-none-eabi/4.8.3/../../../../arm-none-eabi/lib/armv7-m\libg_s.a(lib_a-vfprintf_i.o)
                0x08018878                _printf_common
 .text._printf_i
                0x0801895c      0x228 c:/program files (x86)/gnu tools arm embedded/4.8 2014q1/bin/../lib/gcc/arm-none-eabi/4.8.3/../../../../arm-none-eabi/lib/armv7-m\libg_s.a(lib_a-vfprintf_i.o)
                0x0801895c                _printf_i
 .text._vsnprintf_r
                0x08018b84       0x52 c:/program files (x86)/gnu tools arm embedded/4.8 2014q1/bin/../lib/gcc/arm-none-eabi/4.8.3/../../../../arm-none-eabi/lib/armv7-m\libg_s.a(lib_a-vsnprintf.o)
                0x08018b84                _vsniprintf_r
                0x08018b84                _vsnprintf_r
 *fill*         0x08018bd6        0x2 
 .text.vsnprintf
                0x08018bd8       0x20 c:/program files (x86)/gnu tools arm embedded/4.8 2014q1/bin/../lib/gcc/arm-none-eabi/4.8.3/../../../../arm-none-eabi/lib/armv7-m\libg_s.a(lib_a-vsnprintf.o)
                0x08018bd8                vsniprintf
                0x08018bd8                vsnprintf
 .text.__swbuf_r
                0x08018bf8       0xa8 c:/program files (x86)/gnu tools arm embedded/4.8 2014q1/bin/../lib/gcc/arm-none-eabi/4.8.3/../../../../arm-none-eabi/lib/armv7-m\libg_s.a(lib_a-wbuf.o)
                0x08018bf8                __swbuf_r
 .text.__swsetup_r
                0x08018ca0       0xdc c:/program files (x86)/gnu tools arm embedded/4.8 2014q1/bin/../lib/gcc/arm-none-eabi/4.8.3/../../../../arm-none-eabi/lib/armv7-m\libg_s.a(lib_a-wsetup.o)
                0x08018ca0                __swsetup_r
 .text.__sflush_r
                0x08018d7c      0x106 c:/program files (x86)/gnu tools arm embedded/4.8 2014q1/bin/../lib/gcc/arm-none-eabi/4.8.3/../../../../arm-none-eabi/lib/armv7-m\libg_s.a(lib_a-fflush.o)
                0x08018d7c                __sflush_r
 *fill*         0x08018e82        0x2 
 .text._fflush_r
                0x08018e84       0x54 c:/program files (x86)/gnu tools arm embedded/4.8 2014q1/bin/../lib/gcc/arm-none-eabi/4.8.3/../../../../arm-none-eabi/lib/armv7-m\libg_s.a(lib_a-fflush.o)
                0x08018e84                _fflush_r
 .text._cleanup_r
                0x08018ed8       0x32 c:/program files (x86)/gnu tools arm embedded/4.8 2014q1/bin/../lib/gcc/arm-none-eabi/4.8.3/../../../../arm-none-eabi/lib/armv7-m\libg_s.a(lib_a-findfp.o)
                0x08018ed8                _cleanup_r
 *fill*         0x08018f0a        0x2 
 .text.std.isra.0
                0x08018f0c       0x48 c:/program files (x86)/gnu tools arm embedded/4.8 2014q1/bin/../lib/gcc/arm-none-eabi/4.8.3/../../../../arm-none-eabi/lib/armv7-m\libg_s.a(lib_a-findfp.o)
 .text.__sfmoreglue
                0x08018f54       0x2c c:/program files (x86)/gnu tools arm embedded/4.8 2014q1/bin/../lib/gcc/arm-none-eabi/4.8.3/../../../../arm-none-eabi/lib/armv7-m\libg_s.a(lib_a-findfp.o)
                0x08018f54                __sfmoreglue
 .text.__sinit  0x08018f80       0x60 c:/program files (x86)/gnu tools arm embedded/4.8 2014q1/bin/../lib/gcc/arm-none-eabi/4.8.3/../../../../arm-none-eabi/lib/armv7-m\libg_s.a(lib_a-findfp.o)
                0x08018f80                __sinit
 .text.__sfp    0x08018fe0       0x74 c:/program files (x86)/gnu tools arm embedded/4.8 2014q1/bin/../lib/gcc/arm-none-eabi/4.8.3/../../../../arm-none-eabi/lib/armv7-m\libg_s.a(lib_a-findfp.o)
                0x08018fe0                __sfp
 .text.__smakebuf_r
                0x08019054       0x98 c:/program files (x86)/gnu tools arm embedded/4.8 2014q1/bin/../lib/gcc/arm-none-eabi/4.8.3/../../../../arm-none-eabi/lib/armv7-m\libg_s.a(lib_a-makebuf.o)
                0x08019054                __smakebuf_r
 .text.memchr   0x080190ec       0x1c c:/program files (x86)/gnu tools arm embedded/4.8 2014q1/bin/../lib/gcc/arm-none-eabi/4.8.3/../../../../arm-none-eabi/lib/armv7-m\libg_s.a(lib_a-memchr-stub.o)
                0x080190ec                memchr
 .text.memmove  0x08019108       0x36 c:/program files (x86)/gnu tools arm embedded/4.8 2014q1/bin/../lib/gcc/arm-none-eabi/4.8.3/../../../../arm-none-eabi/lib/armv7-m\libg_s.a(lib_a-memmove.o)
                0x08019108                memmove
 .text._realloc_r
                0x0801913e       0x4c c:/program files (x86)/gnu tools arm embedded/4.8 2014q1/bin/../lib/gcc/arm-none-eabi/4.8.3/../../../../arm-none-eabi/lib/armv7-m\libg_s.a(lib_a-nano-reallocr.o)
                0x0801913e                _realloc_r
 .text.__sread  0x0801918a       0x22 c:/program files (x86)/gnu tools arm embedded/4.8 2014q1/bin/../lib/gcc/arm-none-eabi/4.8.3/../../../../arm-none-eabi/lib/armv7-m\libg_s.a(lib_a-stdio.o)
                0x0801918a                __sread
 .text.__swrite
                0x080191ac       0x38 c:/program files (x86)/gnu tools arm embedded/4.8 2014q1/bin/../lib/gcc/arm-none-eabi/4.8.3/../../../../arm-none-eabi/lib/armv7-m\libg_s.a(lib_a-stdio.o)
                0x080191ac                __swrite
 .text.__sseek  0x080191e4       0x24 c:/program files (x86)/gnu tools arm embedded/4.8 2014q1/bin/../lib/gcc/arm-none-eabi/4.8.3/../../../../arm-none-eabi/lib/armv7-m\libg_s.a(lib_a-stdio.o)
                0x080191e4                __sseek
 .text.__sclose
                0x08019208        0x8 c:/program files (x86)/gnu tools arm embedded/4.8 2014q1/bin/../lib/gcc/arm-none-eabi/4.8.3/../../../../arm-none-eabi/lib/armv7-m\libg_s.a(lib_a-stdio.o)
                0x08019208                __sclose
 .text._write_r
                0x08019210       0x24 c:/program files (x86)/gnu tools arm embedded/4.8 2014q1/bin/../lib/gcc/arm-none-eabi/4.8.3/../../../../arm-none-eabi/lib/armv7-m\libg_s.a(lib_a-writer.o)
                0x08019210                _write_r
 .text._close_r
                0x08019234       0x20 c:/program files (x86)/gnu tools arm embedded/4.8 2014q1/bin/../lib/gcc/arm-none-eabi/4.8.3/../../../../arm-none-eabi/lib/armv7-m\libg_s.a(lib_a-closer.o)
                0x08019234                _close_r
 .text._fstat_r
                0x08019254       0x24 c:/program files (x86)/gnu tools arm embedded/4.8 2014q1/bin/../lib/gcc/arm-none-eabi/4.8.3/../../../../arm-none-eabi/lib/armv7-m\libg_s.a(lib_a-fstatr.o)
                0x08019254                _fstat_r
 .text._isatty_r
                0x08019278       0x20 c:/program files (x86)/gnu tools arm embedded/4.8 2014q1/bin/../lib/gcc/arm-none-eabi/4.8.3/../../../../arm-none-eabi/lib/armv7-m\libg_s.a(lib_a-isattyr.o)
                0x08019278                _isatty_r
 .text._lseek_r
                0x08019298       0x24 c:/program files (x86)/gnu tools arm embedded/4.8 2014q1/bin/../lib/gcc/arm-none-eabi/4.8.3/../../../../arm-none-eabi/lib/armv7-m\libg_s.a(lib_a-lseekr.o)
                0x08019298                _lseek_r
 .text._malloc_usable_size_r
                0x080192bc       0x12 c:/program files (x86)/gnu tools arm embedded/4.8 2014q1/bin/../lib/gcc/arm-none-eabi/4.8.3/../../../../arm-none-eabi/lib/armv7-m\libg_s.a(lib_a-nano-msizer.o)
                0x080192bc                _malloc_usable_size_r
 *fill*         0x080192ce        0x2 
 .text._read_r  0x080192d0       0x24 c:/program files (x86)/gnu tools arm embedded/4.8 2014q1/bin/../lib/gcc/arm-none-eabi/4.8.3/../../../../arm-none-eabi/lib/armv7-m\libg_s.a(lib_a-readr.o)
                0x080192d0                _read_r
 *(.rodata .rodata.*)
 .rodata.str1.4
                0x080192f4       0x27 ./system/src/stm32f1-stdperiph/misc.o
                                 0x28 (size before relaxing)
 *fill*         0x0801931b        0x1 
 .rodata.str1.4
                0x0801931c       0x30 ./system/src/stm32f1-stdperiph/stm32f10x_adc.o
 .rodata.str1.4
                0x0801934c       0x30 ./system/src/stm32f1-stdperiph/stm32f10x_dma.o
 .rodata.str1.4
                0x0801937c       0x32 ./system/src/stm32f1-stdperiph/stm32f10x_flash.o
                                 0x34 (size before relaxing)
 *fill*         0x080193ae        0x2 
 .rodata.str1.4
                0x080193b0       0x31 ./system/src/stm32f1-stdperiph/stm32f10x_gpio.o
                                 0x34 (size before relaxing)
 *fill*         0x080193e1        0x3 
 .rodata.str1.4
                0x080193e4       0x30 ./system/src/stm32f1-stdperiph/stm32f10x_i2c.o
 .rodata.str1.4
                0x08019414       0x31 ./system/src/stm32f1-stdperiph/stm32f10x_iwdg.o
                                 0x34 (size before relaxing)
 *fill*         0x08019445        0x3 
 .rodata.str1.4
                0x08019448       0x30 ./system/src/stm32f1-stdperiph/stm32f10x_rcc.o
 .rodata.str1.4
                0x08019478       0x30 ./system/src/stm32f1-stdperiph/stm32f10x_spi.o
 .rodata.str1.4
                0x080194a8       0x30 ./system/src/stm32f1-stdperiph/stm32f10x_tim.o
 .rodata.str1.4
                0x080194d8       0x32 ./system/src/stm32f1-stdperiph/stm32f10x_usart.o
                                 0x34 (size before relaxing)
 *fill*         0x0801950a        0x2 
 .rodata.str1.4
                0x0801950c       0x14 ./system/src/newlib/_exit.o
 .rodata.str1.4
                0x08019520       0x6b ./system/src/newlib/assert.o
                                 0x70 (size before relaxing)
 *fill*         0x0801958b        0x1 
 .rodata.str1.4
                0x0801958c       0x29 ./system/src/diag/Trace.o
                                 0x30 (size before relaxing)
 *fill*         0x080195b5        0x3 
 .rodata.GPIO_CLK
                0x080195b8        0x8 ./src/util/boardutil.o
                0x080195b8                GPIO_CLK
 .rodata.GPIO_PIN
                0x080195c0        0x4 ./src/util/boardutil.o
                0x080195c0                GPIO_PIN
 .rodata.str1.4
                0x080195c4       0x77 ./src/util/boardutil.o
                                 0x78 (size before relaxing)
 *fill*         0x0801963b        0x1 
 .rodata.vst.4880
                0x0801963c       0x18 ./src/PlatformHandler/FatFs/ff.o
 .rodata.str1.4
                0x08019654       0xd8 ./src/PlatformHandler/FatFs/ff.o
                                 0xdc (size before relaxing)
 .rodata.LfnOfs
                0x0801972c       0x10 ./src/PlatformHandler/FatFs/ff.o
 .rodata.cst.4881
                0x0801973c       0x18 ./src/PlatformHandler/FatFs/ff.o
 .rodata.Tbl    0x08019754      0x100 ./src/PlatformHandler/FatFs/ff_lfn_required.o
 .rodata.IO_CLK
                0x08019854       0x40 ./src/PlatformHandler/gpioHandler.o
                0x08019854                IO_CLK
 .rodata.IO_PIN
                0x08019894       0x20 ./src/PlatformHandler/gpioHandler.o
                0x08019894                IO_PIN
 .rodata.str1.4
                0x080198b4        0x7 ./src/PlatformHandler/mmcHandler.o
                                  0x8 (size before relaxing)
 *fill*         0x080198bb        0x1 
 .rodata.str1.4
                0x080198bc       0x19 ./src/PlatformHandler/ring_buffer.o
                                 0x1c (size before relaxing)
 *fill*         0x080198d5        0x3 
 .rodata        0x080198d8       0x10 ./src/PlatformHandler/spiHandler.o
 .rodata.str1.4
                0x080198e8       0x1b ./src/PlatformHandler/spiHandler.o
                                 0x1c (size before relaxing)
 *fill*         0x08019903        0x1 
 .rodata.str1.4
                0x08019904     0x1415 ./src/PlatformHandler/userHandler.o
                               0x141c (size before relaxing)
 *fill*         0x0801ad19        0x3 